  Determining projects to restore...
  All projects are up-to-date for restore.
  PoE2_MarketFilter -> d:\Gemini\PoE2_MarketFilter\bin\Debug\net9.0-windows\PoE2_MarketFilter.dll
  PoE2_MarketFilter.Tests -> d:\Gemini\PoE2_MarketFilter.Tests\bin\Debug\net9.0-windows\PoE2_MarketFilter.Tests.dll
Test run for d:\Gemini\PoE2_MarketFilter.Tests\bin\Debug\net9.0-windows\PoE2_MarketFilter.Tests.dll (.NETCoreApp,Version=v9.0)
VSTest version 17.14.1 (x64)

Starting test execution, please wait...
A total of 1 test files matched the specified pattern.
  Failed PoE2_MarketFilter.Tests.PoE2ServicesTests.ClientLogMonitor_DetectsZoneTransition_FiresEvent [7 ms]
  Error Message:
   System.IO.IOException : The process cannot access the file 'C:\Users\jljmc\AppData\Local\Temp\tmprtlemg.tmp' because it is being used by another process.
  Stack Trace:
     at System.IO.FileSystem.DeleteFile(String fullPath)
   at PoE2_MarketFilter.Tests.PoE2ServicesTests.ClientLogMonitor_DetectsZoneTransition_FiresEvent() in d:\Gemini\PoE2_MarketFilter.Tests\UnitTest1.cs:line 144
   at PoE2_MarketFilter.Tests.PoE2ServicesTests.ClientLogMonitor_DetectsZoneTransition_FiresEvent()
   at System.RuntimeMethodHandle.InvokeMethod(Object target, Void** arguments, Signature sig, Boolean isConstructor)
   at System.Reflection.MethodBaseInvoker.InvokeWithNoArgs(Object obj, BindingFlags invokeAttr)
  Failed PoE2_MarketFilter.Tests.LevelingSimulationTest.Run_LevelingSimulation_From_1_To_50 [31 ms]
  Error Message:
   Expected gem 'Player Default 1 H Mace' was not found in filter content. Full content:
# ==========================================================================
# PATH OF EXILE 2 DYNAMIC ECONOMY & BUILD FILTER
# Generated on: 14/06/2026 3:05:37 AM
# Current Player Level: 1
# Generated by: PoE2 Market Filter Overlay
# ==========================================================================

# --------------------------------------------------
# BUILD HIGHLIGHTS: Early - [0.5] Unlimited Hammers - Gemlin (Level 1)
# --------------------------------------------------
# Active Build Unique Items
Show
    Rarity Unique
    BaseType "Chernobog's Pillar" "Constricting Command" "Astramentis" "Polcirkeln" "Lavianga's Spirits" "The Fall of the Axe" "Nascent Hope"
    SetTextColor 255 97 36 255   # Custom PoE2 Orange
    SetBorderColor 255 97 36 255
    SetFontSize 45
    PlayAlertSound 1 300
    MinimapIcon 0 Orange Star
    PlayEffect Orange Temp

# Active Build Skill Gems
Show
    Class "Skill Gems"
    BaseType "Player Default1 H Mace" "Player Default Unarmed" "Ascendancy Virtuous Barrier" "Shield Block" "Summon Beast"
    SetTextColor 255 97 36 255
    SetBorderColor 0 200 255 255 # Teal border
    SetFontSize 40

# --------------------------------------------------
# DYNAMIC ECONOMY HIGHLIGHTS (poe.ninja)
# --------------------------------------------------
# Tier 1 Economy Items
Show
    BaseType "Divine Orb"
    SetTextColor 255 0 0 255       # Red text
    SetBorderColor 255 0 0 255     # Red border
    SetBackgroundColor 255 255 255 255 # White background
    SetFontSize 45
    PlayAlertSound 6 300           # Loud drop alert
    MinimapIcon 0 Red Star
    PlayEffect Red

# Tier 2 Economy Items
Show
    BaseType "Exalted Orb"
    SetTextColor 229 181 96 255     # Gold/Yellow text
    SetBorderColor 229 181 96 255   # Gold border
    SetFontSize 40
    PlayAlertSound 2 300
    MinimapIcon 1 Yellow Star
    PlayEffect Yellow Temp

# --------------------------------------------------
# APPENDED BASE FILTER RULES
# --------------------------------------------------
#===============================================================================================================
# NeverSink's Indepth Loot Filter - for Path of Exile 2
#===============================================================================================================
# VERSION:  0.10.2a.2026.164.13
# TYPE:     2-SEMI-STRICT
# STYLE:    DEFAULT
# AUTHOR:   NeverSink
# BUILDNOTES: Filter generated with NeverSink's FilterpolishZ and the domainlanguage Exo.
#
#------------------------------------
# LINKS TO LATEST VERSION AND FILTER EDITOR
#------------------------------------
#
# CUSTOMIZE THE POE 2 FILTER ON: 	https://www.FilterBlade.xyz?game=Poe2
# GET THE LATEST VERSION ON: 	    https://www.FilterBlade.xyz or https://github.com/NeverSinkDev/NeverSink-Filter-for-PoE2
#
#------------------------------------
# INSTALLATION / UPDATE :
#------------------------------------
#
# 0) It's recommended to check for updates once a month or at least before new leagues, to receive economy finetuning and new features!
# 1) Paste this file into the following folder: %userprofile%/Documents/My Games/Path of Exile 2/
# 2) INGAME: Escape -> Options -> UI -> Scroll down -> Select the filter from the Dropdown box
#
#------------------------------------
# AUTO-UPDATER SERVICE AND SUPPORT THE DEVELOPMENT
#------------------------------------
#
# Patreon supporters get access to the FilterBlade Auto-Updater that combines 100% automated updates with custom styles and your customizations!
# It's a great way to support us and get something in return and it helps us on our journey of making our own company and potentially game. Thank you
# Learn more about the ItemFilter-AutoUpdate feature here: https://www.youtube.com/watch?v=i8RJx0s0zsA
#
# PATREON:               		https://www.patreon.com/Neversink
# OTHER:                        https://www.filterblade.xyz/About
#
#------------------------------------
# CONTACT - if you want to get notifications about updates or just get in touch:
#------------------------------------
# For feedback, questions and suggestions please join our discord!
#
# DISCORD: https://discord.gg/zFEx92a
# TWITTER: @NeverSinkDev
# TWITCH:  https://www.twitch.tv/neversink
# BSKY:    @neversink.bsky.social
# FORUM:   https://www.pathofexile.com/forum/view-thread/3693141

#===============================================================================================================
# [WELCOME] TABLE OF CONTENTS + QUICKJUMP TABLE
#===============================================================================================================
# [[0100]] OVERRIDE AREA 1 - Override ALL rules here
# [[0100]] Gold
# [[0200]] Exotic Bases
# [[0300]] Exceptional Items
#   [0301] Crafting and Chancing Bases
# [[0400]] IDENTIFIED MODS: RECOMBINATOR MODS
# [[0500]] Rare Item Decorators
# [[0600]] Normal, Magic, Rare Hiding Rules
# [[0700]] Economy Crafting Bases
# [[0800]] High Unidentified Mod Tier
# [[0900]] Endgame Flasks
# [[1000]] Endgame Charms
# [[1100]] Normal and Magic Items: Endgame
#   [1101] Normal, Magic Crafting Decorators
#   [1102] Additional High Value Rules
#   [1103] Normal, Magic Crafting: Level 82+
#   [1104] Normal, Magic Crafting: Optional Rules
#   [1105] Normal, Magic Crafting: Endgame Progression
#   [1106] Normal, Magic Crafting: Rings+Amulets
#   [1107] Normal, Magic Crafting: Decorator Removers
#   [1108] Salvagables
# [[1200]] Hide Layer 1 - Normal and Magic Endgame Gear
# [[1300]] Endgame - Conditional Hide Layers
# [[1400]] Endgame - Rare - Jewellery
# [[1500]] Endgame - Rare - Gear
# [[1600]] Untiered Rare Catcher
# [[1700]] Hide Layer 2 - Rare Gear
# [[1800]] New League Unknown Items
# [[1900]] Socketables - Runes and Soul Cores
# [[2000]] Jewels
# [[2100]] Relics
# [[2200]] Gems and Uncut Gems
# [[2300]] Waystones
# [[2400]] Normal Waystone Progression
#   [2401] Generic Decorators
#   [2402] Special Maps
#   [2403] Waystone progression
# [[2500]] Currency - Exceptions - Leveling Currencies
# [[2600]] Currency - Regular Currency Tiering
# [[2700]] Currency - SPECIAL
#   [2701] Distilled Emotions (Delirium)
#   [2702] Catalysts (breach)
#   [2703] Essences
#   [2704] Omen (ritual)
# [[2800]] Misc Map Like
# [[2900]] Uniques
#   [2901] Exceptions #1
#   [2902] Tier 1 and 2 uniques
#   [2903] Multi-Unique bases.
#   [2904] Low tier exceptions
#   [2905] Tier 3 uniques 
#   [2906] Tier 4 uniques
# [[3000]] Splinters, Tablets, Fragments
# [[3100]] Misc Map Items
# [[3200]] Remaining Currency
# [[3300]] Leveling - Salvagable
# [[3400]] Leveling - Hide outdated leveling flasks
# [[3500]] Leveling - Life Mana Flasks
#   [3501] Life flasks
#   [3502] Mana flasks
#   [3503] Charms
# [[3600]] Leveling - Rules
#   [3601] Rares - Decorators
#   [3602] Rares - Universal
#   [3603] Rares - Other
# [[3700]] Leveling - Useful magic and normal items
#   [3701] Decorators
#   [3702] Purpose Picked Items
#   [3703] Conditional Rules
#   [3704] Hide All known Section
#   [3705] Show All unknown Section

#===============================================================================================================
# [[0100]] Gold
#===============================================================================================================
# !! Waypoint c0.start : "Start - Override ALL rules" : "Gold"

Show # %D7 $type->gold $tier->stack3 !gold_pilehuge
	StackSize >= 5000
	BaseType == "Gold"
	SetFontSize 40
	SetTextColor 255 255 255 255
	SetBorderColor 255 255 255 255
	SetBackgroundColor 20 20 0 255
	PlayEffect Orange
	MinimapIcon 1 Yellow Cross

Show # %D6 $type->gold $tier->stack2 !gold_pilelarge
	StackSize >= 2000
	BaseType == "Gold"
	SetTextColor 255 255 255 255
	SetBorderColor 255 255 255 255
	PlayEffect Orange Temp
	MinimapIcon 1 White Cross

Show # %D5 $type->gold $tier->stack1 !gold_pilemedium
	StackSize >= 250
	BaseType == "Gold"
	SetTextColor 255 255 255 255
	SetBorderColor 255 255 255 255

Show # %D6 $type->gold $tier->stackxl1lvl !gold_pilelarge
	StackSize >= 500
	BaseType == "Gold"
	AreaLevel <= 24
	SetTextColor 255 255 255 255
	SetBorderColor 255 255 255 255
	PlayEffect Orange Temp
	MinimapIcon 1 White Cross

Show # %D6 $type->gold $tier->stackxl2lvl !gold_pilelarge
	StackSize >= 1000
	BaseType == "Gold"
	AreaLevel <= 64
	SetTextColor 255 255 255 255
	SetBorderColor 255 255 255 255
	PlayEffect Orange Temp
	MinimapIcon 1 White Cross

Show # %D5 $type->gold $tier->stack1lvl !gold_pilemedium
	StackSize >= 100
	BaseType == "Gold"
	AreaLevel <= 16
	SetTextColor 255 255 255 255
	SetBorderColor 255 255 255 255
	PlayEffect Orange Temp

Show # %D5 $type->gold $tier->stack2lvl !gold_pilemedium
	StackSize >= 250
	BaseType == "Gold"
	AreaLevel <= 34
	SetTextColor 255 255 255 255
	SetBorderColor 255 255 255 255
	PlayEffect Orange Temp

Show # %D5 $type->gold $tier->stack3lvl !gold_pilemedium
	StackSize >= 400
	BaseType == "Gold"
	AreaLevel <= 64
	SetTextColor 255 255 255 255
	SetBorderColor 255 255 255 255
	PlayEffect Orange Temp

Hide # %H3 $type->gold $tier->any !gold_pilesmall
BaseType == "Gold"
SetTextColor 180 180 180
SetBorderColor 0 0 0 255
SetBackgroundColor 20 20 0 180

#===============================================================================================================
# [[0200]] Exotic Bases
#===============================================================================================================
# !! Waypoint c2.exotic.all : "Exotic Items - Breach Rings, Fishing Rods, Quest Items" : "SpecialCases"

# Currently contains mostly undroppable bases

Show # %D9 $type->exoticbases $tier->superexoticbases !exotics_btier
	Rarity Normal Magic Rare
	BaseType == "Aberrant Sledge" "Abyssal Signet" "Ancient Gauntlets" "Ancient Leggings" "Ancient Mail" "Ancient Visor" "Diamond" "Glacial Fortress" "Heartwood Shortbow" "Ornate Ringmail" "Pearlescent Amulet" "Perching Staff" "Primal Markings" "Reflecting Staff" "Runic Fork" "Sacrificial Regalia" "Tenebrous Crown" "Time-Lost Diamond" "Twisted Wand" "Two-Stone Ring" "Venerable Defender" "Veridical Chain" "Warding Quarterstaff"
MinimapIcon 0 Blue Diamond
PlayEffect Blue
PlayAlertSound 3 300
SetBackgroundColor 0 75 30 255
SetBorderColor 0 240 190 255
SetTextColor 219 232 229 255
SetFontSize 42

Show # %D8 $type->exoticbases $tier->kalandrabases !exotics_btier
	Rarity Normal Magic Rare
	BaseType == "Dusk Amulet" "Dusk Ring" "Gloam Amulet" "Gloam Ring" "Penumbra Amulet" "Penumbra Ring" "Tenebrous Amulet" "Tenebrous Ring"
MinimapIcon 0 Blue Diamond
PlayEffect Blue
PlayAlertSound 3 300
SetBackgroundColor 0 75 30 255
SetBorderColor 0 240 190 255
SetTextColor 219 232 229 255
SetFontSize 42

Show # %D8 $type->exoticbases $tier->pseudocrafts1 !exotics_btier
	Rarity Normal Magic Rare
	BaseType == "Absent Amulet" "Grasping Mail" "Refined Breach Ring"
MinimapIcon 0 Blue Diamond
PlayEffect Blue
PlayAlertSound 3 300
SetBackgroundColor 0 75 30 255
SetBorderColor 0 240 190 255
SetTextColor 219 232 229 255
SetFontSize 42

Show # %D8 $type->exoticbases $tier->pseudocrafts2 !exotics_ctier
	Rarity Normal Magic Rare
	BaseType == "Biostatic Ring" "Corona Amulet" "Distorted Amulet" "Forking Belt" "Grasping Ring" "Invoking Belt" "Kinetic Ring" "Lament Amulet" "Mnemonic Ring" "Oneiric Ring" "Portent Amulet" "Sinew Belt" "Stalking Belt" "Twisted Amulet" "Vitalic Ring"
SetBackgroundColor 20 20 0 255
SetBorderColor 255 190 0 255
PlayEffect Blue Temp
PlayAlertSound 3 300
SetTextColor 255 190 0 255
SetFontSize 45

# Currently contains breach rings

Show # %D8 $type->exoticbases $tier->commonexoticbaseshigh !gear_jewelmagic
	ItemLevel >= 82
	Rarity Normal Magic
	BaseType == "Breach Ring"
MinimapIcon 1 Blue Diamond
PlayEffect Blue
PlayAlertSound 2 300
SetBackgroundColor 30 0 70 255
SetBorderColor 0 70 255 255
SetTextColor 0 70 255 255
SetFontSize 45

Show # %D4 $type->exoticbases $tier->commonexoticbases !gear_jewelmagiclow
	Rarity Normal Magic
	BaseType == "Breach Ring"
	SetFontSize 38
	SetTextColor 0 70 255 255
	SetBorderColor 0 70 255 255
	PlayEffect Blue Temp
	MinimapIcon 2 Blue Diamond

# Sanctum keys

Show # $type->questlikeexception $tier->questlike !typebased_quest
	BaseType == "Bronze Key" "Gold Key" "Silver Key"
	SetFontSize 42
	SetTextColor 74 230 58 255
	PlayAlertSound 3 300
	PlayEffect Green
	MinimapIcon 0 Green Pentagon

Show # $type->questlikeexception $tier->questitems !typebased_quest
	Class == "Instance Local Items" "Quest Items"
	SetFontSize 42
	SetTextColor 74 230 58 255
	PlayAlertSound 3 300
	PlayEffect Green
	MinimapIcon 0 Green Pentagon

Show # $type->artifact $tier->fishingrod !exotics_artifact
	Rarity Normal Magic Rare
	Class == "Fishing Rods"
	SetFontSize 40
	SetTextColor 240 0 0 255
	SetBorderColor 240 0 0 255
	SetBackgroundColor 20 20 0 255
	PlayAlertSound 3 300
	PlayEffect Orange
	MinimapIcon 1 Orange Pentagon

#===============================================================================================================
# [[0300]] Exceptional Items
#===============================================================================================================
# !! Waypoint c3.exotic.state.exceptional : "Exotic State - Exceptional Items" : "Exotics"

Show # %D9 $type->exotic->exceptional $tier->overqual1q1 !exotics_artifacthigh
	Corrupted False
	Quality >= 27
	Rarity Normal Magic Rare
	BaseType == "Adherent Cuffs" "Akoyan Spear" "Alpha Talisman" "Ancestral Tiara" "Blacksteel Crest Shield" "Blacksteel Gauntlets" "Blacksteel Sabatons" "Bolting Quarterstaff" "Chiming Staff" "Conjurer Mantle" "Corsair Coat" "Cryptic Crown" "Cryptic Leggings" "Daggerfoot Shoes" "Dastard Armour" "Death Mail" "Desert Buckler" "Desolate Crossbow" "Drakeskin Boots" "Dueling Wand" "Falconer's Jacket" "Fanatic Greathammer" "Flying Spear" "Freebooter Cap" "Galvanic Wand" "Gemini Bow" "Gladiatorial Helm" "Golden Targe" "Grinning Mask" "Imperial Greathelm" "Jade Talisman" "Maji Talisman" "Marauding Mace" "Massive Greathammer" "Massive Mitts" "Obliterator Bow" "Omen Sceptre" "Paralysing Staff" "Polished Bracers" "Primed Quiver" "Rattling Sceptre" "Razor Quarterstaff" "Secured Wraps" "Sekhema Sandals" "Siege Crossbow" "Sinister Quarterstaff" "Sirenscale Gloves" "Skullcrusher Quarterstaff" "Sleek Jacket" "Slipstrike Vest" "Soldier Cuirass" "Tasalian Focus" "Tasalian Greaves" "Tawhoan Tower Shield" "Trarthan Cannon" "Vile Robe" "Warlord Cuirass" "Warmonger Bow" "Withered Wand" "Wolfskin Mantle"
	SetFontSize 42
	SetTextColor 240 0 0 255
	SetBorderColor 240 0 0 255
	SetBackgroundColor 70 0 20 255
	PlayAlertSound 3 300
	PlayEffect Orange
	MinimapIcon 0 Orange Pentagon

Show # %D9 $type->exotic->exceptional $tier->oversockt1s3 !exotics_artifacthigh
	Corrupted False
	Sockets >= 3
	Rarity Normal Magic Rare
	Class == "Body Armours" "Bows" "Crossbows" "Quarterstaves" "Staves" "Talismans" "Two Hand Maces"
	BaseType == "Adherent Cuffs" "Akoyan Spear" "Alpha Talisman" "Ancestral Tiara" "Blacksteel Crest Shield" "Blacksteel Gauntlets" "Blacksteel Sabatons" "Bolting Quarterstaff" "Chiming Staff" "Conjurer Mantle" "Corsair Coat" "Cryptic Crown" "Cryptic Leggings" "Daggerfoot Shoes" "Dastard Armour" "Death Mail" "Desert Buckler" "Desolate Crossbow" "Drakeskin Boots" "Dueling Wand" "Falconer's Jacket" "Fanatic Greathammer" "Flying Spear" "Freebooter Cap" "Galvanic Wand" "Gemini Bow" "Gladiatorial Helm" "Golden Targe" "Grinning Mask" "Imperial Greathelm" "Jade Talisman" "Maji Talisman" "Marauding Mace" "Massive Greathammer" "Massive Mitts" "Obliterator Bow" "Omen Sceptre" "Paralysing Staff" "Polished Bracers" "Primed Quiver" "Rattling Sceptre" "Razor Quarterstaff" "Secured Wraps" "Sekhema Sandals" "Siege Crossbow" "Sinister Quarterstaff" "Sirenscale Gloves" "Skullcrusher Quarterstaff" "Sleek Jacket" "Slipstrike Vest" "Soldier Cuirass" "Tasalian Focus" "Tasalian Greaves" "Tawhoan Tower Shield" "Trarthan Cannon" "Vile Robe" "Warlord Cuirass" "Warmonger Bow" "Withered Wand" "Wolfskin Mantle"
	SetFontSize 42
	SetTextColor 240 0 0 255
	SetBorderColor 240 0 0 255
	SetBackgroundColor 70 0 20 255
	PlayAlertSound 3 300
	PlayEffect Orange
	MinimapIcon 0 Orange Pentagon

Show # %D9 $type->exotic->exceptional $tier->oversockt1s2 !exotics_artifacthigh
	Corrupted False
	Sockets >= 2
	Rarity Normal Magic Rare
	Class == "Boots" "Bucklers" "Foci" "Gloves" "Helmets" "One Hand Maces" "Sceptres" "Shields" "Spears" "Wands"
	BaseType == "Adherent Cuffs" "Akoyan Spear" "Alpha Talisman" "Ancestral Tiara" "Blacksteel Crest Shield" "Blacksteel Gauntlets" "Blacksteel Sabatons" "Bolting Quarterstaff" "Chiming Staff" "Conjurer Mantle" "Corsair Coat" "Cryptic Crown" "Cryptic Leggings" "Daggerfoot Shoes" "Dastard Armour" "Death Mail" "Desert Buckler" "Desolate Crossbow" "Drakeskin Boots" "Dueling Wand" "Falconer's Jacket" "Fanatic Greathammer" "Flying Spear" "Freebooter Cap" "Galvanic Wand" "Gemini Bow" "Gladiatorial Helm" "Golden Targe" "Grinning Mask" "Imperial Greathelm" "Jade Talisman" "Maji Talisman" "Marauding Mace" "Massive Greathammer" "Massive Mitts" "Obliterator Bow" "Omen Sceptre" "Paralysing Staff" "Polished Bracers" "Primed Quiver" "Rattling Sceptre" "Razor Quarterstaff" "Secured Wraps" "Sekhema Sandals" "Siege Crossbow" "Sinister Quarterstaff" "Sirenscale Gloves" "Skullcrusher Quarterstaff" "Sleek Jacket" "Slipstrike Vest" "Soldier Cuirass" "Tasalian Focus" "Tasalian Greaves" "Tawhoan Tower Shield" "Trarthan Cannon" "Vile Robe" "Warlord Cuirass" "Warmonger Bow" "Withered Wand" "Wolfskin Mantle"
	SetFontSize 42
	SetTextColor 240 0 0 255
	SetBorderColor 240 0 0 255
	SetBackgroundColor 70 0 20 255
	PlayAlertSound 3 300
	PlayEffect Orange
	MinimapIcon 0 Orange Pentagon

Show # %D9 $type->exotic->exceptional $tier->chancingoverqual !itemproperty_achancing
	Corrupted False
	Quality >= 24
	Rarity Normal
	BaseType == "Aberrant Sledge" "Abyss Tablet" "Altar Robe" "Armoured Cap" "Array Buckler" "Breach Tablet" "Brimmed Helm" "Chain Tiara" "Covert Hood" "Decorated Helm" "Diamond" "Emerald" "Engraved Bracers" "Fine Bracers" "Garment" "Glacial Fortress" "Golden Charm" "Grand Manchettes" "Grand Regalia" "Grand Spear" "Heartwood Shortbow" "Heavy Crown" "Incense Relic" "Ironclad Vestments" "Irradiated Tablet" "Morning Star" "Ornate Gauntlets" "Ornate Ringmail" "Perching Staff" "Primal Markings" "Primed Quiver" "Ring" "Ritual Tablet" "Ruby" "Runic Fork" "Sacred Focus" "Sacrificial Regalia" "Sapphire" "Shrine Sceptre" "Silver Charm" "Spiral Wraps" "Stoic Sceptre" "Stone Charm" "Temple Tablet" "Thawing Charm" "Time-Lost Diamond" "Timeless Jewel" "Twisted Wand" "Two-Stone Ring" "Unset Ring" "Vase Relic" "Veridical Chain" "Warding Quarterstaff"
	SetFontSize 45
	SetTextColor 125 255 89 255
	SetBorderColor 125 255 89 255
	SetBackgroundColor 0 50 0
	PlayAlertSound 1 300
	PlayEffect Red
	MinimapIcon 0 Red Diamond

Show # %D9 $type->exotic->exceptional $tier->chancingoversocket3 !itemproperty_achancing
	Corrupted False
	Sockets >= 3
	Rarity Normal
	Class == "Body Armours" "Bows" "Crossbows" "Quarterstaves" "Staves" "Talismans" "Two Hand Maces"
	BaseType == "Aberrant Sledge" "Abyss Tablet" "Altar Robe" "Armoured Cap" "Array Buckler" "Breach Tablet" "Brimmed Helm" "Chain Tiara" "Covert Hood" "Decorated Helm" "Diamond" "Emerald" "Engraved Bracers" "Fine Bracers" "Garment" "Glacial Fortress" "Golden Charm" "Grand Manchettes" "Grand Regalia" "Grand Spear" "Heartwood Shortbow" "Heavy Crown" "Incense Relic" "Ironclad Vestments" "Irradiated Tablet" "Morning Star" "Ornate Gauntlets" "Ornate Ringmail" "Perching Staff" "Primal Markings" "Primed Quiver" "Ring" "Ritual Tablet" "Ruby" "Runic Fork" "Sacred Focus" "Sacrificial Regalia" "Sapphire" "Shrine Sceptre" "Silver Charm" "Spiral Wraps" "Stoic Sceptre" "Stone Charm" "Temple Tablet" "Thawing Charm" "Time-Lost Diamond" "Timeless Jewel" "Twisted Wand" "Two-Stone Ring" "Unset Ring" "Vase Relic" "Veridical Chain" "Warding Quarterstaff"
	SetFontSize 45
	SetTextColor 125 255 89 255
	SetBorderColor 125 255 89 255
	SetBackgroundColor 0 50 0
	PlayAlertSound 1 300
	PlayEffect Red
	MinimapIcon 0 Red Diamond

Show # %D9 $type->exotic->exceptional $tier->chancingoversocket2 !itemproperty_achancing
	Corrupted False
	Sockets >= 2
	Rarity Normal
	Class == "Boots" "Bucklers" "Foci" "Gloves" "Helmets" "One Hand Maces" "Sceptres" "Shields" "Spears" "Wands"
	BaseType == "Aberrant Sledge" "Abyss Tablet" "Altar Robe" "Armoured Cap" "Array Buckler" "Breach Tablet" "Brimmed Helm" "Chain Tiara" "Covert Hood" "Decorated Helm" "Diamond" "Emerald" "Engraved Bracers" "Fine Bracers" "Garment" "Glacial Fortress" "Golden Charm" "Grand Manchettes" "Grand Regalia" "Grand Spear" "Heartwood Shortbow" "Heavy Crown" "Incense Relic" "Ironclad Vestments" "Irradiated Tablet" "Morning Star" "Ornate Gauntlets" "Ornate Ringmail" "Perching Staff" "Primal Markings" "Primed Quiver" "Ring" "Ritual Tablet" "Ruby" "Runic Fork" "Sacred Focus" "Sacrificial Regalia" "Sapphire" "Shrine Sceptre" "Silver Charm" "Spiral Wraps" "Stoic Sceptre" "Stone Charm" "Temple Tablet" "Thawing Charm" "Time-Lost Diamond" "Timeless Jewel" "Twisted Wand" "Two-Stone Ring" "Unset Ring" "Vase Relic" "Veridical Chain" "Warding Quarterstaff"
	SetFontSize 45
	SetTextColor 125 255 89 255
	SetBorderColor 125 255 89 255
	SetBackgroundColor 0 50 0
	PlayAlertSound 1 300
	PlayEffect Red
	MinimapIcon 0 Red Diamond

Show # %D7 $type->exotic->exceptional $tier->oversockt2s3 !exotics_btier
	Corrupted False
	Sockets >= 3
	Rarity Normal Magic Rare
	Class == "Body Armours" "Bows" "Crossbows" "Quarterstaves" "Staves" "Talismans" "Two Hand Maces"
MinimapIcon 0 Blue Diamond
PlayEffect Blue
PlayAlertSound 3 300
SetBackgroundColor 0 75 30 255
SetBorderColor 0 240 190 255
SetTextColor 219 232 229 255
SetFontSize 42

Show # %D7 $type->exotic->exceptional $tier->oversockt2s2 !exotics_btier
	Corrupted False
	Sockets >= 2
	Rarity Normal Magic Rare
	Class == "Boots" "Bucklers" "Foci" "Gloves" "Helmets" "One Hand Maces" "Sceptres" "Shields" "Spears" "Wands"
MinimapIcon 0 Blue Diamond
PlayEffect Blue
PlayAlertSound 3 300
SetBackgroundColor 0 75 30 255
SetBorderColor 0 240 190 255
SetTextColor 219 232 229 255
SetFontSize 42

Show # %D7 $type->exotic->exceptional $tier->overqual1q2 !exotics_ctier
	Corrupted False
	Quality >= 21
	Rarity Normal Magic Rare
SetBackgroundColor 20 20 0 255
SetBorderColor 255 190 0 255
PlayEffect Blue Temp
PlayAlertSound 3 300
SetTextColor 255 190 0 255
SetFontSize 45

Show # %D9 $type->exotic->state $tier->twicecorruptedrare !exotics_btier
	TwiceCorrupted True
	Rarity Rare
MinimapIcon 0 Blue Diamond
PlayEffect Blue
PlayAlertSound 3 300
SetBackgroundColor 0 75 30 255
SetBorderColor 0 240 190 255
SetTextColor 219 232 229 255
SetFontSize 42

Show # %D9 $type->exotic->state $tier->twicecorruptedmagic !exotics_ctier
	TwiceCorrupted True
	Rarity Normal Magic
SetBackgroundColor 20 20 0 255
SetBorderColor 255 190 0 255
PlayEffect Blue Temp
PlayAlertSound 3 300
SetTextColor 255 190 0 255
SetFontSize 45

#------------------------------------
#   [0301] Crafting and Chancing Bases
#------------------------------------
# !! Waypoint c3.gear.chancing : "Chancing bases" : "Exotics"

#Show  # %D9 $type->chancing $tier->chances !apex_stier
#	Mirrored False
#	Corrupted False
#	Rarity Normal
#	SetFontSize 45
#	SetTextColor 255 0 0 255
#	SetBorderColor 255 0 0 255
#	SetBackgroundColor 255 255 255 255
#	PlayAlertSound 6 300
#	PlayEffect Red
#	MinimapIcon 0 Red Star

Show # %D7 $type->chancing $tier->chancea !itemproperty_achancing
	Mirrored False
	Corrupted False
	Rarity Normal
	BaseType == "Heavy Belt" "Utility Belt"
	SetFontSize 45
	SetTextColor 125 255 89 255
	SetBorderColor 125 255 89 255
	SetBackgroundColor 0 50 0

Show # %D2 $type->chancing $tier->chanceany !itemproperty_bchancing
	Mirrored False
	Corrupted False
	Rarity Normal
	BaseType == "Silver Charm"
	SetFontSize 40
	SetBorderColor 0 200 95

#===============================================================================================================
# [[0400]] IDENTIFIED MODS: RECOMBINATOR MODS
#===============================================================================================================
# !! Waypoint c3.exotic.state.idmods : "Exotic State - Identified Mod Filtering" : "Exotics"

Show # %D6 $type->exoticmods $tier->cmboots !exotics_identifiedmod
	Mirrored False
	Corrupted False
	Identified True
	Rarity Normal Magic Rare
	Class == "Boots"
	HasExplicitMod >=1 "Hellion's"
	SetFontSize 42
	SetTextColor 0 240 190 255
	SetBorderColor 0 240 190 255
	SetBackgroundColor 47 0 74 255
	PlayAlertSound 3 300
	PlayEffect Blue
	MinimapIcon 0 Blue Diamond

Show # %D6 $type->exoticmods $tier->cmamulets !exotics_identifiedmod
	Mirrored False
	Corrupted False
	Identified True
	Rarity Normal Magic Rare
	Class == "Amulets"
	HasExplicitMod >=1 "Countess'" "of the Sharpshooter"
	SetFontSize 42
	SetTextColor 0 240 190 255
	SetBorderColor 0 240 190 255
	SetBackgroundColor 47 0 74 255
	PlayAlertSound 3 300
	PlayEffect Blue
	MinimapIcon 0 Blue Diamond

Show # %D6 $type->exoticmods $tier->cmcasterweapons !exotics_identifiedmod
	Mirrored False
	Corrupted False
	Identified True
	Rarity Normal Magic Rare
	Class == "Staves" "Wands"
	HasExplicitMod >=1 "Runic" "of the Wizard" "of Inferno" "of Frostbite" "of Thunder" "of Armageddon" "of Grief"
	SetFontSize 42
	SetTextColor 0 240 190 255
	SetBorderColor 0 240 190 255
	SetBackgroundColor 47 0 74 255
	PlayAlertSound 3 300
	PlayEffect Blue
	MinimapIcon 0 Blue Diamond

Show # %D6 $type->exoticmods $tier->cmsceptres !exotics_identifiedmod
	Mirrored False
	Corrupted False
	Identified True
	Rarity Normal Magic Rare
	Class == "Sceptres"
	HasExplicitMod >=1 "King's" "of the Slavedriver" "Empowering"
	SetFontSize 42
	SetTextColor 0 240 190 255
	SetBorderColor 0 240 190 255
	SetBackgroundColor 47 0 74 255
	PlayAlertSound 3 300
	PlayEffect Blue
	MinimapIcon 0 Blue Diamond

Show # %D6 $type->exoticmods $tier->cmranged !exotics_identifiedmod
	Mirrored False
	Corrupted False
	Identified True
	Rarity Normal Magic Rare
	Class == "Bows" "Crossbows"
	HasExplicitMod >=1 "of Many" "Merciless" "of the Sniper"
	SetFontSize 42
	SetTextColor 0 240 190 255
	SetBorderColor 0 240 190 255
	SetBackgroundColor 47 0 74 255
	PlayAlertSound 3 300
	PlayEffect Blue
	MinimapIcon 0 Blue Diamond

Show # %D6 $type->exoticmods $tier->cmspears !exotics_identifiedmod
	Mirrored False
	Corrupted False
	Identified True
	Rarity Normal Magic Rare
	Class == "Spears"
	HasExplicitMod >=1 "Merciless" "Flaring" "Amazon's" "of the Sniper"
	SetFontSize 42
	SetTextColor 0 240 190 255
	SetBorderColor 0 240 190 255
	SetBackgroundColor 47 0 74 255
	PlayAlertSound 3 300
	PlayEffect Blue
	MinimapIcon 0 Blue Diamond

Show # %D6 $type->exoticmods $tier->cm2handed !exotics_identifiedmod
	Mirrored False
	Corrupted False
	Identified True
	Rarity Normal Magic Rare
	Class == "Quarterstaves" "Talismans" "Two Hand Maces"
	HasExplicitMod >=1 "Merciless" "of War"
	SetFontSize 42
	SetTextColor 0 240 190 255
	SetBorderColor 0 240 190 255
	SetBackgroundColor 47 0 74 255
	PlayAlertSound 3 300
	PlayEffect Blue
	MinimapIcon 0 Blue Diamond

#===============================================================================================================
# [[0500]] Rare Item Decorators
#===============================================================================================================
# !! Waypoint c3.rare.decorator.all : "Normal-Rare items - including visual decorators" : "Technical"

Show # $type->decorators->rareeg $tier->basicraredecorator !utility_basicraredecorator
	Rarity Rare
	AreaLevel >= 65
	SetBorderColor 0 0 0 255
	Continue

#Show  # $type->decorators->rareeg $tier->largerares !gear_unstyled
#	Width >= 2
#	Height >= 3
#	Rarity Rare
#	Class == "Amulets" "Belts" "Body Armours" "Boots" "Bows" "Bucklers" "Crossbows" "Foci" "Gloves" "Helmets" "One Hand Maces" "Quarterstaves" "Quivers" "Rings" "Sceptres" "Shields" "Spears" "Staves" "Talismans" "Two Hand Maces" "Wands"
#	AreaLevel >= 65
#	Continue

#Show  # $type->decorators->rareeg $tier->mediumrares1 !gear_unstyled
#	Width 1
#	Height >= 3
#	Rarity Rare
#	Class == "Amulets" "Belts" "Body Armours" "Boots" "Bows" "Bucklers" "Crossbows" "Foci" "Gloves" "Helmets" "One Hand Maces" "Quarterstaves" "Quivers" "Rings" "Sceptres" "Shields" "Spears" "Staves" "Talismans" "Two Hand Maces" "Wands"
#	AreaLevel >= 65
#	Continue

#Show  # $type->decorators->rareeg $tier->mediumrares2 !gear_unstyled
#	Width 2
#	Height 2
#	Rarity Rare
#	Class == "Amulets" "Belts" "Body Armours" "Boots" "Bows" "Bucklers" "Crossbows" "Foci" "Gloves" "Helmets" "One Hand Maces" "Quarterstaves" "Quivers" "Rings" "Sceptres" "Shields" "Spears" "Staves" "Talismans" "Two Hand Maces" "Wands"
#	AreaLevel >= 65
#	Continue

Show # $type->decorators->rareeg $tier->tinyrares !gear_decojewellery
	Width <= 2
	Height 1
	Rarity Rare
	Class == "Amulets" "Belts" "Body Armours" "Boots" "Bows" "Bucklers" "Crossbows" "Foci" "Gloves" "Helmets" "One Hand Maces" "Quarterstaves" "Quivers" "Rings" "Sceptres" "Shields" "Spears" "Staves" "Talismans" "Two Hand Maces" "Wands"
	AreaLevel >= 65
	SetBorderColor 220 220 0
	Continue

#Show  # $type->decorators->rareeg $tier->ilvl80 !gear_unstyled
#	ItemLevel >= 80
#	Rarity Rare
#	Class == "Amulets" "Belts" "Body Armours" "Boots" "Bows" "Bucklers" "Crossbows" "Foci" "Gloves" "Helmets" "One Hand Maces" "Quarterstaves" "Quivers" "Rings" "Sceptres" "Shields" "Spears" "Staves" "Talismans" "Two Hand Maces" "Wands"
#	AreaLevel >= 65
#	Continue

Show # $type->decorators->rareeg $tier->ilvl82 !itemproperty_level82
	ItemLevel >= 82
	Rarity Rare
	Class == "Amulets" "Belts" "Body Armours" "Boots" "Bows" "Bucklers" "Crossbows" "Foci" "Gloves" "Helmets" "One Hand Maces" "Quarterstaves" "Quivers" "Rings" "Sceptres" "Shields" "Spears" "Staves" "Talismans" "Two Hand Maces" "Wands"
	AreaLevel >= 65
	SetTextColor 245 175 0
	Continue

# Optional: caster weapons get their most important mods on 81

#Show # %D0 $type->decorators->rareeg $tier->ilvl81caster !itemproperty_level82
#	ItemLevel >= 81
#	Rarity Rare
#	Class == "Sceptres" "Staves" "Wands"
#	AreaLevel >= 65
#	SetTextColor 245 175 0
#	Continue

Show # $type->decorators->rareeg $tier->corruptedrares !exotics_corrupt
	AnyEnchantment False
	Corrupted True
	Rarity Rare
	Class == "Amulets" "Belts" "Body Armours" "Boots" "Bows" "Bucklers" "Crossbows" "Foci" "Gloves" "Helmets" "One Hand Maces" "Quarterstaves" "Quivers" "Rings" "Sceptres" "Shields" "Spears" "Staves" "Talismans" "Two Hand Maces" "Wands"
	AreaLevel >= 65
	SetBorderColor 120 0 0 240
	Continue

Show # $type->decorators->rareeg $tier->corruptedraresimplicit !exotics_corrupthigh
	AnyEnchantment True
	Corrupted True
	Rarity Rare
	Class == "Amulets" "Belts" "Body Armours" "Boots" "Bows" "Bucklers" "Crossbows" "Foci" "Gloves" "Helmets" "One Hand Maces" "Quarterstaves" "Quivers" "Rings" "Sceptres" "Shields" "Spears" "Staves" "Talismans" "Two Hand Maces" "Wands"
	AreaLevel >= 65
	SetBorderColor 250 0 0 255
	Continue

#===============================================================================================================
# [[0600]] Normal, Magic, Rare Hiding Rules
#===============================================================================================================
# !! Waypoint c3.gear.any.hiding : "Normal, Magic, Rare Hiding Rules, Except chancing" : "Technical"

#Hide  # $type->endgame->conditionalhiders->crafting $tier->hideweaponsbytype !utility_minimize
#	Sockets 0
#	Quality 0
#	UnidentifiedItemTier <= 3
#	Rarity Normal Magic
#	Class == "Bows" "Crossbows" "One Hand Maces" "Quarterstaves" "Quivers" "Sceptres" "Spears" "Staves" "Talismans" "Two Hand Maces" "Wands"
#	AreaLevel >= 65
#	SetFontSize 18
#	SetBackgroundColor 20 20 0 0

#Hide  # $type->endgame->conditionalhiders->crafting $tier->arhider !utility_minimize
#	Sockets 0
#	Quality 0
#	UnidentifiedItemTier <= 3
#	BaseEnergyShield 0
#	BaseEvasion 0
#	BaseArmour > 0
#	Rarity Normal Magic
#	Class == "Body Armours" "Boots" "Bucklers" "Foci" "Gloves" "Helmets" "Shields"
#	AreaLevel >= 65
#	SetFontSize 18
#	SetBackgroundColor 20 20 0 0

#Hide  # $type->endgame->conditionalhiders->crafting $tier->evhider !utility_minimize
#	Sockets 0
#	Quality 0
#	UnidentifiedItemTier <= 3
#	BaseEnergyShield 0
#	BaseEvasion > 0
#	BaseArmour 0
#	Rarity Normal Magic
#	Class == "Body Armours" "Boots" "Bucklers" "Foci" "Gloves" "Helmets" "Shields"
#	AreaLevel >= 65
#	SetFontSize 18
#	SetBackgroundColor 20 20 0 0

#Hide  # $type->endgame->conditionalhiders->crafting $tier->eshider !utility_minimize
#	Sockets 0
#	Quality 0
#	UnidentifiedItemTier <= 3
#	BaseEnergyShield > 0
#	BaseEvasion 0
#	BaseArmour 0
#	Rarity Normal Magic
#	Class == "Body Armours" "Boots" "Bucklers" "Foci" "Gloves" "Helmets" "Shields"
#	AreaLevel >= 65
#	SetFontSize 18
#	SetBackgroundColor 20 20 0 0

#Hide  # $type->endgame->conditionalhiders->crafting $tier->arevhider !utility_minimize
#	Sockets 0
#	Quality 0
#	UnidentifiedItemTier <= 3
#	BaseEnergyShield 0
#	BaseEvasion > 0
#	BaseArmour > 0
#	Rarity Normal Magic
#	Class == "Body Armours" "Boots" "Bucklers" "Foci" "Gloves" "Helmets" "Shields"
#	AreaLevel >= 65
#	SetFontSize 18
#	SetBackgroundColor 20 20 0 0

#Hide  # $type->endgame->conditionalhiders->crafting $tier->areshider !utility_minimize
#	Sockets 0
#	Quality 0
#	UnidentifiedItemTier <= 3
#	BaseEnergyShield > 0
#	BaseEvasion 0
#	BaseArmour > 0
#	Rarity Normal Magic
#	Class == "Body Armours" "Boots" "Bucklers" "Foci" "Gloves" "Helmets" "Shields"
#	AreaLevel >= 65
#	SetFontSize 18
#	SetBackgroundColor 20 20 0 0

#Hide  # $type->endgame->conditionalhiders->crafting $tier->eveshider !utility_minimize
#	Sockets 0
#	Quality 0
#	UnidentifiedItemTier <= 3
#	BaseEnergyShield > 0
#	BaseEvasion > 0
#	BaseArmour 0
#	Rarity Normal Magic
#	Class == "Body Armours" "Boots" "Bucklers" "Foci" "Gloves" "Helmets" "Shields"
#	AreaLevel >= 65
#	SetFontSize 18
#	SetBackgroundColor 20 20 0 0

# !! Waypoint c3.gear.rare.hiding : "Rare Hiding Rules" : "Technical"

#Hide  # $type->endgame->conditionalhiders->rare $tier->hideweaponsbytype !utility_minimize
#	Sockets 0
#	Quality 0
#	UnidentifiedItemTier <= 3
#	Rarity Rare
#	Class == "Bows" "Crossbows" "One Hand Maces" "Quarterstaves" "Quivers" "Sceptres" "Spears" "Staves" "Talismans" "Two Hand Maces" "Wands"
#	AreaLevel >= 65
#	SetFontSize 18
#	SetBackgroundColor 20 20 0 0

#Hide  # $type->endgame->conditionalhiders->rare $tier->arhider !utility_minimize
#	Sockets 0
#	Quality 0
#	UnidentifiedItemTier <= 3
#	BaseEnergyShield 0
#	BaseEvasion 0
#	BaseArmour > 0
#	Rarity Rare
#	Class == "Body Armours" "Boots" "Bucklers" "Foci" "Gloves" "Helmets" "Shields"
#	AreaLevel >= 65
#	SetFontSize 18
#	SetBackgroundColor 20 20 0 0

#Hide  # $type->endgame->conditionalhiders->rare $tier->evhider !utility_minimize
#	Sockets 0
#	Quality 0
#	UnidentifiedItemTier <= 3
#	BaseEnergyShield 0
#	BaseEvasion > 0
#	BaseArmour 0
#	Rarity Rare
#	Class == "Body Armours" "Boots" "Bucklers" "Foci" "Gloves" "Helmets" "Shields"
#	AreaLevel >= 65
#	SetFontSize 18
#	SetBackgroundColor 20 20 0 0

#Hide  # $type->endgame->conditionalhiders->rare $tier->eshider !utility_minimize
#	Sockets 0
#	Quality 0
#	UnidentifiedItemTier <= 3
#	BaseEnergyShield > 0
#	BaseEvasion 0
#	BaseArmour 0
#	Rarity Rare
#	Class == "Body Armours" "Boots" "Bucklers" "Foci" "Gloves" "Helmets" "Shields"
#	AreaLevel >= 65
#	SetFontSize 18
#	SetBackgroundColor 20 20 0 0

#Hide  # $type->endgame->conditionalhiders->rare $tier->arevhider !utility_minimize
#	Sockets 0
#	Quality 0
#	UnidentifiedItemTier <= 3
#	BaseEnergyShield 0
#	BaseEvasion > 0
#	BaseArmour > 0
#	Rarity Rare
#	Class == "Body Armours" "Boots" "Bucklers" "Foci" "Gloves" "Helmets" "Shields"
#	AreaLevel >= 65
#	SetFontSize 18
#	SetBackgroundColor 20 20 0 0

#Hide  # $type->endgame->conditionalhiders->rare $tier->areshider !utility_minimize
#	Sockets 0
#	Quality 0
#	UnidentifiedItemTier <= 3
#	BaseEnergyShield > 0
#	BaseEvasion 0
#	BaseArmour > 0
#	Rarity Rare
#	Class == "Body Armours" "Boots" "Bucklers" "Foci" "Gloves" "Helmets" "Shields"
#	AreaLevel >= 65
#	SetFontSize 18
#	SetBackgroundColor 20 20 0 0

#Hide  # $type->endgame->conditionalhiders->rare $tier->eveshider !utility_minimize
#	Sockets 0
#	Quality 0
#	UnidentifiedItemTier <= 3
#	BaseEnergyShield > 0
#	BaseEvasion > 0
#	BaseArmour 0
#	Rarity Rare
#	Class == "Body Armours" "Boots" "Bucklers" "Foci" "Gloves" "Helmets" "Shields"
#	AreaLevel >= 65
#	SetFontSize 18
#	SetBackgroundColor 20 20 0 0

#===============================================================================================================
# [[0700]] Economy Crafting Bases
#===============================================================================================================
# !! Waypoint c3.exotic.state.ecocraft : "High Value Crafting Bases" : "Crafting"

Show # %D9 $type->endgame->normalcraft->economy $tier->group1t1 !itemproperty_aecocraft
	Mirrored False
	Corrupted False
	ItemLevel >= 82
	Rarity Normal
	BaseType == "Ancestral Tiara" "Gold Amulet" "Gold Ring" "Obliterator Bow" "Prismatic Ring" "Sekhema Sandals" "Sinister Quarterstaff" "Sleek Jacket" "Slipstrike Vest" "Solar Amulet" "Vile Robe" "Warmonger Bow"
	SetFontSize 45
	SetTextColor 255 255 255 255
	SetBorderColor 255 127 127 255
	SetBackgroundColor 65 0 0
	PlayAlertSound 1 300
	PlayEffect Red
	MinimapIcon 0 Red Diamond

Show # %D7 $type->endgame->normalcraft->economy $tier->group1t2 !itemproperty_becocraft
	Mirrored False
	Corrupted False
	ItemLevel >= 82
	Rarity Normal
	BaseType == "Amber Amulet" "Amethyst Ring" "Bolting Quarterstaff" "Corsair Coat" "Daggerfoot Shoes" "Dragonscale Boots" "Drakeskin Boots" "Dreaming Quarterstaff" "Flying Spear" "Grand Bracers" "Grinning Mask" "Lapis Amulet" "Luxurious Slippers" "Opulent Gloves" "Plate Belt" "Quickslip Shoes" "Ruby Ring" "Sacred Focus" "Sandsworn Sandals" "Sapphire Ring" "Secured Wraps" "Siege Crossbow" "Sirenscale Gloves" "Skullcrusher Quarterstaff" "Stellar Amulet" "Striking Quarterstaff" "Tasalian Focus" "Tawhoan Tower Shield" "Topaz Ring" "Unset Ring" "Vaal Gloves"
	SetFontSize 40
	SetBorderColor 255 127 127
	SetBackgroundColor 20 20 0 255
	PlayAlertSound 3 300
	PlayEffect Yellow
	MinimapIcon 1 Yellow Diamond

Show # %D6 $type->endgame->normalcraft->economy $tier->group2t2 !itemproperty_becocraft
	Mirrored False
	Corrupted False
	ItemLevel >= 79
	Rarity Normal
	BaseType == "Ancestral Tiara" "Gold Amulet" "Gold Ring" "Obliterator Bow" "Prismatic Ring" "Solar Amulet"
	SetFontSize 40
	SetBorderColor 255 127 127
	SetBackgroundColor 20 20 0 255
	PlayAlertSound 3 300
	PlayEffect Yellow
	MinimapIcon 1 Yellow Diamond

#===============================================================================================================
# [[0800]] High Unidentified Mod Tier
#===============================================================================================================
# !! Waypoint c3.exotic.state.hightier : "Rare items with Mod Tier" : "ModTierRare"

Show # %D7 $type->ut->rare $tier->gear4a !exotics_btier
UnidentifiedItemTier >= 4
Rarity Rare
BaseType == "Adherent Cuffs" "Akoyan Spear" "Alpha Talisman" "Ancestral Tiara" "Blacksteel Crest Shield" "Blacksteel Gauntlets" "Blacksteel Sabatons" "Bolting Quarterstaff" "Chiming Staff" "Conjurer Mantle" "Corsair Coat" "Cryptic Crown" "Cryptic Leggings" "Daggerfoot Shoes" "Dastard Armour" "Desert Buckler" "Desolate Crossbow" "Drakeskin Boots" "Dueling Wand" "Falconer's Jacket" "Fanatic Greathammer" "Freebooter Cap" "Galvanic Wand" "Gemini Bow" "Gladiatorial Helm" "Golden Targe" "Grinning Mask" "Imperial Greathelm" "Jade Talisman" "Maji Talisman" "Massive Mitts" "Obliterator Bow" "Paralysing Staff" "Polished Bracers" "Primed Quiver" "Rattling Sceptre" "Razor Quarterstaff" "Secured Wraps" "Sekhema Sandals" "Siege Crossbow" "Sinister Quarterstaff" "Sirenscale Gloves" "Skullcrusher Quarterstaff" "Tasalian Focus" "Tasalian Greaves" "Tawhoan Tower Shield" "Trarthan Cannon" "Warlord Cuirass" "Warmonger Bow" "Withered Wand"
AreaLevel >= 65
SetBackgroundColor 20 20 0 255
SetBorderColor 255 190 0 255
PlayEffect Blue Temp
PlayAlertSound 3 300
SetTextColor 255 190 0 255
SetFontSize 45

Show # %D6 $type->ut->rare $tier->gear3a !exotics_ctier
UnidentifiedItemTier >= 3
Rarity Rare
BaseType == "Adherent Cuffs" "Akoyan Spear" "Alpha Talisman" "Ancestral Tiara" "Blacksteel Crest Shield" "Blacksteel Gauntlets" "Blacksteel Sabatons" "Bolting Quarterstaff" "Chiming Staff" "Conjurer Mantle" "Corsair Coat" "Cryptic Crown" "Cryptic Leggings" "Daggerfoot Shoes" "Dastard Armour" "Desert Buckler" "Desolate Crossbow" "Drakeskin Boots" "Dueling Wand" "Falconer's Jacket" "Fanatic Greathammer" "Freebooter Cap" "Galvanic Wand" "Gemini Bow" "Gladiatorial Helm" "Golden Targe" "Grinning Mask" "Imperial Greathelm" "Jade Talisman" "Maji Talisman" "Massive Mitts" "Obliterator Bow" "Paralysing Staff" "Polished Bracers" "Primed Quiver" "Rattling Sceptre" "Razor Quarterstaff" "Secured Wraps" "Sekhema Sandals" "Siege Crossbow" "Sinister Quarterstaff" "Sirenscale Gloves" "Skullcrusher Quarterstaff" "Tasalian Focus" "Tasalian Greaves" "Tawhoan Tower Shield" "Trarthan Cannon" "Warlord Cuirass" "Warmonger Bow" "Withered Wand"
AreaLevel >= 65
SetBackgroundColor 20 20 0 255
SetBorderColor 255 190 0 255
PlayEffect Blue Temp
PlayAlertSound 3 300
SetTextColor 255 190 0 255
SetFontSize 45

Show # %D4 $type->ut->rare $tier->gear2a !gear_highlightedsize
UnidentifiedItemTier >= 2
Rarity Rare
BaseType == "Adherent Cuffs" "Akoyan Spear" "Alpha Talisman" "Ancestral Tiara" "Blacksteel Crest Shield" "Blacksteel Gauntlets" "Blacksteel Sabatons" "Bolting Quarterstaff" "Chiming Staff" "Conjurer Mantle" "Corsair Coat" "Cryptic Crown" "Cryptic Leggings" "Daggerfoot Shoes" "Dastard Armour" "Desert Buckler" "Desolate Crossbow" "Drakeskin Boots" "Dueling Wand" "Falconer's Jacket" "Fanatic Greathammer" "Freebooter Cap" "Galvanic Wand" "Gemini Bow" "Gladiatorial Helm" "Golden Targe" "Grinning Mask" "Imperial Greathelm" "Jade Talisman" "Maji Talisman" "Massive Mitts" "Obliterator Bow" "Paralysing Staff" "Polished Bracers" "Primed Quiver" "Rattling Sceptre" "Razor Quarterstaff" "Secured Wraps" "Sekhema Sandals" "Siege Crossbow" "Sinister Quarterstaff" "Sirenscale Gloves" "Skullcrusher Quarterstaff" "Tasalian Focus" "Tasalian Greaves" "Tawhoan Tower Shield" "Trarthan Cannon" "Warlord Cuirass" "Warmonger Bow" "Withered Wand"
AreaLevel >= 65
SetFontSize 40
SetBackgroundColor 20 20 0 255

Show # %D6 $type->ut->rare $tier->gear4b !exotics_ctier
UnidentifiedItemTier >= 4
Rarity Rare
BaseType == "Acrid Wand" "Aegis Quarterstaff" "Akoyan Club" "Ancient Buckler" "Ancient Cuffs" "Apostle Leggings" "Ashbark Talisman" "Attuned Wand" "Austere Garb" "Barbed Bracers" "Baroque Targe" "Cavalry Boots" "Champion Helm" "Charmed Shoes" "Cinched Boots" "Commander Gauntlets" "Cryptic Helm" "Cultist Gauntlets" "Death Mantle" "Desert Cap" "Divine Crown" "Dragonscale Boots" "Dreaming Quarterstaff" "Elegant Crossbow" "Elegant Wraps" "Fanatic Bow" "Fang Talisman" "Faridun Mask" "Feathered Raiment" "Flexed Crossbow" "Flowing Raiment" "Fortified Hammer" "Fortress Sabatons" "Fortress Tower Shield" "Fungal Talisman" "Gemini Crossbow" "Gleaming Cuffs" "Grand Bracers" "Grand Spear" "Guardian Bow" "Guardian Spear" "Kamasan Tiara" "Leyline Focus" "Luxurious Slippers" "Masked Greathelm" "Noble Sabatons" "Opulent Gloves" "Ornate Greaves" "Ornate Mitts" "Ornate Plate" "Paragon Greathelm" "Penetrating Quiver" "Quickslip Shoes" "Rambler Jacket" "Reaping Staff" "Roaring Staff" "Ruination Maul" "Sacramental Robe" "Sacred Focus" "Saintly Crown" "Sanctified Staff" "Sandsworn Sandals" "Seastorm Mantle" "Shrouded Mail" "Siphoning Wand" "Soaring Mask" "Soaring Spear" "Soaring Targe" "Sorcerous Tiara" "Spiked Spear" "Stalking Bracers" "Stalking Spear" "Stoic Sceptre" "Strife Pick" "Striking Quarterstaff" "Swiftstalker Coat" "Tawhoan Greatclub" "Thane Mail" "Thunder Talisman" "Trapper Hood" "Utzaal Cuirass" "Vaal Crest Shield" "Vaal Gloves" "Vaal Greaves" "Vaal Mitts" "Vaal Tower Shield" "Vaal Wraps" "Visceral Quiver" "Volant Quiver" "Voltaic Staff" "Warlock Leggings" "Woven Cap" "Wrath Sceptre" "Wyrmscale Coat" "Death Mail" "Flying Spear" "Marauding Mace" "Massive Greathammer" "Omen Sceptre" "Sleek Jacket" "Slipstrike Vest" "Soldier Cuirass" "Vile Robe" "Wolfskin Mantle"
AreaLevel >= 65
SetBackgroundColor 20 20 0 255
SetBorderColor 255 190 0 255
PlayEffect Blue Temp
PlayAlertSound 3 300
SetTextColor 255 190 0 255
SetFontSize 45

Show # %D5 $type->ut->rare $tier->gear3b !gear_highlightedsize
UnidentifiedItemTier >= 3
Rarity Rare
BaseType == "Acrid Wand" "Aegis Quarterstaff" "Akoyan Club" "Ancient Buckler" "Ancient Cuffs" "Apostle Leggings" "Ashbark Talisman" "Attuned Wand" "Austere Garb" "Barbed Bracers" "Baroque Targe" "Cavalry Boots" "Champion Helm" "Charmed Shoes" "Cinched Boots" "Commander Gauntlets" "Cryptic Helm" "Cultist Gauntlets" "Death Mantle" "Desert Cap" "Divine Crown" "Dragonscale Boots" "Dreaming Quarterstaff" "Elegant Crossbow" "Elegant Wraps" "Fanatic Bow" "Fang Talisman" "Faridun Mask" "Feathered Raiment" "Flexed Crossbow" "Flowing Raiment" "Fortified Hammer" "Fortress Sabatons" "Fortress Tower Shield" "Fungal Talisman" "Gemini Crossbow" "Gleaming Cuffs" "Grand Bracers" "Grand Spear" "Guardian Bow" "Guardian Spear" "Kamasan Tiara" "Leyline Focus" "Luxurious Slippers" "Masked Greathelm" "Noble Sabatons" "Opulent Gloves" "Ornate Greaves" "Ornate Mitts" "Ornate Plate" "Paragon Greathelm" "Penetrating Quiver" "Quickslip Shoes" "Rambler Jacket" "Reaping Staff" "Roaring Staff" "Ruination Maul" "Sacramental Robe" "Sacred Focus" "Saintly Crown" "Sanctified Staff" "Sandsworn Sandals" "Seastorm Mantle" "Shrouded Mail" "Siphoning Wand" "Soaring Mask" "Soaring Spear" "Soaring Targe" "Sorcerous Tiara" "Spiked Spear" "Stalking Bracers" "Stalking Spear" "Stoic Sceptre" "Strife Pick" "Striking Quarterstaff" "Swiftstalker Coat" "Tawhoan Greatclub" "Thane Mail" "Thunder Talisman" "Trapper Hood" "Utzaal Cuirass" "Vaal Crest Shield" "Vaal Gloves" "Vaal Greaves" "Vaal Mitts" "Vaal Tower Shield" "Vaal Wraps" "Visceral Quiver" "Volant Quiver" "Voltaic Staff" "Warlock Leggings" "Woven Cap" "Wrath Sceptre" "Wyrmscale Coat" "Death Mail" "Flying Spear" "Marauding Mace" "Massive Greathammer" "Omen Sceptre" "Sleek Jacket" "Slipstrike Vest" "Soldier Cuirass" "Vile Robe" "Wolfskin Mantle"
AreaLevel >= 65
SetFontSize 40
SetBackgroundColor 20 20 0 255

#Show # %D4 $type->ut->rare $tier->gear2b !gear_highlightedsize
#	UnidentifiedItemTier >= 2
#	Rarity Rare
#	BaseType == "Acrid Wand" "Aegis Quarterstaff" "Akoyan Club" "Ancient Buckler" "Ancient Cuffs" "Apostle Leggings" "Ashbark Talisman" "Attuned Wand" "Austere Garb" "Barbed Bracers" "Baroque Targe" "Cavalry Boots" "Champion Helm" "Charmed Shoes" "Cinched Boots" "Commander Gauntlets" "Cryptic Helm" "Cultist Gauntlets" "Death Mantle" "Desert Cap" "Divine Crown" "Dragonscale Boots" "Dreaming Quarterstaff" "Elegant Crossbow" "Elegant Wraps" "Fanatic Bow" "Fang Talisman" "Faridun Mask" "Feathered Raiment" "Flexed Crossbow" "Flowing Raiment" "Fortified Hammer" "Fortress Sabatons" "Fortress Tower Shield" "Fungal Talisman" "Gemini Crossbow" "Gleaming Cuffs" "Grand Bracers" "Grand Spear" "Guardian Bow" "Guardian Spear" "Kamasan Tiara" "Leyline Focus" "Luxurious Slippers" "Masked Greathelm" "Noble Sabatons" "Opulent Gloves" "Ornate Greaves" "Ornate Mitts" "Ornate Plate" "Paragon Greathelm" "Penetrating Quiver" "Quickslip Shoes" "Rambler Jacket" "Reaping Staff" "Roaring Staff" "Ruination Maul" "Sacramental Robe" "Sacred Focus" "Saintly Crown" "Sanctified Staff" "Sandsworn Sandals" "Seastorm Mantle" "Shrouded Mail" "Siphoning Wand" "Soaring Mask" "Soaring Spear" "Soaring Targe" "Sorcerous Tiara" "Spiked Spear" "Stalking Bracers" "Stalking Spear" "Stoic Sceptre" "Strife Pick" "Striking Quarterstaff" "Swiftstalker Coat" "Tawhoan Greatclub" "Thane Mail" "Thunder Talisman" "Trapper Hood" "Utzaal Cuirass" "Vaal Crest Shield" "Vaal Gloves" "Vaal Greaves" "Vaal Mitts" "Vaal Tower Shield" "Vaal Wraps" "Visceral Quiver" "Volant Quiver" "Voltaic Staff" "Warlock Leggings" "Woven Cap" "Wrath Sceptre" "Wyrmscale Coat" "Death Mail" "Flying Spear" "Marauding Mace" "Massive Greathammer" "Omen Sceptre" "Sleek Jacket" "Slipstrike Vest" "Soldier Cuirass" "Vile Robe" "Wolfskin Mantle"
#	AreaLevel >= 65
#	SetFontSize 40
#	SetBackgroundColor 20 20 0 255

Show # %D5 $type->ut->rare $tier->gear4c !exotics_ctier
	UnidentifiedItemTier >= 4
	Rarity Rare
	BaseType == "Adorned Wraps" "Anvil Maul" "Ashen Staff" "Avian Mask" "Bastion Sabatons" "Bladed Quarterstaff" "Bone Wand" "Bound Cuffs" "Bound Sandals" "Brigand Mask" "Bulwark Greaves" "Cannonade Crossbow" "Carved Greaves" "Cassis Helm" "Cavalry Bow" "Ceremonial Robe" "Condemned Talisman" "Crown Mace" "Deerstalker Hood" "Druidic Crown" "Druidic Focus" "Dunerunner Sandals" "Engraved Crossbow" "Faithful Leggings" "Feathered Mitts" "Flanged Mace" "Gelid Staff" "Gold Gloves" "Golden Mail" "Goldworked Tower Shield" "Grim Gloves" "Guardian Quarterstaff" "Gutspike Buckler" "Hallowed Focus" "Hawker's Jacket" "Heartcarver Mantle" "Inquisitor Crown" "Intricate Crest Shield" "Ironwood Greathammer" "Ironwood Shortbow" "Jungle Tiara" "Knightly Mitts" "Lizardscale Coat" "Lunar Quarterstaff" "Mammoth Targe" "Molten Hammer" "Noble Greathelm" "Orichalcum Spear" "Ornate Buckler" "Ornate Cuffs" "Pronged Spear" "Pyrophyte Staff" "Royal Tower Shield" "Sacred Maul" "Seaglass Spear" "Sekheman Crest Shield" "Serpentscale Boots" "Shamanistic Leggings" "Shrine Sceptre" "Skycrown Tiara" "Spiked Bracers" "Spiny Talisman" "Steelmail Gauntlets" "Stone Cuirass" "Stout Crossbow" "Toxic Quiver" "Trailblazer Armour" "Treerunner Shoes" "Twin Bow" "Two-Point Quiver" "Veteran Sabatons" "Volatile Wand" "Wanderer Shoes" "War Wraps" "Warded Helm" "Warmonger Greathelm" "Wildwood Talisman" "Wingbeat Talisman" "Zealot Gauntlets"
	AreaLevel >= 65
SetBackgroundColor 20 20 0 255
SetBorderColor 255 190 0 255
PlayEffect Blue Temp
PlayAlertSound 3 300
SetTextColor 255 190 0 255
SetFontSize 45

Show # %D4 $type->ut->rare $tier->gear3c !gear_highlightedsize
	UnidentifiedItemTier >= 3
	Rarity Rare
	BaseType == "Adorned Wraps" "Anvil Maul" "Ashen Staff" "Avian Mask" "Bastion Sabatons" "Bladed Quarterstaff" "Bone Wand" "Bound Cuffs" "Bound Sandals" "Brigand Mask" "Bulwark Greaves" "Cannonade Crossbow" "Carved Greaves" "Cassis Helm" "Cavalry Bow" "Ceremonial Robe" "Condemned Talisman" "Crown Mace" "Deerstalker Hood" "Druidic Crown" "Druidic Focus" "Dunerunner Sandals" "Engraved Crossbow" "Faithful Leggings" "Feathered Mitts" "Flanged Mace" "Gelid Staff" "Gold Gloves" "Golden Mail" "Goldworked Tower Shield" "Grim Gloves" "Guardian Quarterstaff" "Gutspike Buckler" "Hallowed Focus" "Hawker's Jacket" "Heartcarver Mantle" "Inquisitor Crown" "Intricate Crest Shield" "Ironwood Greathammer" "Ironwood Shortbow" "Jungle Tiara" "Knightly Mitts" "Lizardscale Coat" "Lunar Quarterstaff" "Mammoth Targe" "Molten Hammer" "Noble Greathelm" "Orichalcum Spear" "Ornate Buckler" "Ornate Cuffs" "Pronged Spear" "Pyrophyte Staff" "Royal Tower Shield" "Sacred Maul" "Seaglass Spear" "Sekheman Crest Shield" "Serpentscale Boots" "Shamanistic Leggings" "Shrine Sceptre" "Skycrown Tiara" "Spiked Bracers" "Spiny Talisman" "Steelmail Gauntlets" "Stone Cuirass" "Stout Crossbow" "Toxic Quiver" "Trailblazer Armour" "Treerunner Shoes" "Twin Bow" "Two-Point Quiver" "Veteran Sabatons" "Volatile Wand" "Wanderer Shoes" "War Wraps" "Warded Helm" "Warmonger Greathelm" "Wildwood Talisman" "Wingbeat Talisman" "Zealot Gauntlets"
	AreaLevel >= 65
	SetFontSize 40
	SetBackgroundColor 20 20 0 255

#Show # %D3 $type->ut->rare $tier->gear2c !gear_highlightedsize
#	UnidentifiedItemTier >= 2
#	Rarity Rare
#	BaseType == "Adorned Wraps" "Anvil Maul" "Ashen Staff" "Avian Mask" "Bastion Sabatons" "Bladed Quarterstaff" "Bone Wand" "Bound Cuffs" "Bound Sandals" "Brigand Mask" "Bulwark Greaves" "Cannonade Crossbow" "Carved Greaves" "Cassis Helm" "Cavalry Bow" "Ceremonial Robe" "Condemned Talisman" "Crown Mace" "Deerstalker Hood" "Druidic Crown" "Druidic Focus" "Dunerunner Sandals" "Engraved Crossbow" "Faithful Leggings" "Feathered Mitts" "Flanged Mace" "Gelid Staff" "Gold Gloves" "Golden Mail" "Goldworked Tower Shield" "Grim Gloves" "Guardian Quarterstaff" "Gutspike Buckler" "Hallowed Focus" "Hawker's Jacket" "Heartcarver Mantle" "Inquisitor Crown" "Intricate Crest Shield" "Ironwood Greathammer" "Ironwood Shortbow" "Jungle Tiara" "Knightly Mitts" "Lizardscale Coat" "Lunar Quarterstaff" "Mammoth Targe" "Molten Hammer" "Noble Greathelm" "Orichalcum Spear" "Ornate Buckler" "Ornate Cuffs" "Pronged Spear" "Pyrophyte Staff" "Royal Tower Shield" "Sacred Maul" "Seaglass Spear" "Sekheman Crest Shield" "Serpentscale Boots" "Shamanistic Leggings" "Shrine Sceptre" "Skycrown Tiara" "Spiked Bracers" "Spiny Talisman" "Steelmail Gauntlets" "Stone Cuirass" "Stout Crossbow" "Toxic Quiver" "Trailblazer Armour" "Treerunner Shoes" "Twin Bow" "Two-Point Quiver" "Veteran Sabatons" "Volatile Wand" "Wanderer Shoes" "War Wraps" "Warded Helm" "Warmonger Greathelm" "Wildwood Talisman" "Wingbeat Talisman" "Zealot Gauntlets"
#	AreaLevel >= 65
#	SetFontSize 40
#	SetBackgroundColor 20 20 0 255

Show # %D8 $type->ut->rare $tier->j4a !exotics_btier
	UnidentifiedItemTier >= 4
	Rarity Rare
	BaseType == "Amethyst Ring" "Breach Ring" "Prismatic Ring" "Solar Amulet"
	AreaLevel >= 65
MinimapIcon 1 Yellow Diamond
PlayEffect Yellow
SetBackgroundColor 53 2 83 255
SetBorderColor 255 255 255 255
SetTextColor 255 255 0 232
SetFontSize 42

Show # %D7 $type->ut->rare $tier->j3a !exotics_btier
	UnidentifiedItemTier >= 3
	Rarity Rare
	BaseType == "Amethyst Ring" "Breach Ring" "Prismatic Ring" "Solar Amulet"
	AreaLevel >= 65
MinimapIcon 1 Yellow Diamond
PlayEffect Yellow
SetBackgroundColor 53 2 83 255
SetBorderColor 255 255 255 255
SetTextColor 255 255 0 232
SetFontSize 42

Show # %D6 $type->ut->rare $tier->j2a !gear_tieredjewellery
	UnidentifiedItemTier >= 2
	Rarity Rare
	BaseType == "Amethyst Ring" "Breach Ring" "Prismatic Ring" "Solar Amulet"
	AreaLevel >= 65
SetTextColor 255 255 0 232
MinimapIcon 1 White Diamond
PlayEffect Yellow
SetBackgroundColor 53 2 83 255
SetFontSize 42

Show # %D8 $type->ut->rare $tier->j4b !exotics_btier
	UnidentifiedItemTier >= 4
	Rarity Rare
	BaseType == "Amber Amulet" "Azure Amulet" "Bloodstone Amulet" "Gold Amulet" "Gold Ring" "Jade Amulet" "Lapis Amulet" "Lunar Amulet" "Pearl Ring" "Plate Belt" "Ruby Ring" "Sapphire Ring" "Stellar Amulet" "Topaz Ring" "Unset Ring" "Utility Belt"
	AreaLevel >= 65
MinimapIcon 1 Yellow Diamond
PlayEffect Yellow
SetBackgroundColor 53 2 83 255
SetBorderColor 255 255 255 255
SetTextColor 255 255 0 232
SetFontSize 42

Show # %D7 $type->ut->rare $tier->j3b !gear_tieredjewellery
	UnidentifiedItemTier >= 3
	Rarity Rare
	BaseType == "Amber Amulet" "Azure Amulet" "Bloodstone Amulet" "Gold Amulet" "Gold Ring" "Jade Amulet" "Lapis Amulet" "Lunar Amulet" "Pearl Ring" "Plate Belt" "Ruby Ring" "Sapphire Ring" "Stellar Amulet" "Topaz Ring" "Unset Ring" "Utility Belt"
	AreaLevel >= 65
MinimapIcon 1 Yellow Diamond
PlayEffect Yellow
SetBackgroundColor 53 2 83 255
SetBorderColor 255 255 255 255
SetTextColor 255 255 0 232
SetFontSize 42

Show # %D5 $type->ut->rare $tier->j2b !gear_tieredjewellery
	UnidentifiedItemTier >= 2
	Rarity Rare
	BaseType == "Amber Amulet" "Azure Amulet" "Bloodstone Amulet" "Gold Amulet" "Gold Ring" "Jade Amulet" "Lapis Amulet" "Lunar Amulet" "Pearl Ring" "Plate Belt" "Ruby Ring" "Sapphire Ring" "Stellar Amulet" "Topaz Ring" "Unset Ring" "Utility Belt"
	AreaLevel >= 65
SetTextColor 255 255 0 232
MinimapIcon 1 White Diamond
PlayEffect Yellow
SetBackgroundColor 53 2 83 255
SetFontSize 42

Show # %D6 $type->ut->rare $tier->j4c !exotics_btier
	UnidentifiedItemTier >= 4
	Rarity Rare
	BaseType == "Crimson Amulet" "Double Belt" "Emerald Ring" "Fine Belt" "Heavy Belt" "Iron Ring" "Lazuli Ring" "Long Belt" "Rawhide Belt"
	AreaLevel >= 65
MinimapIcon 1 Yellow Diamond
PlayEffect Yellow
SetBackgroundColor 53 2 83 255
SetBorderColor 255 255 255 255
SetTextColor 255 255 0 232
SetFontSize 42

Show # %D5 $type->ut->rare $tier->j3c !gear_tieredjewellery
	UnidentifiedItemTier >= 3
	Rarity Rare
	BaseType == "Crimson Amulet" "Double Belt" "Emerald Ring" "Fine Belt" "Heavy Belt" "Iron Ring" "Lazuli Ring" "Long Belt" "Rawhide Belt"
	AreaLevel >= 65
MinimapIcon 1 Yellow Diamond
PlayEffect Yellow
SetBackgroundColor 53 2 83 255
SetBorderColor 255 255 255 255
SetTextColor 255 255 0 232
SetFontSize 42

Show # %D5 $type->ut->rare $tier->j2c !gear_highlightedsize
	UnidentifiedItemTier >= 2
	Rarity Rare
	BaseType == "Crimson Amulet" "Double Belt" "Emerald Ring" "Fine Belt" "Heavy Belt" "Iron Ring" "Lazuli Ring" "Long Belt" "Rawhide Belt"
	AreaLevel >= 65
SetTextColor 255 255 0 232
MinimapIcon 1 White Diamond
PlayEffect Yellow
SetBackgroundColor 53 2 83 255
SetFontSize 42

Show # %D5 $type->ut->rare $tier->anyremaining5gear !exotics_btier
	UnidentifiedItemTier >= 5
	Rarity Rare
	Class == "Body Armours" "Boots" "Bows" "Bucklers" "Crossbows" "Foci" "Gloves" "Helmets" "One Hand Maces" "Quarterstaves" "Quivers" "Sceptres" "Shields" "Spears" "Staves" "Talismans" "Two Hand Maces" "Wands"
	AreaLevel >= 65
SetBackgroundColor 20 20 0 255
SetBorderColor 255 190 0 255
PlayEffect Blue Temp
PlayAlertSound 3 300
SetTextColor 255 190 0 255
SetFontSize 45

Show # %D4 $type->ut->rare $tier->anyremaining4gear !exotics_ctier
	UnidentifiedItemTier >= 4
	Rarity Rare
	Class == "Body Armours" "Boots" "Bows" "Bucklers" "Crossbows" "Foci" "Gloves" "Helmets" "One Hand Maces" "Quarterstaves" "Quivers" "Sceptres" "Shields" "Spears" "Staves" "Talismans" "Two Hand Maces" "Wands"
	AreaLevel >= 65
SetBackgroundColor 20 20 0 255
SetBorderColor 255 190 0 255
PlayEffect Blue Temp
PlayAlertSound 3 300
SetTextColor 255 190 0 255
SetFontSize 45

Show # %D7 $type->ut->rare $tier->anyremaining5j !exotics_btier
	UnidentifiedItemTier >= 5
	Rarity Rare
	Class == "Amulets" "Belts" "Rings"
	AreaLevel >= 65
MinimapIcon 1 Yellow Diamond
PlayEffect Yellow
SetBackgroundColor 53 2 83 255
SetBorderColor 255 255 255 255
SetTextColor 255 255 0 232
SetFontSize 42

Show # %D6 $type->ut->rare $tier->anyremaining4j !gear_tieredjewellery
	UnidentifiedItemTier >= 4
	Rarity Rare
	Class == "Amulets" "Belts" "Rings"
	AreaLevel >= 65
SetTextColor 255 255 0 232
MinimapIcon 1 White Diamond
PlayEffect Yellow
SetBackgroundColor 53 2 83 255
SetFontSize 42

# !! Waypoint c3.exotic.state.hightierMagic : "Magic items with Mod Tier" : "ModTierMagic"

Show # %D7 $type->ut->magic $tier->gear4a !exotics_ctier
UnidentifiedItemTier >= 4
Rarity Magic
BaseType == "Adherent Cuffs" "Akoyan Spear" "Alpha Talisman" "Ancestral Tiara" "Blacksteel Crest Shield" "Blacksteel Gauntlets" "Blacksteel Sabatons" "Bolting Quarterstaff" "Chiming Staff" "Conjurer Mantle" "Corsair Coat" "Cryptic Crown" "Cryptic Leggings" "Daggerfoot Shoes" "Dastard Armour" "Desert Buckler" "Desolate Crossbow" "Drakeskin Boots" "Dueling Wand" "Falconer's Jacket" "Fanatic Greathammer" "Freebooter Cap" "Galvanic Wand" "Gemini Bow" "Gladiatorial Helm" "Golden Targe" "Grinning Mask" "Imperial Greathelm" "Jade Talisman" "Maji Talisman" "Massive Mitts" "Obliterator Bow" "Paralysing Staff" "Polished Bracers" "Primed Quiver" "Rattling Sceptre" "Razor Quarterstaff" "Secured Wraps" "Sekhema Sandals" "Siege Crossbow" "Sinister Quarterstaff" "Sirenscale Gloves" "Skullcrusher Quarterstaff" "Tasalian Focus" "Tasalian Greaves" "Tawhoan Tower Shield" "Trarthan Cannon" "Warlord Cuirass" "Warmonger Bow" "Withered Wand"
AreaLevel >= 65
SetBackgroundColor 20 20 0 255
SetBorderColor 100 100 255 255
PlayEffect Blue Temp
SetTextColor 100 100 255 255
SetFontSize 45

Show # %D6 $type->ut->magic $tier->gear3a !exotics_ctier
UnidentifiedItemTier >= 3
Rarity Magic
BaseType == "Adherent Cuffs" "Akoyan Spear" "Alpha Talisman" "Ancestral Tiara" "Blacksteel Crest Shield" "Blacksteel Gauntlets" "Blacksteel Sabatons" "Bolting Quarterstaff" "Chiming Staff" "Conjurer Mantle" "Corsair Coat" "Cryptic Crown" "Cryptic Leggings" "Daggerfoot Shoes" "Dastard Armour" "Desert Buckler" "Desolate Crossbow" "Drakeskin Boots" "Dueling Wand" "Falconer's Jacket" "Fanatic Greathammer" "Freebooter Cap" "Galvanic Wand" "Gemini Bow" "Gladiatorial Helm" "Golden Targe" "Grinning Mask" "Imperial Greathelm" "Jade Talisman" "Maji Talisman" "Massive Mitts" "Obliterator Bow" "Paralysing Staff" "Polished Bracers" "Primed Quiver" "Rattling Sceptre" "Razor Quarterstaff" "Secured Wraps" "Sekhema Sandals" "Siege Crossbow" "Sinister Quarterstaff" "Sirenscale Gloves" "Skullcrusher Quarterstaff" "Tasalian Focus" "Tasalian Greaves" "Tawhoan Tower Shield" "Trarthan Cannon" "Warlord Cuirass" "Warmonger Bow" "Withered Wand"
AreaLevel >= 65
SetBackgroundColor 20 20 0 255
SetBorderColor 100 100 255 255
PlayEffect Blue Temp
SetTextColor 100 100 255 255
SetFontSize 45

Show # %D4 $type->ut->magic $tier->gear2a !gear_highlightdrop2
UnidentifiedItemTier >= 2
Rarity Magic
BaseType == "Adherent Cuffs" "Akoyan Spear" "Alpha Talisman" "Ancestral Tiara" "Blacksteel Crest Shield" "Blacksteel Gauntlets" "Blacksteel Sabatons" "Bolting Quarterstaff" "Chiming Staff" "Conjurer Mantle" "Corsair Coat" "Cryptic Crown" "Cryptic Leggings" "Daggerfoot Shoes" "Dastard Armour" "Desert Buckler" "Desolate Crossbow" "Drakeskin Boots" "Dueling Wand" "Falconer's Jacket" "Fanatic Greathammer" "Freebooter Cap" "Galvanic Wand" "Gemini Bow" "Gladiatorial Helm" "Golden Targe" "Grinning Mask" "Imperial Greathelm" "Jade Talisman" "Maji Talisman" "Massive Mitts" "Obliterator Bow" "Paralysing Staff" "Polished Bracers" "Primed Quiver" "Rattling Sceptre" "Razor Quarterstaff" "Secured Wraps" "Sekhema Sandals" "Siege Crossbow" "Sinister Quarterstaff" "Sirenscale Gloves" "Skullcrusher Quarterstaff" "Tasalian Focus" "Tasalian Greaves" "Tawhoan Tower Shield" "Trarthan Cannon" "Warlord Cuirass" "Warmonger Bow" "Withered Wand"
AreaLevel >= 65
SetTextColor 100 100 255 255
SetFontSize 40

Show # %D6 $type->ut->magic $tier->gear4b !exotics_ctier
UnidentifiedItemTier >= 4
Rarity Magic
BaseType == "Acrid Wand" "Aegis Quarterstaff" "Akoyan Club" "Ancient Buckler" "Ancient Cuffs" "Apostle Leggings" "Ashbark Talisman" "Attuned Wand" "Austere Garb" "Barbed Bracers" "Baroque Targe" "Cavalry Boots" "Champion Helm" "Charmed Shoes" "Cinched Boots" "Commander Gauntlets" "Cryptic Helm" "Cultist Gauntlets" "Death Mantle" "Desert Cap" "Divine Crown" "Dragonscale Boots" "Dreaming Quarterstaff" "Elegant Crossbow" "Elegant Wraps" "Fanatic Bow" "Fang Talisman" "Faridun Mask" "Feathered Raiment" "Flexed Crossbow" "Flowing Raiment" "Fortified Hammer" "Fortress Sabatons" "Fortress Tower Shield" "Fungal Talisman" "Gemini Crossbow" "Gleaming Cuffs" "Grand Bracers" "Grand Spear" "Guardian Bow" "Guardian Spear" "Kamasan Tiara" "Leyline Focus" "Luxurious Slippers" "Masked Greathelm" "Noble Sabatons" "Opulent Gloves" "Ornate Greaves" "Ornate Mitts" "Ornate Plate" "Paragon Greathelm" "Penetrating Quiver" "Quickslip Shoes" "Rambler Jacket" "Reaping Staff" "Roaring Staff" "Ruination Maul" "Sacramental Robe" "Sacred Focus" "Saintly Crown" "Sanctified Staff" "Sandsworn Sandals" "Seastorm Mantle" "Shrouded Mail" "Siphoning Wand" "Soaring Mask" "Soaring Spear" "Soaring Targe" "Sorcerous Tiara" "Spiked Spear" "Stalking Bracers" "Stalking Spear" "Stoic Sceptre" "Strife Pick" "Striking Quarterstaff" "Swiftstalker Coat" "Tawhoan Greatclub" "Thane Mail" "Thunder Talisman" "Trapper Hood" "Utzaal Cuirass" "Vaal Crest Shield" "Vaal Gloves" "Vaal Greaves" "Vaal Mitts" "Vaal Tower Shield" "Vaal Wraps" "Visceral Quiver" "Volant Quiver" "Voltaic Staff" "Warlock Leggings" "Woven Cap" "Wrath Sceptre" "Wyrmscale Coat" "Death Mail" "Flying Spear" "Marauding Mace" "Massive Greathammer" "Omen Sceptre" "Sleek Jacket" "Slipstrike Vest" "Soldier Cuirass" "Vile Robe" "Wolfskin Mantle"
AreaLevel >= 65
SetBackgroundColor 20 20 0 255
SetBorderColor 100 100 255 255
PlayEffect Blue Temp
SetTextColor 100 100 255 255
SetFontSize 45

Show # %D5 $type->ut->magic $tier->gear3b !gear_highlightdrop2
UnidentifiedItemTier >= 3
Rarity Magic
BaseType == "Acrid Wand" "Aegis Quarterstaff" "Akoyan Club" "Ancient Buckler" "Ancient Cuffs" "Apostle Leggings" "Ashbark Talisman" "Attuned Wand" "Austere Garb" "Barbed Bracers" "Baroque Targe" "Cavalry Boots" "Champion Helm" "Charmed Shoes" "Cinched Boots" "Commander Gauntlets" "Cryptic Helm" "Cultist Gauntlets" "Death Mantle" "Desert Cap" "Divine Crown" "Dragonscale Boots" "Dreaming Quarterstaff" "Elegant Crossbow" "Elegant Wraps" "Fanatic Bow" "Fang Talisman" "Faridun Mask" "Feathered Raiment" "Flexed Crossbow" "Flowing Raiment" "Fortified Hammer" "Fortress Sabatons" "Fortress Tower Shield" "Fungal Talisman" "Gemini Crossbow" "Gleaming Cuffs" "Grand Bracers" "Grand Spear" "Guardian Bow" "Guardian Spear" "Kamasan Tiara" "Leyline Focus" "Luxurious Slippers" "Masked Greathelm" "Noble Sabatons" "Opulent Gloves" "Ornate Greaves" "Ornate Mitts" "Ornate Plate" "Paragon Greathelm" "Penetrating Quiver" "Quickslip Shoes" "Rambler Jacket" "Reaping Staff" "Roaring Staff" "Ruination Maul" "Sacramental Robe" "Sacred Focus" "Saintly Crown" "Sanctified Staff" "Sandsworn Sandals" "Seastorm Mantle" "Shrouded Mail" "Siphoning Wand" "Soaring Mask" "Soaring Spear" "Soaring Targe" "Sorcerous Tiara" "Spiked Spear" "Stalking Bracers" "Stalking Spear" "Stoic Sceptre" "Strife Pick" "Striking Quarterstaff" "Swiftstalker Coat" "Tawhoan Greatclub" "Thane Mail" "Thunder Talisman" "Trapper Hood" "Utzaal Cuirass" "Vaal Crest Shield" "Vaal Gloves" "Vaal Greaves" "Vaal Mitts" "Vaal Tower Shield" "Vaal Wraps" "Visceral Quiver" "Volant Quiver" "Voltaic Staff" "Warlock Leggings" "Woven Cap" "Wrath Sceptre" "Wyrmscale Coat" "Death Mail" "Flying Spear" "Marauding Mace" "Massive Greathammer" "Omen Sceptre" "Sleek Jacket" "Slipstrike Vest" "Soldier Cuirass" "Vile Robe" "Wolfskin Mantle"
AreaLevel >= 65
SetTextColor 100 100 255 255
SetFontSize 40

#Show # %D4 $type->ut->magic $tier->gear2b !gear_highlightdrop2
#	UnidentifiedItemTier >= 2
#	Rarity Magic
#	BaseType == "Acrid Wand" "Aegis Quarterstaff" "Akoyan Club" "Ancient Buckler" "Ancient Cuffs" "Apostle Leggings" "Ashbark Talisman" "Attuned Wand" "Austere Garb" "Barbed Bracers" "Baroque Targe" "Cavalry Boots" "Champion Helm" "Charmed Shoes" "Cinched Boots" "Commander Gauntlets" "Cryptic Helm" "Cultist Gauntlets" "Death Mantle" "Desert Cap" "Divine Crown" "Dragonscale Boots" "Dreaming Quarterstaff" "Elegant Crossbow" "Elegant Wraps" "Fanatic Bow" "Fang Talisman" "Faridun Mask" "Feathered Raiment" "Flexed Crossbow" "Flowing Raiment" "Fortified Hammer" "Fortress Sabatons" "Fortress Tower Shield" "Fungal Talisman" "Gemini Crossbow" "Gleaming Cuffs" "Grand Bracers" "Grand Spear" "Guardian Bow" "Guardian Spear" "Kamasan Tiara" "Leyline Focus" "Luxurious Slippers" "Masked Greathelm" "Noble Sabatons" "Opulent Gloves" "Ornate Greaves" "Ornate Mitts" "Ornate Plate" "Paragon Greathelm" "Penetrating Quiver" "Quickslip Shoes" "Rambler Jacket" "Reaping Staff" "Roaring Staff" "Ruination Maul" "Sacramental Robe" "Sacred Focus" "Saintly Crown" "Sanctified Staff" "Sandsworn Sandals" "Seastorm Mantle" "Shrouded Mail" "Siphoning Wand" "Soaring Mask" "Soaring Spear" "Soaring Targe" "Sorcerous Tiara" "Spiked Spear" "Stalking Bracers" "Stalking Spear" "Stoic Sceptre" "Strife Pick" "Striking Quarterstaff" "Swiftstalker Coat" "Tawhoan Greatclub" "Thane Mail" "Thunder Talisman" "Trapper Hood" "Utzaal Cuirass" "Vaal Crest Shield" "Vaal Gloves" "Vaal Greaves" "Vaal Mitts" "Vaal Tower Shield" "Vaal Wraps" "Visceral Quiver" "Volant Quiver" "Voltaic Staff" "Warlock Leggings" "Woven Cap" "Wrath Sceptre" "Wyrmscale Coat" "Death Mail" "Flying Spear" "Marauding Mace" "Massive Greathammer" "Omen Sceptre" "Sleek Jacket" "Slipstrike Vest" "Soldier Cuirass" "Vile Robe" "Wolfskin Mantle"
#	AreaLevel >= 65
#SetTextColor 100 100 255 255
#SetFontSize 40

Show # %D5 $type->ut->magic $tier->gear4c !exotics_ctier
	UnidentifiedItemTier >= 4
	Rarity Magic
	BaseType == "Adorned Wraps" "Anvil Maul" "Ashen Staff" "Avian Mask" "Bastion Sabatons" "Bladed Quarterstaff" "Bone Wand" "Bound Cuffs" "Bound Sandals" "Brigand Mask" "Bulwark Greaves" "Cannonade Crossbow" "Carved Greaves" "Cassis Helm" "Cavalry Bow" "Ceremonial Robe" "Condemned Talisman" "Crown Mace" "Deerstalker Hood" "Druidic Crown" "Druidic Focus" "Dunerunner Sandals" "Engraved Crossbow" "Faithful Leggings" "Feathered Mitts" "Flanged Mace" "Gelid Staff" "Gold Gloves" "Golden Mail" "Goldworked Tower Shield" "Grim Gloves" "Guardian Quarterstaff" "Gutspike Buckler" "Hallowed Focus" "Hawker's Jacket" "Heartcarver Mantle" "Inquisitor Crown" "Intricate Crest Shield" "Ironwood Greathammer" "Ironwood Shortbow" "Jungle Tiara" "Knightly Mitts" "Lizardscale Coat" "Lunar Quarterstaff" "Mammoth Targe" "Molten Hammer" "Noble Greathelm" "Orichalcum Spear" "Ornate Buckler" "Ornate Cuffs" "Pronged Spear" "Pyrophyte Staff" "Royal Tower Shield" "Sacred Maul" "Seaglass Spear" "Sekheman Crest Shield" "Serpentscale Boots" "Shamanistic Leggings" "Shrine Sceptre" "Skycrown Tiara" "Spiked Bracers" "Spiny Talisman" "Steelmail Gauntlets" "Stone Cuirass" "Stout Crossbow" "Toxic Quiver" "Trailblazer Armour" "Treerunner Shoes" "Twin Bow" "Two-Point Quiver" "Veteran Sabatons" "Volatile Wand" "Wanderer Shoes" "War Wraps" "Warded Helm" "Warmonger Greathelm" "Wildwood Talisman" "Wingbeat Talisman" "Zealot Gauntlets"
	AreaLevel >= 65
SetBackgroundColor 20 20 0 255
SetBorderColor 100 100 255 255
PlayEffect Blue Temp
SetTextColor 100 100 255 255
SetFontSize 45

Show # %D3 $type->ut->magic $tier->gear3c !gear_highlightdrop2
	UnidentifiedItemTier >= 3
	Rarity Magic
	BaseType == "Adorned Wraps" "Anvil Maul" "Ashen Staff" "Avian Mask" "Bastion Sabatons" "Bladed Quarterstaff" "Bone Wand" "Bound Cuffs" "Bound Sandals" "Brigand Mask" "Bulwark Greaves" "Cannonade Crossbow" "Carved Greaves" "Cassis Helm" "Cavalry Bow" "Ceremonial Robe" "Condemned Talisman" "Crown Mace" "Deerstalker Hood" "Druidic Crown" "Druidic Focus" "Dunerunner Sandals" "Engraved Crossbow" "Faithful Leggings" "Feathered Mitts" "Flanged Mace" "Gelid Staff" "Gold Gloves" "Golden Mail" "Goldworked Tower Shield" "Grim Gloves" "Guardian Quarterstaff" "Gutspike Buckler" "Hallowed Focus" "Hawker's Jacket" "Heartcarver Mantle" "Inquisitor Crown" "Intricate Crest Shield" "Ironwood Greathammer" "Ironwood Shortbow" "Jungle Tiara" "Knightly Mitts" "Lizardscale Coat" "Lunar Quarterstaff" "Mammoth Targe" "Molten Hammer" "Noble Greathelm" "Orichalcum Spear" "Ornate Buckler" "Ornate Cuffs" "Pronged Spear" "Pyrophyte Staff" "Royal Tower Shield" "Sacred Maul" "Seaglass Spear" "Sekheman Crest Shield" "Serpentscale Boots" "Shamanistic Leggings" "Shrine Sceptre" "Skycrown Tiara" "Spiked Bracers" "Spiny Talisman" "Steelmail Gauntlets" "Stone Cuirass" "Stout Crossbow" "Toxic Quiver" "Trailblazer Armour" "Treerunner Shoes" "Twin Bow" "Two-Point Quiver" "Veteran Sabatons" "Volatile Wand" "Wanderer Shoes" "War Wraps" "Warded Helm" "Warmonger Greathelm" "Wildwood Talisman" "Wingbeat Talisman" "Zealot Gauntlets"
	AreaLevel >= 65
SetTextColor 100 100 255 255
SetFontSize 40

#Show # %D3 $type->ut->magic $tier->gear2c !gear_highlightdrop2
#	UnidentifiedItemTier >= 2
#	Rarity Magic
#	BaseType == "Adorned Wraps" "Anvil Maul" "Ashen Staff" "Avian Mask" "Bastion Sabatons" "Bladed Quarterstaff" "Bone Wand" "Bound Cuffs" "Bound Sandals" "Brigand Mask" "Bulwark Greaves" "Cannonade Crossbow" "Carved Greaves" "Cassis Helm" "Cavalry Bow" "Ceremonial Robe" "Condemned Talisman" "Crown Mace" "Deerstalker Hood" "Druidic Crown" "Druidic Focus" "Dunerunner Sandals" "Engraved Crossbow" "Faithful Leggings" "Feathered Mitts" "Flanged Mace" "Gelid Staff" "Gold Gloves" "Golden Mail" "Goldworked Tower Shield" "Grim Gloves" "Guardian Quarterstaff" "Gutspike Buckler" "Hallowed Focus" "Hawker's Jacket" "Heartcarver Mantle" "Inquisitor Crown" "Intricate Crest Shield" "Ironwood Greathammer" "Ironwood Shortbow" "Jungle Tiara" "Knightly Mitts" "Lizardscale Coat" "Lunar Quarterstaff" "Mammoth Targe" "Molten Hammer" "Noble Greathelm" "Orichalcum Spear" "Ornate Buckler" "Ornate Cuffs" "Pronged Spear" "Pyrophyte Staff" "Royal Tower Shield" "Sacred Maul" "Seaglass Spear" "Sekheman Crest Shield" "Serpentscale Boots" "Shamanistic Leggings" "Shrine Sceptre" "Skycrown Tiara" "Spiked Bracers" "Spiny Talisman" "Steelmail Gauntlets" "Stone Cuirass" "Stout Crossbow" "Toxic Quiver" "Trailblazer Armour" "Treerunner Shoes" "Twin Bow" "Two-Point Quiver" "Veteran Sabatons" "Volatile Wand" "Wanderer Shoes" "War Wraps" "Warded Helm" "Warmonger Greathelm" "Wildwood Talisman" "Wingbeat Talisman" "Zealot Gauntlets"
#	AreaLevel >= 65
#SetTextColor 100 100 255 255
#SetFontSize 40

Show # %D8 $type->ut->magic $tier->j4a !exotics_btier
	UnidentifiedItemTier >= 4
	Rarity Magic
	BaseType == "Amethyst Ring" "Breach Ring" "Prismatic Ring" "Solar Amulet"
	AreaLevel >= 65
MinimapIcon 1 Blue Diamond
PlayEffect Blue
PlayAlertSound 2 300
SetBackgroundColor 30 0 70 255
SetBorderColor 0 70 255 255
SetTextColor 0 70 255 255
SetFontSize 45

Show # %D7 $type->ut->magic $tier->j3a !exotics_ctier
	UnidentifiedItemTier >= 3
	Rarity Magic
	BaseType == "Amethyst Ring" "Breach Ring" "Prismatic Ring" "Solar Amulet"
	AreaLevel >= 65
MinimapIcon 1 Blue Diamond
PlayEffect Blue
PlayAlertSound 2 300
SetBackgroundColor 30 0 70 255
SetBorderColor 0 70 255 255
SetTextColor 0 70 255 255
SetFontSize 45

Show # %D6 $type->ut->magic $tier->j2a !gear_highlightdrop2
	UnidentifiedItemTier >= 2
	Rarity Magic
	BaseType == "Amethyst Ring" "Breach Ring" "Prismatic Ring" "Solar Amulet"
	AreaLevel >= 65
SetTextColor 100 100 255 255
SetFontSize 40

Show # %D7 $type->ut->magic $tier->j4b !exotics_ctier
	UnidentifiedItemTier >= 4
	Rarity Magic
	BaseType == "Amber Amulet" "Azure Amulet" "Bloodstone Amulet" "Gold Amulet" "Gold Ring" "Jade Amulet" "Lapis Amulet" "Lunar Amulet" "Pearl Ring" "Plate Belt" "Ruby Ring" "Sapphire Ring" "Stellar Amulet" "Topaz Ring" "Unset Ring" "Utility Belt"
	AreaLevel >= 65
MinimapIcon 1 Blue Diamond
PlayEffect Blue
PlayAlertSound 2 300
SetBackgroundColor 30 0 70 255
SetBorderColor 0 70 255 255
SetTextColor 0 70 255 255
SetFontSize 45

Show # %D6 $type->ut->magic $tier->j3b !exotics_ctier
	UnidentifiedItemTier >= 3
	Rarity Magic
	BaseType == "Amber Amulet" "Azure Amulet" "Bloodstone Amulet" "Gold Amulet" "Gold Ring" "Jade Amulet" "Lapis Amulet" "Lunar Amulet" "Pearl Ring" "Plate Belt" "Ruby Ring" "Sapphire Ring" "Stellar Amulet" "Topaz Ring" "Unset Ring" "Utility Belt"
	AreaLevel >= 65
SetTextColor 100 100 255 255
SetFontSize 40

Show # %D5 $type->ut->magic $tier->j2b !gear_highlightdrop2
	UnidentifiedItemTier >= 2
	Rarity Magic
	BaseType == "Amber Amulet" "Azure Amulet" "Bloodstone Amulet" "Gold Amulet" "Gold Ring" "Jade Amulet" "Lapis Amulet" "Lunar Amulet" "Pearl Ring" "Plate Belt" "Ruby Ring" "Sapphire Ring" "Stellar Amulet" "Topaz Ring" "Unset Ring" "Utility Belt"
	AreaLevel >= 65
SetTextColor 100 100 255 255
SetFontSize 40

Show # %D6 $type->ut->magic $tier->j4c !exotics_ctier
	UnidentifiedItemTier >= 4
	Rarity Magic
	BaseType == "Crimson Amulet" "Double Belt" "Emerald Ring" "Fine Belt" "Heavy Belt" "Iron Ring" "Lazuli Ring" "Long Belt" "Rawhide Belt"
	AreaLevel >= 65
MinimapIcon 1 Blue Diamond
PlayEffect Blue
PlayAlertSound 2 300
SetBackgroundColor 30 0 70 255
SetBorderColor 0 70 255 255
SetTextColor 0 70 255 255
SetFontSize 45

Show # %D5 $type->ut->magic $tier->j3c !gear_highlightdrop2
	UnidentifiedItemTier >= 3
	Rarity Magic
	BaseType == "Crimson Amulet" "Double Belt" "Emerald Ring" "Fine Belt" "Heavy Belt" "Iron Ring" "Lazuli Ring" "Long Belt" "Rawhide Belt"
	AreaLevel >= 65
SetTextColor 100 100 255 255
SetFontSize 40

Show # %D4 $type->ut->magic $tier->j2c !gear_highlightdrop2
	UnidentifiedItemTier >= 2
	Rarity Magic
	BaseType == "Crimson Amulet" "Double Belt" "Emerald Ring" "Fine Belt" "Heavy Belt" "Iron Ring" "Lazuli Ring" "Long Belt" "Rawhide Belt"
	AreaLevel >= 65
SetTextColor 100 100 255 255
SetFontSize 40

Show # %D5 $type->ut->magic $tier->anyremaining5gear !exotics_ctier
	UnidentifiedItemTier >= 5
	Rarity Magic
	Class == "Body Armours" "Boots" "Bows" "Bucklers" "Crossbows" "Foci" "Gloves" "Helmets" "One Hand Maces" "Quarterstaves" "Quivers" "Sceptres" "Shields" "Spears" "Staves" "Talismans" "Two Hand Maces" "Wands"
	AreaLevel >= 65
SetBackgroundColor 20 20 0 255
SetBorderColor 100 100 255 255
PlayEffect Blue Temp
SetTextColor 100 100 255 255
SetFontSize 45

Show # %D4 $type->ut->magic $tier->anyremaining4gear !gear_highlightdrop2
	UnidentifiedItemTier >= 4
	Rarity Magic
	Class == "Body Armours" "Boots" "Bows" "Bucklers" "Crossbows" "Foci" "Gloves" "Helmets" "One Hand Maces" "Quarterstaves" "Quivers" "Sceptres" "Shields" "Spears" "Staves" "Talismans" "Two Hand Maces" "Wands"
	AreaLevel >= 65
SetTextColor 100 100 255 255
SetFontSize 40

Show # %D6 $type->ut->magic $tier->anyremaining5j !exotics_ctier
	UnidentifiedItemTier >= 5
	Rarity Magic
	Class == "Amulets" "Belts" "Rings"
	AreaLevel >= 65
MinimapIcon 1 Blue Diamond
PlayEffect Blue
PlayAlertSound 2 300
SetBackgroundColor 30 0 70 255
SetBorderColor 0 70 255 255
SetTextColor 0 70 255 255
SetFontSize 45

Show # %D6 $type->ut->magic $tier->anyremaining4j !gear_highlightdrop2
	UnidentifiedItemTier >= 4
	Rarity Magic
	Class == "Amulets" "Belts" "Rings"
	AreaLevel >= 65
SetTextColor 100 100 255 255
SetFontSize 40

#===============================================================================================================
# [[0900]] Endgame Flasks
#===============================================================================================================
# !! Waypoint c3.flasks.endgame : "Flasks (Endgame)" : "SalvageMisc"

Show # %D5 $type->endgame->flasks $tier->toplevelqualityflasks
	Mirrored False
	Corrupted False
	Quality > 10
	ItemLevel >= 83
	Rarity Normal Magic
	BaseType == "Ultimate Life Flask" "Ultimate Mana Flask"
	AreaLevel >= 65
	SetFontSize 40
	SetBorderColor 245 175 0
	SetBackgroundColor 10 60 40

Show # %D5 $type->endgame->flasks $tier->toplevelflasks
	Mirrored False
	Corrupted False
	ItemLevel >= 83
	Rarity Normal Magic
	BaseType == "Ultimate Life Flask" "Ultimate Mana Flask"
	AreaLevel >= 65
	SetFontSize 40
	SetBorderColor 245 175 0
	SetBackgroundColor 10 60 40

#Show # %D1 $type->endgame->flasks $tier->earlymappinglifemana !typebased_flaskcharms
#	Mirrored False
#	Corrupted False
#	Quality 0
#	ItemLevel >= 65
#	Rarity Normal Magic
#	BaseType == "Ultimate Life Flask" "Ultimate Mana Flask"
#	AreaLevel >= 65
#	AreaLevel <= 67
#	SetFontSize 40
#	SetBorderColor 100 100 100
#	SetBackgroundColor 10 60 40

#===============================================================================================================
# [[1000]] Endgame Charms
#===============================================================================================================
# !! Waypoint c3.charms.endgame : "Charms (Endgame)" : "SalvageMisc"

Show # %D9 $type->endgame->charms $tier->topqualitycharms !exotics_btier
	Mirrored False
	Corrupted False
	Quality >= 18
	ItemLevel >= 82
	Rarity Normal Magic
	Class == "Charms"
	AreaLevel >= 65
MinimapIcon 0 Blue Diamond
PlayEffect Blue
PlayAlertSound 3 300
SetBackgroundColor 0 75 30 255
SetBorderColor 0 240 190 255
SetTextColor 219 232 229 255
SetFontSize 42

Show # %D5 $type->endgame->charms $tier->hight1charms !typebased_flaskcharms1high
	Mirrored False
	Corrupted False
	ItemLevel >= 83
	Rarity Normal Magic
	Class == "Charms"
	BaseType == "Amethyst Charm" "Antidote Charm" "Dousing Charm" "Golden Charm" "Grounding Charm" "Stone Charm" "Thawing Charm"
	AreaLevel >= 65
	SetFontSize 40
	SetBorderColor 245 175 0
	SetBackgroundColor 10 60 40

Show # %D4 $type->endgame->charms $tier->highothercharms !typebased_flaskcharms1high
	Mirrored False
	Corrupted False
	ItemLevel >= 83
	Rarity Normal Magic
	Class == "Charms"
	BaseType == "Amethyst Charm" "Antidote Charm" "Dousing Charm" "Golden Charm" "Grounding Charm" "Ruby Charm" "Sapphire Charm" "Silver Charm" "Staunching Charm" "Stone Charm" "Thawing Charm" "Topaz Charm"
	AreaLevel >= 65
	SetFontSize 40
	SetBorderColor 245 175 0
	SetBackgroundColor 10 60 40

Show # %D3 $type->endgame->charms $tier->qualitycharms !typebased_flaskcharms
	Mirrored False
	Corrupted False
	Quality > 0
	Rarity Normal Magic
	Class == "Charms"
	AreaLevel >= 65
	SetFontSize 40
	SetBorderColor 100 100 100
	SetBackgroundColor 10 60 40

Show # %D4 $type->endgame->charms $tier->earlymappingcharms !typebased_flaskcharms
	Mirrored False
	Corrupted False
	Rarity Normal Magic
	Class == "Charms"
	BaseType == "Amethyst Charm" "Antidote Charm" "Dousing Charm" "Golden Charm" "Grounding Charm" "Stone Charm" "Thawing Charm"
	AreaLevel >= 65
	AreaLevel <= 70
	SetFontSize 40
	SetBorderColor 100 100 100
	SetBackgroundColor 10 60 40

Show # %D2 $type->endgame->charms $tier->anycharm !typebased_flaskcharms
	Mirrored False
	Corrupted False
	Rarity Normal Magic
	Class == "Charms"
	AreaLevel >= 65
	SetFontSize 40
	SetBorderColor 100 100 100
	SetBackgroundColor 10 60 40

#===============================================================================================================
# [[1100]] Normal and Magic Items: Endgame
#===============================================================================================================

#------------------------------------
#   [1101] Normal, Magic Crafting Decorators
#------------------------------------
# !! Waypoint c4.gear.crafting.decorators : "Crafting Decorators - Visual override for crafting items" : "Technical"

Show # $type->endgame->normalcraft->decorator $tier->regulargeardecorator !gear_unstyled
	Mirrored False
	Corrupted False
	Rarity Normal Magic
	Class == "Amulets" "Belts" "Body Armours" "Boots" "Bows" "Bucklers" "Crossbows" "Foci" "Gloves" "Helmets" "One Hand Maces" "Quarterstaves" "Quivers" "Rings" "Sceptres" "Shields" "Spears" "Staves" "Talismans" "Two Hand Maces" "Wands"
	AreaLevel >= 65
	Continue

#Show  # $type->endgame->normalcraft->decorator $tier->normal80 !gear_unstyled
#	Mirrored False
#	Corrupted False
#	ItemLevel >= 80
#	Rarity Normal Magic
#	Class == "Amulets" "Belts" "Body Armours" "Boots" "Bows" "Bucklers" "Crossbows" "Foci" "Gloves" "Helmets" "One Hand Maces" "Quarterstaves" "Quivers" "Rings" "Sceptres" "Shields" "Spears" "Staves" "Talismans" "Two Hand Maces" "Wands"
#	AreaLevel >= 65
#	Continue

Show # $type->endgame->normalcraft->decorator $tier->normal82 !itemproperty_toplevelbased1
	Mirrored False
	Corrupted False
	ItemLevel >= 82
	Rarity Normal Magic
	Class == "Amulets" "Belts" "Body Armours" "Boots" "Bows" "Bucklers" "Crossbows" "Foci" "Gloves" "Helmets" "One Hand Maces" "Quarterstaves" "Quivers" "Rings" "Sceptres" "Shields" "Spears" "Staves" "Talismans" "Two Hand Maces" "Wands"
	AreaLevel >= 65
	SetBorderColor 122 87 0
	Continue

Show # $type->endgame->normalcraft->decorator $tier->qualitydecorator1 !itemproperty_salvage1
	Mirrored False
	Corrupted False
	Quality >= 10
	Rarity Normal Magic
	Class == "Amulets" "Belts" "Body Armours" "Boots" "Bows" "Bucklers" "Crossbows" "Foci" "Gloves" "Helmets" "One Hand Maces" "Quarterstaves" "Quivers" "Rings" "Sceptres" "Shields" "Spears" "Staves" "Talismans" "Two Hand Maces" "Wands"
	AreaLevel >= 65
	SetFontSize 38
	SetBorderColor 180 180 180
	Continue

Show # $type->endgame->normalcraft->decorator $tier->qualitydecorator2 !itemproperty_salvage2
	Mirrored False
	Corrupted False
	Quality >= 1
	Rarity Normal Magic
	Class == "Amulets" "Belts" "Body Armours" "Boots" "Bows" "Bucklers" "Crossbows" "Foci" "Gloves" "Helmets" "One Hand Maces" "Quarterstaves" "Quivers" "Rings" "Sceptres" "Shields" "Spears" "Staves" "Talismans" "Two Hand Maces" "Wands"
	AreaLevel >= 65
	SetFontSize 35
	SetBorderColor 127 127 127
	Continue

Show # $type->endgame->normalcraft->decorator $tier->normaldecoratorjwlry !gear_unstyled
	Mirrored False
	Corrupted False
	Rarity Normal Magic
	Class == "Amulets" "Rings"
	AreaLevel >= 65
	Continue

#------------------------------------
#   [1102] Additional High Value Rules
#------------------------------------
# !! Waypoint c4.gear.crafting.all : "Crafting Bases - Handpicked Magic and Normal Bases" : "Crafting"

Show # %D3 $type->endgame->normalcraft->extra $tier->wands !itemproperty_toplevelbased1
	Mirrored False
	Corrupted False
	ItemLevel >= 81
	Rarity Normal Magic
	BaseType == "Dueling Wand" "Galvanic Wand" "Withered Wand"
	SetBorderColor 122 87 0

#------------------------------------
#   [1103] Normal, Magic Crafting: Level 82+
#------------------------------------

# Best itemlevel bases (82)

Show # %D5 $type->endgame->normalcraft->any $tier->t1ideallevel !gear_unstyled
Mirrored False
Corrupted False
ItemLevel >= 82
Rarity Normal Magic
BaseType == "Adherent Cuffs" "Akoyan Spear" "Alpha Talisman" "Ancestral Tiara" "Blacksteel Crest Shield" "Blacksteel Gauntlets" "Blacksteel Sabatons" "Bolting Quarterstaff" "Chiming Staff" "Conjurer Mantle" "Corsair Coat" "Cryptic Crown" "Cryptic Leggings" "Daggerfoot Shoes" "Dastard Armour" "Desert Buckler" "Desolate Crossbow" "Drakeskin Boots" "Dueling Wand" "Falconer's Jacket" "Fanatic Greathammer" "Freebooter Cap" "Galvanic Wand" "Gemini Bow" "Gladiatorial Helm" "Golden Targe" "Grinning Mask" "Imperial Greathelm" "Jade Talisman" "Maji Talisman" "Massive Mitts" "Obliterator Bow" "Paralysing Staff" "Polished Bracers" "Primed Quiver" "Rattling Sceptre" "Razor Quarterstaff" "Secured Wraps" "Sekhema Sandals" "Siege Crossbow" "Sinister Quarterstaff" "Sirenscale Gloves" "Skullcrusher Quarterstaff" "Tasalian Focus" "Tasalian Greaves" "Tawhoan Tower Shield" "Trarthan Cannon" "Warlord Cuirass" "Warmonger Bow" "Withered Wand"

Show # %D2 $type->endgame->normalcraft->any $tier->t2ideallevel !gear_unstyled
Mirrored False
Corrupted False
ItemLevel >= 82
Rarity Normal Magic
BaseType == "Acrid Wand" "Aegis Quarterstaff" "Akoyan Club" "Ancient Buckler" "Ancient Cuffs" "Apostle Leggings" "Ashbark Talisman" "Attuned Wand" "Austere Garb" "Barbed Bracers" "Baroque Targe" "Cavalry Boots" "Champion Helm" "Charmed Shoes" "Cinched Boots" "Commander Gauntlets" "Cryptic Helm" "Cultist Gauntlets" "Death Mantle" "Desert Cap" "Divine Crown" "Dragonscale Boots" "Dreaming Quarterstaff" "Elegant Crossbow" "Elegant Wraps" "Fanatic Bow" "Fang Talisman" "Faridun Mask" "Feathered Raiment" "Flexed Crossbow" "Flowing Raiment" "Fortified Hammer" "Fortress Sabatons" "Fortress Tower Shield" "Fungal Talisman" "Gemini Crossbow" "Gleaming Cuffs" "Grand Bracers" "Grand Spear" "Guardian Bow" "Guardian Spear" "Kamasan Tiara" "Leyline Focus" "Luxurious Slippers" "Masked Greathelm" "Noble Sabatons" "Opulent Gloves" "Ornate Greaves" "Ornate Mitts" "Ornate Plate" "Paragon Greathelm" "Penetrating Quiver" "Quickslip Shoes" "Rambler Jacket" "Reaping Staff" "Roaring Staff" "Ruination Maul" "Sacramental Robe" "Sacred Focus" "Saintly Crown" "Sanctified Staff" "Sandsworn Sandals" "Seastorm Mantle" "Shrouded Mail" "Siphoning Wand" "Soaring Mask" "Soaring Spear" "Soaring Targe" "Sorcerous Tiara" "Spiked Spear" "Stalking Bracers" "Stalking Spear" "Stoic Sceptre" "Strife Pick" "Striking Quarterstaff" "Swiftstalker Coat" "Tawhoan Greatclub" "Thane Mail" "Thunder Talisman" "Trapper Hood" "Utzaal Cuirass" "Vaal Crest Shield" "Vaal Gloves" "Vaal Greaves" "Vaal Mitts" "Vaal Tower Shield" "Vaal Wraps" "Visceral Quiver" "Volant Quiver" "Voltaic Staff" "Warlock Leggings" "Woven Cap" "Wrath Sceptre" "Wyrmscale Coat" "Death Mail" "Flying Spear" "Marauding Mace" "Massive Greathammer" "Omen Sceptre" "Sleek Jacket" "Slipstrike Vest" "Soldier Cuirass" "Vile Robe" "Wolfskin Mantle"

#Show  # $type->endgame->normalcraft->any $tier->t3ideallevel !gear_unstyled
#	Mirrored False
#	Corrupted False
#	ItemLevel >= 82
#	Rarity Normal Magic
#	BaseType == "Adorned Wraps" "Anvil Maul" "Ashen Staff" "Avian Mask" "Bastion Sabatons" "Bladed Quarterstaff" "Bone Wand" "Bound Cuffs" "Bound Sandals" "Brigand Mask" "Bulwark Greaves" "Cannonade Crossbow" "Carved Greaves" "Cassis Helm" "Cavalry Bow" "Ceremonial Robe" "Condemned Talisman" "Crown Mace" "Deerstalker Hood" "Druidic Crown" "Druidic Focus" "Dunerunner Sandals" "Engraved Crossbow" "Faithful Leggings" "Feathered Mitts" "Flanged Mace" "Gelid Staff" "Gold Gloves" "Golden Mail" "Goldworked Tower Shield" "Grim Gloves" "Guardian Quarterstaff" "Gutspike Buckler" "Hallowed Focus" "Hawker's Jacket" "Heartcarver Mantle" "Inquisitor Crown" "Intricate Crest Shield" "Ironwood Greathammer" "Ironwood Shortbow" "Jungle Tiara" "Knightly Mitts" "Lizardscale Coat" "Lunar Quarterstaff" "Mammoth Targe" "Molten Hammer" "Noble Greathelm" "Orichalcum Spear" "Ornate Buckler" "Ornate Cuffs" "Pronged Spear" "Pyrophyte Staff" "Royal Tower Shield" "Sacred Maul" "Seaglass Spear" "Sekheman Crest Shield" "Serpentscale Boots" "Shamanistic Leggings" "Shrine Sceptre" "Skycrown Tiara" "Spiked Bracers" "Spiny Talisman" "Steelmail Gauntlets" "Stone Cuirass" "Stout Crossbow" "Toxic Quiver" "Trailblazer Armour" "Treerunner Shoes" "Twin Bow" "Two-Point Quiver" "Veteran Sabatons" "Volatile Wand" "Wanderer Shoes" "War Wraps" "Warded Helm" "Warmonger Greathelm" "Wildwood Talisman" "Wingbeat Talisman" "Zealot Gauntlets"

#------------------------------------
#   [1104] Normal, Magic Crafting: Optional Rules
#------------------------------------
# Matrix pauses: Optional: highlight +5minion bases for sumonners (81)

#Show  # $type->endgame->normalcraft->any $tier->minionsceptresoptional !itemproperty_toplevelbased1
#	Mirrored False
#	Corrupted False
#	ItemLevel >= 81
#	Rarity Normal Magic
#	Class == "Sceptres"
#	SetBorderColor 122 87 0

#------------------------------------
#   [1105] Normal, Magic Crafting: Endgame Progression
#------------------------------------
# Matrix proceeds here. Best available bases

Show # %D4 $type->endgame->normalcraft->any $tier->t1 !gear_unstyled
Mirrored False
Corrupted False
Rarity Normal Magic
BaseType == "Adherent Cuffs" "Akoyan Spear" "Alpha Talisman" "Ancestral Tiara" "Blacksteel Crest Shield" "Blacksteel Gauntlets" "Blacksteel Sabatons" "Bolting Quarterstaff" "Chiming Staff" "Conjurer Mantle" "Corsair Coat" "Cryptic Crown" "Cryptic Leggings" "Daggerfoot Shoes" "Dastard Armour" "Desert Buckler" "Desolate Crossbow" "Drakeskin Boots" "Dueling Wand" "Falconer's Jacket" "Fanatic Greathammer" "Freebooter Cap" "Galvanic Wand" "Gemini Bow" "Gladiatorial Helm" "Golden Targe" "Grinning Mask" "Imperial Greathelm" "Jade Talisman" "Maji Talisman" "Massive Mitts" "Obliterator Bow" "Paralysing Staff" "Polished Bracers" "Primed Quiver" "Rattling Sceptre" "Razor Quarterstaff" "Secured Wraps" "Sekhema Sandals" "Siege Crossbow" "Sinister Quarterstaff" "Sirenscale Gloves" "Skullcrusher Quarterstaff" "Tasalian Focus" "Tasalian Greaves" "Tawhoan Tower Shield" "Trarthan Cannon" "Warlord Cuirass" "Warmonger Bow" "Withered Wand"
AreaLevel >= 65

#Show # %D3 $type->endgame->normalcraft->any $tier->t2onlevel !gear_unstyled
#	Mirrored False
#	Corrupted False
#	Rarity Normal Magic
#	BaseType == "Acrid Wand" "Aegis Quarterstaff" "Akoyan Club" "Ancient Buckler" "Ancient Cuffs" "Apostle Leggings" "Ashbark Talisman" "Attuned Wand" "Austere Garb" "Barbed Bracers" "Baroque Targe" "Cavalry Boots" "Champion Helm" "Charmed Shoes" "Cinched Boots" "Commander Gauntlets" "Cryptic Helm" "Cultist Gauntlets" "Death Mantle" "Desert Cap" "Divine Crown" "Dragonscale Boots" "Dreaming Quarterstaff" "Elegant Crossbow" "Elegant Wraps" "Fanatic Bow" "Fang Talisman" "Faridun Mask" "Feathered Raiment" "Flexed Crossbow" "Flowing Raiment" "Fortified Hammer" "Fortress Sabatons" "Fortress Tower Shield" "Fungal Talisman" "Gemini Crossbow" "Gleaming Cuffs" "Grand Bracers" "Grand Spear" "Guardian Bow" "Guardian Spear" "Kamasan Tiara" "Leyline Focus" "Luxurious Slippers" "Masked Greathelm" "Noble Sabatons" "Opulent Gloves" "Ornate Greaves" "Ornate Mitts" "Ornate Plate" "Paragon Greathelm" "Penetrating Quiver" "Quickslip Shoes" "Rambler Jacket" "Reaping Staff" "Roaring Staff" "Ruination Maul" "Sacramental Robe" "Sacred Focus" "Saintly Crown" "Sanctified Staff" "Sandsworn Sandals" "Seastorm Mantle" "Shrouded Mail" "Siphoning Wand" "Soaring Mask" "Soaring Spear" "Soaring Targe" "Sorcerous Tiara" "Spiked Spear" "Stalking Bracers" "Stalking Spear" "Stoic Sceptre" "Strife Pick" "Striking Quarterstaff" "Swiftstalker Coat" "Tawhoan Greatclub" "Thane Mail" "Thunder Talisman" "Trapper Hood" "Utzaal Cuirass" "Vaal Crest Shield" "Vaal Gloves" "Vaal Greaves" "Vaal Mitts" "Vaal Tower Shield" "Vaal Wraps" "Visceral Quiver" "Volant Quiver" "Voltaic Staff" "Warlock Leggings" "Woven Cap" "Wrath Sceptre" "Wyrmscale Coat" "Death Mail" "Flying Spear" "Marauding Mace" "Massive Greathammer" "Omen Sceptre" "Sleek Jacket" "Slipstrike Vest" "Soldier Cuirass" "Vile Robe" "Wolfskin Mantle"
#	AreaLevel >= 65
#	AreaLevel <= 75

#Show # %D2 $type->endgame->normalcraft->any $tier->t3onlevel !gear_unstyled
#	Mirrored False
#	Corrupted False
#	Rarity Normal Magic
#	BaseType == "Adorned Wraps" "Anvil Maul" "Ashen Staff" "Avian Mask" "Bastion Sabatons" "Bladed Quarterstaff" "Bone Wand" "Bound Cuffs" "Bound Sandals" "Brigand Mask" "Bulwark Greaves" "Cannonade Crossbow" "Carved Greaves" "Cassis Helm" "Cavalry Bow" "Ceremonial Robe" "Condemned Talisman" "Crown Mace" "Deerstalker Hood" "Druidic Crown" "Druidic Focus" "Dunerunner Sandals" "Engraved Crossbow" "Faithful Leggings" "Feathered Mitts" "Flanged Mace" "Gelid Staff" "Gold Gloves" "Golden Mail" "Goldworked Tower Shield" "Grim Gloves" "Guardian Quarterstaff" "Gutspike Buckler" "Hallowed Focus" "Hawker's Jacket" "Heartcarver Mantle" "Inquisitor Crown" "Intricate Crest Shield" "Ironwood Greathammer" "Ironwood Shortbow" "Jungle Tiara" "Knightly Mitts" "Lizardscale Coat" "Lunar Quarterstaff" "Mammoth Targe" "Molten Hammer" "Noble Greathelm" "Orichalcum Spear" "Ornate Buckler" "Ornate Cuffs" "Pronged Spear" "Pyrophyte Staff" "Royal Tower Shield" "Sacred Maul" "Seaglass Spear" "Sekheman Crest Shield" "Serpentscale Boots" "Shamanistic Leggings" "Shrine Sceptre" "Skycrown Tiara" "Spiked Bracers" "Spiny Talisman" "Steelmail Gauntlets" "Stone Cuirass" "Stout Crossbow" "Toxic Quiver" "Trailblazer Armour" "Treerunner Shoes" "Twin Bow" "Two-Point Quiver" "Veteran Sabatons" "Volatile Wand" "Wanderer Shoes" "War Wraps" "Warded Helm" "Warmonger Greathelm" "Wildwood Talisman" "Wingbeat Talisman" "Zealot Gauntlets"
#	AreaLevel >= 65
#	AreaLevel <= 70

#------------------------------------
#   [1106] Normal, Magic Crafting: Rings+Amulets
#------------------------------------
# !! Waypoint c4.gear.jewellery : "Jewellery - Endgame Magic&Normal" : "Crafting"

Show # %D7 $type->endgame->jewellery $tier->jt1ideallevel !gear_highlightdrop2
	Mirrored False
	Corrupted False
	ItemLevel >= 82
	Rarity Normal Magic
	BaseType == "Amethyst Ring" "Breach Ring" "Prismatic Ring" "Solar Amulet"
	AreaLevel >= 65
SetTextColor 100 100 255 255
SetFontSize 40

Show # %D5 $type->endgame->jewellery $tier->jt2ideallevel !gear_highlightdrop2
	Mirrored False
	Corrupted False
	ItemLevel >= 82
	Rarity Normal Magic
	BaseType == "Amber Amulet" "Azure Amulet" "Bloodstone Amulet" "Gold Amulet" "Gold Ring" "Jade Amulet" "Lapis Amulet" "Lunar Amulet" "Pearl Ring" "Plate Belt" "Ruby Ring" "Sapphire Ring" "Stellar Amulet" "Topaz Ring" "Unset Ring" "Utility Belt"
	AreaLevel >= 65
SetTextColor 100 100 255 255
SetFontSize 40

Show # %D3 $type->endgame->jewellery $tier->jt3ideallevel !utility_highlight3
	Mirrored False
	Corrupted False
	ItemLevel >= 82
	Rarity Normal Magic
	BaseType == "Crimson Amulet" "Double Belt" "Emerald Ring" "Fine Belt" "Heavy Belt" "Iron Ring" "Lazuli Ring" "Long Belt" "Rawhide Belt"
	AreaLevel >= 65
	SetFontSize 40

Show # %D2 $type->endgame->jewellery $tier->jt4ideallevel !utility_highlight3
	Mirrored False
	Corrupted False
	ItemLevel >= 82
	Rarity Normal Magic
	BaseType == "Linen Belt" "Mail Belt" "Ornate Belt" "Wide Belt"
	AreaLevel >= 65
	SetFontSize 40

Show # %D5 $type->endgame->jewellery $tier->jt1 !gear_highlightdrop3
	Mirrored False
	Corrupted False
	Rarity Normal Magic
	BaseType == "Amethyst Ring" "Breach Ring" "Prismatic Ring" "Solar Amulet"
	AreaLevel >= 65
SetTextColor 100 100 255 255
SetFontSize 40

Show # %D4 $type->endgame->jewellery $tier->jt2 !gear_highlightdrop3
	Mirrored False
	Corrupted False
	Rarity Normal Magic
	BaseType == "Amber Amulet" "Azure Amulet" "Bloodstone Amulet" "Gold Amulet" "Gold Ring" "Jade Amulet" "Lapis Amulet" "Lunar Amulet" "Pearl Ring" "Plate Belt" "Ruby Ring" "Sapphire Ring" "Stellar Amulet" "Topaz Ring" "Unset Ring" "Utility Belt"
	AreaLevel >= 65
SetTextColor 100 100 255 255
SetFontSize 40

Show # %D3 $type->endgame->jewellery $tier->jt3 !utility_highlight4
	Mirrored False
	Corrupted False
	Rarity Normal Magic
	BaseType == "Crimson Amulet" "Double Belt" "Emerald Ring" "Fine Belt" "Heavy Belt" "Iron Ring" "Lazuli Ring" "Long Belt" "Rawhide Belt"
	AreaLevel >= 65
	SetFontSize 38

#Show # %D2 $type->endgame->jewellery $tier->jt4 !utility_highlight4
#	Mirrored False
#	Corrupted False
#	Rarity Normal Magic
#	BaseType == "Linen Belt" "Mail Belt" "Ornate Belt" "Wide Belt"
#	AreaLevel >= 65
#	SetFontSize 38

#------------------------------------
#   [1107] Normal, Magic Crafting: Decorator Removers
#------------------------------------

Show # $type->endgame->normalcraft->decorator $tier->magicdecoratorremover !utility_decoremovermagic
	Mirrored False
	Corrupted False
	Rarity Magic
	Class == "Amulets" "Belts" "Body Armours" "Boots" "Bows" "Bucklers" "Crossbows" "Foci" "Gloves" "Helmets" "One Hand Maces" "Quarterstaves" "Quivers" "Rings" "Sceptres" "Shields" "Spears" "Staves" "Talismans" "Two Hand Maces" "Wands"
	AreaLevel >= 65
	SetFontSize 32
	SetTextColor 136 136 255
	SetBorderColor 0 0 0 255
	SetBackgroundColor 20 20 0 240
	Continue

Show # $type->endgame->normalcraft->decorator $tier->normaldecoratorremover !utility_decoremovernormal
	Mirrored False
	Corrupted False
	Rarity Normal
	Class == "Amulets" "Belts" "Body Armours" "Boots" "Bows" "Bucklers" "Crossbows" "Foci" "Gloves" "Helmets" "One Hand Maces" "Quarterstaves" "Quivers" "Rings" "Sceptres" "Shields" "Spears" "Staves" "Talismans" "Two Hand Maces" "Wands"
	AreaLevel >= 65
	SetFontSize 32
	SetTextColor 200 200 200
	SetBorderColor 0 0 0 255
	SetBackgroundColor 20 20 0 240
	Continue

#------------------------------------
#   [1108] Salvagables
#------------------------------------
# !! Waypoint c4.gear.salvagable : "Normal-Rare items, excluding High Tier & Chancing" : "SalvageMisc"

# Double Quality Currencies

#Show # %D3 $type->endgame->salvagable $tier->quality2martialany !itemproperty_salvage2
#	Quality >= 10
#	UnidentifiedItemTier <= 2
#	Rarity Normal Magic
#	Class == "Bows" "Crossbows" "One Hand Maces" "Quarterstaves" "Spears" "Talismans" "Two Hand Maces"
#	AreaLevel >= 65
#	SetFontSize 35
#	SetBorderColor 127 127 127

#Show # %D3 $type->endgame->salvagable $tier->quality2casterany !itemproperty_salvage1
#	Quality >= 10
#	UnidentifiedItemTier <= 2
#	Rarity Normal Magic
#	Class == "Sceptres" "Staves" "Wands"
#	AreaLevel >= 65
#	SetFontSize 38
#	SetBorderColor 180 180 180

#Show # %D5 $type->endgame->salvagable $tier->quality2armorany !itemproperty_salvage1
#	Quality >= 10
#	UnidentifiedItemTier <= 2
#	Rarity Normal Magic
#	Class == "Body Armours" "Boots" "Bucklers" "Foci" "Gloves" "Helmets" "Shields"
#	AreaLevel >= 65
#	SetFontSize 38
#	SetBorderColor 180 180 180

#Show # %D4 $type->endgame->salvagable $tier->quality2flask !itemproperty_salvage1
#	Quality >= 10
#	UnidentifiedItemTier <= 2
#	Rarity Normal Magic
#	Class == "Charms" "Life Flasks" "Mana Flasks"
#	AreaLevel >= 65
#	SetFontSize 38
#	SetBorderColor 180 180 180

# Single Quality Currencies

#Show # %D2 $type->endgame->salvagable $tier->qualitymartialany !itemproperty_salvage2
#	Quality >= 1
#	UnidentifiedItemTier <= 2
#	Rarity Normal Magic
#	Class == "Bows" "Crossbows" "One Hand Maces" "Quarterstaves" "Spears" "Talismans" "Two Hand Maces"
#	AreaLevel >= 65
#	SetFontSize 35
#	SetBorderColor 127 127 127

#Show # %D2 $type->endgame->salvagable $tier->qualitycasterany !itemproperty_salvage2
#	Quality >= 1
#	UnidentifiedItemTier <= 2
#	Rarity Normal Magic
#	Class == "Sceptres" "Staves" "Wands"
#	AreaLevel >= 65
#	SetFontSize 35
#	SetBorderColor 127 127 127

#Show # %D4 $type->endgame->salvagable $tier->qualityarmorany !itemproperty_salvage2
#	Quality >= 1
#	UnidentifiedItemTier <= 2
#	Rarity Normal Magic
#	Class == "Body Armours" "Boots" "Bucklers" "Foci" "Gloves" "Helmets" "Shields"
#	AreaLevel >= 65
#	SetFontSize 35
#	SetBorderColor 127 127 127

#Show # %D4 $type->endgame->salvagable $tier->qualityflask !itemproperty_salvage2
#	Quality >= 1
#	UnidentifiedItemTier <= 2
#	Rarity Normal Magic
#	Class == "Charms" "Life Flasks" "Mana Flasks"
#	AreaLevel >= 65
#	SetFontSize 35
#	SetBorderColor 127 127 127

# Artificer Scraps

Show # %D2 $type->endgame->salvagable $tier->socketssmall1 !itemproperty_salvage2
	Sockets > 0
	UnidentifiedItemTier <= 2
	Width <= 2
	Height <= 2
	Rarity Normal Magic
	Class == "Amulets" "Belts" "Body Armours" "Boots" "Bows" "Bucklers" "Crossbows" "Foci" "Gloves" "Helmets" "One Hand Maces" "Quarterstaves" "Quivers" "Rings" "Sceptres" "Shields" "Spears" "Staves" "Talismans" "Two Hand Maces" "Wands"
	AreaLevel >= 65
	SetFontSize 35
	SetBorderColor 127 127 127

Show # %D2 $type->endgame->salvagable $tier->socketssmall2 !itemproperty_salvage2
	Sockets > 0
	UnidentifiedItemTier <= 2
	Width <= 1
	Height <= 4
	Rarity Normal Magic
	Class == "Amulets" "Belts" "Body Armours" "Boots" "Bows" "Bucklers" "Crossbows" "Foci" "Gloves" "Helmets" "One Hand Maces" "Quarterstaves" "Quivers" "Rings" "Sceptres" "Shields" "Spears" "Staves" "Talismans" "Two Hand Maces" "Wands"
	AreaLevel >= 65
	SetFontSize 35
	SetBorderColor 127 127 127

#Show # %D1 $type->endgame->salvagable $tier->socketsothers !itemproperty_salvage2
#	Sockets > 0
#	UnidentifiedItemTier <= 2
#	Rarity Normal Magic
#	Class == "Amulets" "Belts" "Body Armours" "Boots" "Bows" "Bucklers" "Crossbows" "Foci" "Gloves" "Helmets" "One Hand Maces" "Quarterstaves" "Quivers" "Rings" "Sceptres" "Shields" "Spears" "Staves" "Talismans" "Two Hand Maces" "Wands"
#	AreaLevel >= 65
#	SetFontSize 35
#	SetBorderColor 127 127 127

Show # $type->special->alwaysshow $tier->any !exotics_dtier
	AlwaysShow True
	Rarity Normal Magic Rare
	Class == "Amulets" "Belts" "Body Armours" "Boots" "Bows" "Bucklers" "Crossbows" "Foci" "Gloves" "Helmets" "One Hand Maces" "Quarterstaves" "Quivers" "Rings" "Sceptres" "Shields" "Spears" "Staves" "Talismans" "Two Hand Maces" "Wands"
SetBackgroundColor 20 20 0 255
SetBorderColor 100 100 255 255
PlayEffect Blue Temp
SetTextColor 100 100 255 255
SetFontSize 45

#===============================================================================================================
# [[1200]] Hide Layer 1 - Normal and Magic Endgame Gear
#===============================================================================================================
# !! Waypoint c5.hidelayer.normalmagic : "HIDELAYER - All other endgame equipment normal&magic items" : "Technical"

#Show # %D0 $type->lowstrictnessshowlayer $tier->normalmagicendgameany !utility_unremarkabledrop
#	Rarity Normal Magic
#	Class == "Amulets" "Belts" "Body Armours" "Boots" "Bows" "Bucklers" "Charms" "Crossbows" "Foci" "Gloves" "Helmets" "Life Flasks" "Mana Flasks" "One Hand Maces" "Quarterstaves" "Quivers" "Rings" "Sceptres" "Shields" "Spears" "Staves" "Talismans" "Two Hand Maces" "Wands"
#	AreaLevel >= 65
#	SetFontSize 26
#	SetBorderColor 0 0 0 0
#	SetBackgroundColor 20 20 0 140
#	DisableDropSound True

Hide # $type->hidelayer $tier->normalmagicendgame
	Rarity Normal Magic
	Class == "Amulets" "Belts" "Body Armours" "Boots" "Bows" "Bucklers" "Charms" "Crossbows" "Foci" "Gloves" "Helmets" "Life Flasks" "Mana Flasks" "One Hand Maces" "Quarterstaves" "Quivers" "Rings" "Sceptres" "Shields" "Spears" "Staves" "Talismans" "Two Hand Maces" "Wands"
	AreaLevel >= 65
	SetFontSize 18
	SetBorderColor 0 0 0 0
	SetBackgroundColor 20 20 0 0
	DisableDropSound True

#===============================================================================================================
# [[1300]] Endgame - Conditional Hide Layers
#===============================================================================================================
# !! Waypoint c6.rare.optionalhide : "Rare Endgame Items - (Optional) Hiding Corrupted and Mirrored Items" : "Technical"

#Hide  # $type->conditionalhide $tier->idhider !utility_minimize
#	Identified True
#	ItemLevel >= 65
#	Rarity Rare
#	Class == "Amulets" "Belts" "Body Armours" "Boots" "Bows" "Bucklers" "Crossbows" "Foci" "Gloves" "Helmets" "One Hand Maces" "Quarterstaves" "Quivers" "Rings" "Sceptres" "Shields" "Spears" "Staves" "Talismans" "Two Hand Maces" "Wands"
#	SetFontSize 18
#	SetBackgroundColor 20 20 0 0

#Hide  # $type->conditionalhide $tier->corruptedrares !utility_minimize
#	AnyEnchantment False
#	Corrupted True
#	Identified False
#	ItemLevel >= 65
#	Rarity Rare
#	Class == "Body Armours" "Boots" "Bows" "Bucklers" "Crossbows" "Foci" "Gloves" "Helmets" "One Hand Maces" "Quarterstaves" "Quivers" "Sceptres" "Shields" "Spears" "Staves" "Talismans" "Two Hand Maces" "Wands"
#	SetFontSize 18
#	SetBackgroundColor 20 20 0 0

#===============================================================================================================
# [[1400]] Endgame - Rare - Jewellery
#===============================================================================================================
# !! Waypoint c6.rare.jewellery.all : "Rare Endgame Items - Amulets, Rings" : "Rares"

Show # %D7 $type->rr->jewelleryeg $tier->t1 !gear_jewellery1
	ItemLevel >= 82
	Rarity Rare
	BaseType == "Amethyst Ring" "Breach Ring" "Prismatic Ring" "Solar Amulet"
MinimapIcon 1 Yellow Diamond
PlayEffect Yellow
SetBackgroundColor 53 2 83 255
SetBorderColor 255 255 255 255
SetTextColor 255 255 0 232
SetFontSize 42

Show # %D6 $type->rr->jewelleryeg $tier->t2 !gear_jewellery1
	ItemLevel >= 82
	Rarity Rare
	BaseType == "Amber Amulet" "Azure Amulet" "Bloodstone Amulet" "Gold Amulet" "Gold Ring" "Jade Amulet" "Lapis Amulet" "Lunar Amulet" "Pearl Ring" "Plate Belt" "Ruby Ring" "Sapphire Ring" "Stellar Amulet" "Topaz Ring" "Unset Ring" "Utility Belt"
SetTextColor 255 255 0 232
MinimapIcon 1 White Diamond
PlayEffect Yellow
SetBackgroundColor 53 2 83 255
SetFontSize 42

Show # %D5 $type->rr->jewelleryeg $tier->t3 !gear_jewellery2
	ItemLevel >= 82
	Rarity Rare
	BaseType == "Crimson Amulet" "Double Belt" "Emerald Ring" "Fine Belt" "Heavy Belt" "Iron Ring" "Lazuli Ring" "Long Belt" "Rawhide Belt"
SetTextColor 255 255 0 232
MinimapIcon 1 White Diamond
PlayEffect Yellow
SetBackgroundColor 53 2 83 255
SetFontSize 42

Show # %D4 $type->rr->jewelleryeg $tier->t4 !gear_jewellery2
	ItemLevel >= 82
	Rarity Rare
	BaseType == "Linen Belt" "Mail Belt" "Ornate Belt" "Wide Belt"
SetTextColor 255 255 0 232
MinimapIcon 1 White Diamond
PlayEffect Yellow
SetBackgroundColor 53 2 83 255
SetFontSize 42

Show # %D6 $type->rr->jewellery $tier->t1 !gear_jewellery1
	ItemLevel >= 65
	Rarity Rare
	BaseType == "Amethyst Ring" "Breach Ring" "Prismatic Ring" "Solar Amulet"
SetTextColor 255 255 0 232
MinimapIcon 1 White Diamond
PlayEffect Yellow
SetBackgroundColor 53 2 83 255
SetFontSize 42

Show # %D5 $type->rr->jewellery $tier->t2 !gear_jewellery1
	ItemLevel >= 65
	Rarity Rare
	BaseType == "Amber Amulet" "Azure Amulet" "Bloodstone Amulet" "Gold Amulet" "Gold Ring" "Jade Amulet" "Lapis Amulet" "Lunar Amulet" "Pearl Ring" "Plate Belt" "Ruby Ring" "Sapphire Ring" "Stellar Amulet" "Topaz Ring" "Unset Ring" "Utility Belt"
SetTextColor 255 255 0 232
MinimapIcon 1 White Diamond
PlayEffect Yellow
SetBackgroundColor 53 2 83 255
SetFontSize 42

Show # %D4 $type->rr->jewellery $tier->t3 !gear_jewellery2
	ItemLevel >= 65
	Rarity Rare
	BaseType == "Crimson Amulet" "Double Belt" "Emerald Ring" "Fine Belt" "Heavy Belt" "Iron Ring" "Lazuli Ring" "Long Belt" "Rawhide Belt"
SetTextColor 255 255 0 232
MinimapIcon 1 White Diamond
PlayEffect Yellow
SetBackgroundColor 53 2 83 255
SetFontSize 42

Show # %D3 $type->rr->jewellery $tier->t4 !gear_jewellery2
	ItemLevel >= 65
	Rarity Rare
	BaseType == "Linen Belt" "Mail Belt" "Ornate Belt" "Wide Belt"
SetTextColor 255 255 0 232
MinimapIcon 1 White Diamond
PlayEffect Yellow
SetBackgroundColor 53 2 83 255
SetFontSize 42

#===============================================================================================================
# [[1500]] Endgame - Rare - Gear
#===============================================================================================================
# !! Waypoint c6.rare.t1.all : "Rare Endgame Items - T1 (75ish+ gear), no tier" : "Rares"

# T1 rares

Show # %D5 $type->rr $tier->t1_top !gear_highlightedsize
ItemLevel >= 82
Rarity Rare
BaseType == "Adherent Cuffs" "Akoyan Spear" "Alpha Talisman" "Ancestral Tiara" "Blacksteel Crest Shield" "Blacksteel Gauntlets" "Blacksteel Sabatons" "Bolting Quarterstaff" "Chiming Staff" "Conjurer Mantle" "Corsair Coat" "Cryptic Crown" "Cryptic Leggings" "Daggerfoot Shoes" "Dastard Armour" "Desert Buckler" "Desolate Crossbow" "Drakeskin Boots" "Dueling Wand" "Falconer's Jacket" "Fanatic Greathammer" "Freebooter Cap" "Galvanic Wand" "Gemini Bow" "Gladiatorial Helm" "Golden Targe" "Grinning Mask" "Imperial Greathelm" "Jade Talisman" "Maji Talisman" "Massive Mitts" "Obliterator Bow" "Paralysing Staff" "Polished Bracers" "Primed Quiver" "Rattling Sceptre" "Razor Quarterstaff" "Secured Wraps" "Sekhema Sandals" "Siege Crossbow" "Sinister Quarterstaff" "Sirenscale Gloves" "Skullcrusher Quarterstaff" "Tasalian Focus" "Tasalian Greaves" "Tawhoan Tower Shield" "Trarthan Cannon" "Warlord Cuirass" "Warmonger Bow" "Withered Wand"
SetFontSize 40
SetBackgroundColor 20 20 0 255

Show # %D4 $type->rr $tier->t1_other !gear_highlightedsize
ItemLevel >= 65
ItemLevel <= 81
Rarity Rare
BaseType == "Adherent Cuffs" "Akoyan Spear" "Alpha Talisman" "Ancestral Tiara" "Blacksteel Crest Shield" "Blacksteel Gauntlets" "Blacksteel Sabatons" "Bolting Quarterstaff" "Chiming Staff" "Conjurer Mantle" "Corsair Coat" "Cryptic Crown" "Cryptic Leggings" "Daggerfoot Shoes" "Dastard Armour" "Desert Buckler" "Desolate Crossbow" "Drakeskin Boots" "Dueling Wand" "Falconer's Jacket" "Fanatic Greathammer" "Freebooter Cap" "Galvanic Wand" "Gemini Bow" "Gladiatorial Helm" "Golden Targe" "Grinning Mask" "Imperial Greathelm" "Jade Talisman" "Maji Talisman" "Massive Mitts" "Obliterator Bow" "Paralysing Staff" "Polished Bracers" "Primed Quiver" "Rattling Sceptre" "Razor Quarterstaff" "Secured Wraps" "Sekhema Sandals" "Siege Crossbow" "Sinister Quarterstaff" "Sirenscale Gloves" "Skullcrusher Quarterstaff" "Tasalian Focus" "Tasalian Greaves" "Tawhoan Tower Shield" "Trarthan Cannon" "Warlord Cuirass" "Warmonger Bow" "Withered Wand"
SetFontSize 40
SetBackgroundColor 20 20 0 255

# !! Waypoint c6.rare.t2.all : "Rare Endgame Items - T2 (70ish+ gear), no tier" : "Rares"

Show # %D4 $type->rr $tier->t2_top !gear_highlightedsize
ItemLevel >= 82
Rarity Rare
BaseType == "Acrid Wand" "Aegis Quarterstaff" "Akoyan Club" "Ancient Buckler" "Ancient Cuffs" "Apostle Leggings" "Ashbark Talisman" "Attuned Wand" "Austere Garb" "Barbed Bracers" "Baroque Targe" "Cavalry Boots" "Champion Helm" "Charmed Shoes" "Cinched Boots" "Commander Gauntlets" "Cryptic Helm" "Cultist Gauntlets" "Death Mantle" "Desert Cap" "Divine Crown" "Dragonscale Boots" "Dreaming Quarterstaff" "Elegant Crossbow" "Elegant Wraps" "Fanatic Bow" "Fang Talisman" "Faridun Mask" "Feathered Raiment" "Flexed Crossbow" "Flowing Raiment" "Fortified Hammer" "Fortress Sabatons" "Fortress Tower Shield" "Fungal Talisman" "Gemini Crossbow" "Gleaming Cuffs" "Grand Bracers" "Grand Spear" "Guardian Bow" "Guardian Spear" "Kamasan Tiara" "Leyline Focus" "Luxurious Slippers" "Masked Greathelm" "Noble Sabatons" "Opulent Gloves" "Ornate Greaves" "Ornate Mitts" "Ornate Plate" "Paragon Greathelm" "Penetrating Quiver" "Quickslip Shoes" "Rambler Jacket" "Reaping Staff" "Roaring Staff" "Ruination Maul" "Sacramental Robe" "Sacred Focus" "Saintly Crown" "Sanctified Staff" "Sandsworn Sandals" "Seastorm Mantle" "Shrouded Mail" "Siphoning Wand" "Soaring Mask" "Soaring Spear" "Soaring Targe" "Sorcerous Tiara" "Spiked Spear" "Stalking Bracers" "Stalking Spear" "Stoic Sceptre" "Strife Pick" "Striking Quarterstaff" "Swiftstalker Coat" "Tawhoan Greatclub" "Thane Mail" "Thunder Talisman" "Trapper Hood" "Utzaal Cuirass" "Vaal Crest Shield" "Vaal Gloves" "Vaal Greaves" "Vaal Mitts" "Vaal Tower Shield" "Vaal Wraps" "Visceral Quiver" "Volant Quiver" "Voltaic Staff" "Warlock Leggings" "Woven Cap" "Wrath Sceptre" "Wyrmscale Coat" "Death Mail" "Flying Spear" "Marauding Mace" "Massive Greathammer" "Omen Sceptre" "Sleek Jacket" "Slipstrike Vest" "Soldier Cuirass" "Vile Robe" "Wolfskin Mantle"
SetFontSize 40
SetBackgroundColor 20 20 0 255

Show # %D3 $type->rr $tier->t2_a1 !gear_weakrare1
ItemLevel >= 75
ItemLevel <= 81
Rarity Rare
BaseType == "Acrid Wand" "Aegis Quarterstaff" "Akoyan Club" "Ancient Buckler" "Ancient Cuffs" "Apostle Leggings" "Ashbark Talisman" "Attuned Wand" "Austere Garb" "Barbed Bracers" "Baroque Targe" "Cavalry Boots" "Champion Helm" "Charmed Shoes" "Cinched Boots" "Commander Gauntlets" "Cryptic Helm" "Cultist Gauntlets" "Death Mantle" "Desert Cap" "Divine Crown" "Dragonscale Boots" "Dreaming Quarterstaff" "Elegant Crossbow" "Elegant Wraps" "Fanatic Bow" "Fang Talisman" "Faridun Mask" "Feathered Raiment" "Flexed Crossbow" "Flowing Raiment" "Fortified Hammer" "Fortress Sabatons" "Fortress Tower Shield" "Fungal Talisman" "Gemini Crossbow" "Gleaming Cuffs" "Grand Bracers" "Grand Spear" "Guardian Bow" "Guardian Spear" "Kamasan Tiara" "Leyline Focus" "Luxurious Slippers" "Masked Greathelm" "Noble Sabatons" "Opulent Gloves" "Ornate Greaves" "Ornate Mitts" "Ornate Plate" "Paragon Greathelm" "Penetrating Quiver" "Quickslip Shoes" "Rambler Jacket" "Reaping Staff" "Roaring Staff" "Ruination Maul" "Sacramental Robe" "Sacred Focus" "Saintly Crown" "Sanctified Staff" "Sandsworn Sandals" "Seastorm Mantle" "Shrouded Mail" "Siphoning Wand" "Soaring Mask" "Soaring Spear" "Soaring Targe" "Sorcerous Tiara" "Spiked Spear" "Stalking Bracers" "Stalking Spear" "Stoic Sceptre" "Strife Pick" "Striking Quarterstaff" "Swiftstalker Coat" "Tawhoan Greatclub" "Thane Mail" "Thunder Talisman" "Trapper Hood" "Utzaal Cuirass" "Vaal Crest Shield" "Vaal Gloves" "Vaal Greaves" "Vaal Mitts" "Vaal Tower Shield" "Vaal Wraps" "Visceral Quiver" "Volant Quiver" "Voltaic Staff" "Warlock Leggings" "Woven Cap" "Wrath Sceptre" "Wyrmscale Coat" "Death Mail" "Flying Spear" "Marauding Mace" "Massive Greathammer" "Omen Sceptre" "Sleek Jacket" "Slipstrike Vest" "Soldier Cuirass" "Vile Robe" "Wolfskin Mantle"
SetFontSize 35
SetBackgroundColor 35 35 35 240

Show # %D4 $type->rr $tier->t2_other !gear_highlightedsize
ItemLevel >= 65
ItemLevel <= 74
Rarity Rare
BaseType == "Acrid Wand" "Aegis Quarterstaff" "Akoyan Club" "Ancient Buckler" "Ancient Cuffs" "Apostle Leggings" "Ashbark Talisman" "Attuned Wand" "Austere Garb" "Barbed Bracers" "Baroque Targe" "Cavalry Boots" "Champion Helm" "Charmed Shoes" "Cinched Boots" "Commander Gauntlets" "Cryptic Helm" "Cultist Gauntlets" "Death Mantle" "Desert Cap" "Divine Crown" "Dragonscale Boots" "Dreaming Quarterstaff" "Elegant Crossbow" "Elegant Wraps" "Fanatic Bow" "Fang Talisman" "Faridun Mask" "Feathered Raiment" "Flexed Crossbow" "Flowing Raiment" "Fortified Hammer" "Fortress Sabatons" "Fortress Tower Shield" "Fungal Talisman" "Gemini Crossbow" "Gleaming Cuffs" "Grand Bracers" "Grand Spear" "Guardian Bow" "Guardian Spear" "Kamasan Tiara" "Leyline Focus" "Luxurious Slippers" "Masked Greathelm" "Noble Sabatons" "Opulent Gloves" "Ornate Greaves" "Ornate Mitts" "Ornate Plate" "Paragon Greathelm" "Penetrating Quiver" "Quickslip Shoes" "Rambler Jacket" "Reaping Staff" "Roaring Staff" "Ruination Maul" "Sacramental Robe" "Sacred Focus" "Saintly Crown" "Sanctified Staff" "Sandsworn Sandals" "Seastorm Mantle" "Shrouded Mail" "Siphoning Wand" "Soaring Mask" "Soaring Spear" "Soaring Targe" "Sorcerous Tiara" "Spiked Spear" "Stalking Bracers" "Stalking Spear" "Stoic Sceptre" "Strife Pick" "Striking Quarterstaff" "Swiftstalker Coat" "Tawhoan Greatclub" "Thane Mail" "Thunder Talisman" "Trapper Hood" "Utzaal Cuirass" "Vaal Crest Shield" "Vaal Gloves" "Vaal Greaves" "Vaal Mitts" "Vaal Tower Shield" "Vaal Wraps" "Visceral Quiver" "Volant Quiver" "Voltaic Staff" "Warlock Leggings" "Woven Cap" "Wrath Sceptre" "Wyrmscale Coat" "Death Mail" "Flying Spear" "Marauding Mace" "Massive Greathammer" "Omen Sceptre" "Sleek Jacket" "Slipstrike Vest" "Soldier Cuirass" "Vile Robe" "Wolfskin Mantle"
SetFontSize 40
SetBackgroundColor 20 20 0 255

# !! Waypoint c6.rare.t3.all : "Rare Endgame Items - T3 (65ish+ gear), no tier" : "Rares"

Show # %D3 $type->rr $tier->t3_top !gear_weakrare1
	ItemLevel >= 82
	Rarity Rare
	BaseType == "Adorned Wraps" "Anvil Maul" "Ashen Staff" "Avian Mask" "Bastion Sabatons" "Bladed Quarterstaff" "Bone Wand" "Bound Cuffs" "Bound Sandals" "Brigand Mask" "Bulwark Greaves" "Cannonade Crossbow" "Carved Greaves" "Cassis Helm" "Cavalry Bow" "Ceremonial Robe" "Condemned Talisman" "Crown Mace" "Deerstalker Hood" "Druidic Crown" "Druidic Focus" "Dunerunner Sandals" "Engraved Crossbow" "Faithful Leggings" "Feathered Mitts" "Flanged Mace" "Gelid Staff" "Gold Gloves" "Golden Mail" "Goldworked Tower Shield" "Grim Gloves" "Guardian Quarterstaff" "Gutspike Buckler" "Hallowed Focus" "Hawker's Jacket" "Heartcarver Mantle" "Inquisitor Crown" "Intricate Crest Shield" "Ironwood Greathammer" "Ironwood Shortbow" "Jungle Tiara" "Knightly Mitts" "Lizardscale Coat" "Lunar Quarterstaff" "Mammoth Targe" "Molten Hammer" "Noble Greathelm" "Orichalcum Spear" "Ornate Buckler" "Ornate Cuffs" "Pronged Spear" "Pyrophyte Staff" "Royal Tower Shield" "Sacred Maul" "Seaglass Spear" "Sekheman Crest Shield" "Serpentscale Boots" "Shamanistic Leggings" "Shrine Sceptre" "Skycrown Tiara" "Spiked Bracers" "Spiny Talisman" "Steelmail Gauntlets" "Stone Cuirass" "Stout Crossbow" "Toxic Quiver" "Trailblazer Armour" "Treerunner Shoes" "Twin Bow" "Two-Point Quiver" "Veteran Sabatons" "Volatile Wand" "Wanderer Shoes" "War Wraps" "Warded Helm" "Warmonger Greathelm" "Wildwood Talisman" "Wingbeat Talisman" "Zealot Gauntlets"
	SetFontSize 35
	SetBackgroundColor 35 35 35 240

#Show # %D2 $type->rr $tier->t3_a1 !gear_weakrare2
#	ItemLevel >= 75
#	ItemLevel <= 81
#	Rarity Rare
#	BaseType == "Adorned Wraps" "Anvil Maul" "Ashen Staff" "Avian Mask" "Bastion Sabatons" "Bladed Quarterstaff" "Bone Wand" "Bound Cuffs" "Bound Sandals" "Brigand Mask" "Bulwark Greaves" "Cannonade Crossbow" "Carved Greaves" "Cassis Helm" "Cavalry Bow" "Ceremonial Robe" "Condemned Talisman" "Crown Mace" "Deerstalker Hood" "Druidic Crown" "Druidic Focus" "Dunerunner Sandals" "Engraved Crossbow" "Faithful Leggings" "Feathered Mitts" "Flanged Mace" "Gelid Staff" "Gold Gloves" "Golden Mail" "Goldworked Tower Shield" "Grim Gloves" "Guardian Quarterstaff" "Gutspike Buckler" "Hallowed Focus" "Hawker's Jacket" "Heartcarver Mantle" "Inquisitor Crown" "Intricate Crest Shield" "Ironwood Greathammer" "Ironwood Shortbow" "Jungle Tiara" "Knightly Mitts" "Lizardscale Coat" "Lunar Quarterstaff" "Mammoth Targe" "Molten Hammer" "Noble Greathelm" "Orichalcum Spear" "Ornate Buckler" "Ornate Cuffs" "Pronged Spear" "Pyrophyte Staff" "Royal Tower Shield" "Sacred Maul" "Seaglass Spear" "Sekheman Crest Shield" "Serpentscale Boots" "Shamanistic Leggings" "Shrine Sceptre" "Skycrown Tiara" "Spiked Bracers" "Spiny Talisman" "Steelmail Gauntlets" "Stone Cuirass" "Stout Crossbow" "Toxic Quiver" "Trailblazer Armour" "Treerunner Shoes" "Twin Bow" "Two-Point Quiver" "Veteran Sabatons" "Volatile Wand" "Wanderer Shoes" "War Wraps" "Warded Helm" "Warmonger Greathelm" "Wildwood Talisman" "Wingbeat Talisman" "Zealot Gauntlets"
#	SetFontSize 32
#	SetBackgroundColor 80 80 80 190

Show # %D3 $type->rr $tier->t3_a2 !gear_weakrare1
	ItemLevel >= 70
	ItemLevel <= 74
	Rarity Rare
	BaseType == "Adorned Wraps" "Anvil Maul" "Ashen Staff" "Avian Mask" "Bastion Sabatons" "Bladed Quarterstaff" "Bone Wand" "Bound Cuffs" "Bound Sandals" "Brigand Mask" "Bulwark Greaves" "Cannonade Crossbow" "Carved Greaves" "Cassis Helm" "Cavalry Bow" "Ceremonial Robe" "Condemned Talisman" "Crown Mace" "Deerstalker Hood" "Druidic Crown" "Druidic Focus" "Dunerunner Sandals" "Engraved Crossbow" "Faithful Leggings" "Feathered Mitts" "Flanged Mace" "Gelid Staff" "Gold Gloves" "Golden Mail" "Goldworked Tower Shield" "Grim Gloves" "Guardian Quarterstaff" "Gutspike Buckler" "Hallowed Focus" "Hawker's Jacket" "Heartcarver Mantle" "Inquisitor Crown" "Intricate Crest Shield" "Ironwood Greathammer" "Ironwood Shortbow" "Jungle Tiara" "Knightly Mitts" "Lizardscale Coat" "Lunar Quarterstaff" "Mammoth Targe" "Molten Hammer" "Noble Greathelm" "Orichalcum Spear" "Ornate Buckler" "Ornate Cuffs" "Pronged Spear" "Pyrophyte Staff" "Royal Tower Shield" "Sacred Maul" "Seaglass Spear" "Sekheman Crest Shield" "Serpentscale Boots" "Shamanistic Leggings" "Shrine Sceptre" "Skycrown Tiara" "Spiked Bracers" "Spiny Talisman" "Steelmail Gauntlets" "Stone Cuirass" "Stout Crossbow" "Toxic Quiver" "Trailblazer Armour" "Treerunner Shoes" "Twin Bow" "Two-Point Quiver" "Veteran Sabatons" "Volatile Wand" "Wanderer Shoes" "War Wraps" "Warded Helm" "Warmonger Greathelm" "Wildwood Talisman" "Wingbeat Talisman" "Zealot Gauntlets"
	SetFontSize 35
	SetBackgroundColor 35 35 35 240

Show # %D4 $type->rr $tier->t3_other !gear_highlightedsize
	ItemLevel >= 65
	ItemLevel <= 69
	Rarity Rare
	BaseType == "Adorned Wraps" "Anvil Maul" "Ashen Staff" "Avian Mask" "Bastion Sabatons" "Bladed Quarterstaff" "Bone Wand" "Bound Cuffs" "Bound Sandals" "Brigand Mask" "Bulwark Greaves" "Cannonade Crossbow" "Carved Greaves" "Cassis Helm" "Cavalry Bow" "Ceremonial Robe" "Condemned Talisman" "Crown Mace" "Deerstalker Hood" "Druidic Crown" "Druidic Focus" "Dunerunner Sandals" "Engraved Crossbow" "Faithful Leggings" "Feathered Mitts" "Flanged Mace" "Gelid Staff" "Gold Gloves" "Golden Mail" "Goldworked Tower Shield" "Grim Gloves" "Guardian Quarterstaff" "Gutspike Buckler" "Hallowed Focus" "Hawker's Jacket" "Heartcarver Mantle" "Inquisitor Crown" "Intricate Crest Shield" "Ironwood Greathammer" "Ironwood Shortbow" "Jungle Tiara" "Knightly Mitts" "Lizardscale Coat" "Lunar Quarterstaff" "Mammoth Targe" "Molten Hammer" "Noble Greathelm" "Orichalcum Spear" "Ornate Buckler" "Ornate Cuffs" "Pronged Spear" "Pyrophyte Staff" "Royal Tower Shield" "Sacred Maul" "Seaglass Spear" "Sekheman Crest Shield" "Serpentscale Boots" "Shamanistic Leggings" "Shrine Sceptre" "Skycrown Tiara" "Spiked Bracers" "Spiny Talisman" "Steelmail Gauntlets" "Stone Cuirass" "Stout Crossbow" "Toxic Quiver" "Trailblazer Armour" "Treerunner Shoes" "Twin Bow" "Two-Point Quiver" "Veteran Sabatons" "Volatile Wand" "Wanderer Shoes" "War Wraps" "Warded Helm" "Warmonger Greathelm" "Wildwood Talisman" "Wingbeat Talisman" "Zealot Gauntlets"
	SetFontSize 40
	SetBackgroundColor 20 20 0 255

# !! Waypoint c6.rare.t4.all : "Rare Endgame Items - T4 (55ish+ gear), no tier" : "Rares"

#Show # %D1 $type->rr $tier->t4_a1 !gear_weakrare2
#	ItemLevel >= 75
#	Rarity Rare
#	BaseType == "Adherent Bow" "Adherent's Raiment" "Ancient Mitts" "Arrayed Focus" "Avian Targe" "Bandit Mace" "Baroque Gloves" "Bladeguard Buckler" "Bleak Crossbow" "Blunt Quiver" "Branched Spear" "Buckled Wraps" "Bulwark Tower Shield" "Cabalist Helm" "Corsair Cap" "Covered Sabatons" "Cruel Talisman" "Cultist Focus" "Detailed Mitts" "Disintegrating Maul" "Elegant Greathelm" "Elegant Greaves" "Elegant Plate" "Elegant Slippers" "Embroidered Gloves" "Fierce Greathelm" "Fine Bracers" "Flared Boots" "Flax Sandals" "Fury Talisman" "Glowering Crest Shield" "Goldcast Cuffs" "Hallowed Crown" "Hatungo Garb" "Heavy Greathammer" "Heavy Plate" "Helix Spear" "Howling Talisman" "Hunting Shoes" "Itinerant Jacket" "Jade Tiara" "Jagged Spear" "Jingling Buckler" "Layered Vest" "Leatherbound Hood" "Lizardscale Boots" "Mantled Mail" "Marching Mace" "Militant Bow" "Noble Tower Shield" "Occultist Mantle" "Pariah Mask" "Plate Gauntlets" "Plated Vestments" "Quartered Crest Shield" "Reefsteel Greaves" "Refined Bracers" "River Raiment" "Roaring Talisman" "Runner Vest" "Sandsworn Tiara" "Serrated Quiver" "Smooth Quarterstaff" "Solid Mask" "Spined Bracers" "Spiral Wraps" "Steelpoint Shoes" "Stone Targe" "Structured Hammer" "Studded Boots" "Twin Crossbow" "Waxing Quarterstaff" "Weaver Leggings" "Wrapped Cap"
#	SetFontSize 32
#	SetBackgroundColor 80 80 80 190

#Show # %D2 $type->rr $tier->t4_a2 !gear_weakrare1
#	ItemLevel >= 70
#	ItemLevel <= 74
#	Rarity Rare
#	BaseType == "Adherent Bow" "Adherent's Raiment" "Ancient Mitts" "Arrayed Focus" "Avian Targe" "Bandit Mace" "Baroque Gloves" "Bladeguard Buckler" "Bleak Crossbow" "Blunt Quiver" "Branched Spear" "Buckled Wraps" "Bulwark Tower Shield" "Cabalist Helm" "Corsair Cap" "Covered Sabatons" "Cruel Talisman" "Cultist Focus" "Detailed Mitts" "Disintegrating Maul" "Elegant Greathelm" "Elegant Greaves" "Elegant Plate" "Elegant Slippers" "Embroidered Gloves" "Fierce Greathelm" "Fine Bracers" "Flared Boots" "Flax Sandals" "Fury Talisman" "Glowering Crest Shield" "Goldcast Cuffs" "Hallowed Crown" "Hatungo Garb" "Heavy Greathammer" "Heavy Plate" "Helix Spear" "Howling Talisman" "Hunting Shoes" "Itinerant Jacket" "Jade Tiara" "Jagged Spear" "Jingling Buckler" "Layered Vest" "Leatherbound Hood" "Lizardscale Boots" "Mantled Mail" "Marching Mace" "Militant Bow" "Noble Tower Shield" "Occultist Mantle" "Pariah Mask" "Plate Gauntlets" "Plated Vestments" "Quartered Crest Shield" "Reefsteel Greaves" "Refined Bracers" "River Raiment" "Roaring Talisman" "Runner Vest" "Sandsworn Tiara" "Serrated Quiver" "Smooth Quarterstaff" "Solid Mask" "Spined Bracers" "Spiral Wraps" "Steelpoint Shoes" "Stone Targe" "Structured Hammer" "Studded Boots" "Twin Crossbow" "Waxing Quarterstaff" "Weaver Leggings" "Wrapped Cap"
#	SetFontSize 35
#	SetBackgroundColor 35 35 35 240

Show # %D3 $type->rr $tier->t4_other !gear_weakrare1
	ItemLevel >= 65
	ItemLevel <= 69
	Rarity Rare
	BaseType == "Adherent Bow" "Adherent's Raiment" "Ancient Mitts" "Arrayed Focus" "Avian Targe" "Bandit Mace" "Baroque Gloves" "Bladeguard Buckler" "Bleak Crossbow" "Blunt Quiver" "Branched Spear" "Buckled Wraps" "Bulwark Tower Shield" "Cabalist Helm" "Corsair Cap" "Covered Sabatons" "Cruel Talisman" "Cultist Focus" "Detailed Mitts" "Disintegrating Maul" "Elegant Greathelm" "Elegant Greaves" "Elegant Plate" "Elegant Slippers" "Embroidered Gloves" "Fierce Greathelm" "Fine Bracers" "Flared Boots" "Flax Sandals" "Fury Talisman" "Glowering Crest Shield" "Goldcast Cuffs" "Hallowed Crown" "Hatungo Garb" "Heavy Greathammer" "Heavy Plate" "Helix Spear" "Howling Talisman" "Hunting Shoes" "Itinerant Jacket" "Jade Tiara" "Jagged Spear" "Jingling Buckler" "Layered Vest" "Leatherbound Hood" "Lizardscale Boots" "Mantled Mail" "Marching Mace" "Militant Bow" "Noble Tower Shield" "Occultist Mantle" "Pariah Mask" "Plate Gauntlets" "Plated Vestments" "Quartered Crest Shield" "Reefsteel Greaves" "Refined Bracers" "River Raiment" "Roaring Talisman" "Runner Vest" "Sandsworn Tiara" "Serrated Quiver" "Smooth Quarterstaff" "Solid Mask" "Spined Bracers" "Spiral Wraps" "Steelpoint Shoes" "Stone Targe" "Structured Hammer" "Studded Boots" "Twin Crossbow" "Waxing Quarterstaff" "Weaver Leggings" "Wrapped Cap"
	SetFontSize 35
	SetBackgroundColor 35 35 35 240

# !! Waypoint c6.rare.t5.all : "Rare Endgame Items - T5 (lower), no tier" : "Rares"

#Show # %D1 $type->rr $tier->t5_a1 !gear_weakrare2
#	ItemLevel >= 75
#	Rarity Rare
#	Class == "Body Armours" "Boots" "Bows" "Bucklers" "Crossbows" "Foci" "Gloves" "Helmets" "One Hand Maces" "Quarterstaves" "Quivers" "Sceptres" "Shields" "Spears" "Staves" "Talismans" "Two Hand Maces" "Wands"
#	SetFontSize 32
#	SetBackgroundColor 80 80 80 190

#Show # %D2 $type->rr $tier->t5_a2 !gear_weakrare2
#	ItemLevel >= 70
#	ItemLevel <= 74
#	Rarity Rare
#	Class == "Body Armours" "Boots" "Bows" "Bucklers" "Crossbows" "Foci" "Gloves" "Helmets" "One Hand Maces" "Quarterstaves" "Quivers" "Sceptres" "Shields" "Spears" "Staves" "Talismans" "Two Hand Maces" "Wands"
#	SetFontSize 32
#	SetBackgroundColor 80 80 80 190

#Show # %D3 $type->rr $tier->t5_other !gear_weakrare1
#	ItemLevel >= 65
#	ItemLevel <= 69
#	Rarity Rare
#	Class == "Body Armours" "Boots" "Bows" "Bucklers" "Crossbows" "Foci" "Gloves" "Helmets" "One Hand Maces" "Quarterstaves" "Quivers" "Sceptres" "Shields" "Spears" "Staves" "Talismans" "Two Hand Maces" "Wands"
#	SetFontSize 35
#	SetBackgroundColor 35 35 35 240

#===============================================================================================================
# [[1600]] Untiered Rare Catcher
#===============================================================================================================
# !! Waypoint c6.rare.rest : "Rare Endgame Items - Others, Salvagable bases" : "SalvageMisc"

# Double Quality Currencies

#Show # %D3 $type->rare->salvagable $tier->quality2martialany !itemproperty_salvage2
#	Quality >= 10
#	ItemLevel >= 65
#	Rarity Rare
#	Class == "Bows" "Crossbows" "One Hand Maces" "Quarterstaves" "Spears" "Talismans" "Two Hand Maces"
#	SetFontSize 35
#	SetBorderColor 127 127 127

#Show # %D3 $type->rare->salvagable $tier->quality2casterany !itemproperty_salvage1
#	Quality >= 10
#	ItemLevel >= 65
#	Rarity Rare
#	Class == "Sceptres" "Staves" "Wands"
#	SetFontSize 38
#	SetBorderColor 180 180 180

#Show # %D5 $type->rare->salvagable $tier->quality2armorany !itemproperty_salvage1
#	Quality >= 10
#	ItemLevel >= 65
#	Rarity Rare
#	Class == "Body Armours" "Boots" "Bucklers" "Foci" "Gloves" "Helmets" "Shields"
#	SetFontSize 38
#	SetBorderColor 180 180 180

# Single Quality Currencies

#Show # %D2 $type->rare->salvagable $tier->qualitymartialany !itemproperty_salvage2
#	Quality >= 1
#	ItemLevel >= 65
#	Rarity Rare
#	Class == "Bows" "Crossbows" "One Hand Maces" "Quarterstaves" "Spears" "Talismans" "Two Hand Maces"
#	SetFontSize 35
#	SetBorderColor 127 127 127

#Show # %D2 $type->rare->salvagable $tier->qualitycasterany !itemproperty_salvage2
#	Quality >= 1
#	ItemLevel >= 65
#	Rarity Rare
#	Class == "Sceptres" "Staves" "Wands"
#	SetFontSize 35
#	SetBorderColor 127 127 127

#Show # %D4 $type->rare->salvagable $tier->qualityarmorany !itemproperty_salvage2
#	Quality >= 1
#	ItemLevel >= 65
#	Rarity Rare
#	Class == "Body Armours" "Boots" "Bucklers" "Foci" "Gloves" "Helmets" "Shields"
#	SetFontSize 35
#	SetBorderColor 127 127 127

# Artificer Scraps

Show # %D2 $type->rare->salvagable $tier->socketssmall1 !itemproperty_salvage2
	Sockets > 0
	Width <= 2
	Height <= 2
	ItemLevel >= 65
	Rarity Rare
	Class == "Amulets" "Belts" "Body Armours" "Boots" "Bows" "Bucklers" "Crossbows" "Foci" "Gloves" "Helmets" "One Hand Maces" "Quarterstaves" "Quivers" "Rings" "Sceptres" "Shields" "Spears" "Staves" "Talismans" "Two Hand Maces" "Wands"
	SetFontSize 35
	SetBorderColor 127 127 127

Show # %D2 $type->rare->salvagable $tier->socketssmall2 !itemproperty_salvage2
	Sockets > 0
	Width <= 1
	Height <= 4
	ItemLevel >= 65
	Rarity Rare
	Class == "Amulets" "Belts" "Body Armours" "Boots" "Bows" "Bucklers" "Crossbows" "Foci" "Gloves" "Helmets" "One Hand Maces" "Quarterstaves" "Quivers" "Rings" "Sceptres" "Shields" "Spears" "Staves" "Talismans" "Two Hand Maces" "Wands"
	SetFontSize 35
	SetBorderColor 127 127 127

#Show # %D1 $type->rare->salvagable $tier->socketsothers !itemproperty_salvage2
#	Sockets > 0
#	ItemLevel >= 65
#	Rarity Rare
#	Class == "Amulets" "Belts" "Body Armours" "Boots" "Bows" "Bucklers" "Crossbows" "Foci" "Gloves" "Helmets" "One Hand Maces" "Quarterstaves" "Quivers" "Rings" "Sceptres" "Shields" "Spears" "Staves" "Talismans" "Two Hand Maces" "Wands"
#	SetFontSize 35
#	SetBorderColor 127 127 127

#===============================================================================================================
# [[1700]] Hide Layer 2 - Rare Gear
#===============================================================================================================

#Show # %D0 $type->lowstrictnessshowlayer $tier->raresendgameany !utility_unremarkabledrop
#	Rarity Rare
#	Class == "Amulets" "Belts" "Body Armours" "Boots" "Bows" "Bucklers" "Crossbows" "Foci" "Gloves" "Helmets" "One Hand Maces" "Quarterstaves" "Quivers" "Rings" "Sceptres" "Shields" "Spears" "Staves" "Talismans" "Two Hand Maces" "Wands"
#	AreaLevel >= 65
#	SetFontSize 26
#	SetBorderColor 0 0 0 0
#	SetBackgroundColor 20 20 0 140
#	DisableDropSound True

Hide # $type->hidelayer $tier->raresendgame
	Rarity Rare
	Class == "Amulets" "Belts" "Body Armours" "Boots" "Bows" "Bucklers" "Crossbows" "Foci" "Gloves" "Helmets" "One Hand Maces" "Quarterstaves" "Quivers" "Rings" "Sceptres" "Shields" "Spears" "Staves" "Talismans" "Two Hand Maces" "Wands"
	AreaLevel >= 65
	SetFontSize 18
	SetBorderColor 0 0 0 0
	SetBackgroundColor 20 20 0 0
	DisableDropSound True

#===============================================================================================================
# [[1800]] New League Unknown Items
#===============================================================================================================

Show # $type->xenotiering $tier->s !apex_stier
	BaseType == "Aldur's Saga" "Carved Cunning" "Carved Majesty" "Celestial Alloy" "Emergent Possibility" "Olroth's Crest of the Sun" "Perfect Flux" "Thaumaturgic Flux (Level 20)"
	SetFontSize 45
	SetTextColor 255 0 0 255
	SetBorderColor 255 0 0 255
	SetBackgroundColor 255 255 255 255
	PlayAlertSound 6 300
	PlayEffect Red
	MinimapIcon 0 Red Star

Show # %H8 $type->xenotiering $tier->a !xeno_a
	BaseType == "Carved Mischief" "Carved Tenacity" "Cryptic Key" "Emergent Instinct" "Emergent Protection" "Emergent Vigour" "Masterwork Rune" "Olroth's Saga" "Perfect Adept Rune" "Perfect Body Rune" "Perfect Charging Rune" "Perfect Desert Rune" "Perfect Glacial Rune" "Perfect Inspiration Rune" "Perfect Iron Rune" "Perfect Mind Rune" "Perfect Rebirth Rune" "Perfect Resolve Rune" "Perfect Robust Rune" "Perfect Stone Rune" "Perfect Storm Rune" "Perfect Vision Rune" "Perfect Ward Rune" "Protective Alloy" "Revelatory Wombgift" "Shattered Triskelion" "Sovereign Alloy" "Thaumaturgic Flux (Level 14)" "Thaumaturgic Flux (Level 8)" "Thaumaturgic Flux (Level 9)" "The Runebinder's Alloy" "Transcendent Alloy" "Uhtred's Saga" "Veridical Starlit Ore" "Void Flux" "Warding Starlit Ore"
	SetFontSize 45
	SetTextColor 255 255 255 255
	SetBorderColor 255 255 255 255
	SetBackgroundColor 28 55 135 255
	PlayAlertSound 1 300
	PlayEffect Red
	MinimapIcon 0 Red UpsideDownHouse

Show # %H7 $type->xenotiering $tier->b !xeno_b
	BaseType == "Adaptive Alloy" "Blazing Flux" "Chilling Flux" "Medved's Saga" "Prismatic Alloy" "Revered Starlit Ore" "Starlit Ore" "Thaumaturgic Flux (Level 10)" "Thaumaturgic Flux (Level 11)" "Thaumaturgic Flux (Level 13)" "The Runefather's Alloy"
	SetFontSize 42
	SetTextColor 0 0 0 255
	SetBorderColor 0 0 0 255
	SetBackgroundColor 70 130 225 255
	PlayAlertSound 2 300
	PlayEffect Yellow
	MinimapIcon 1 Yellow UpsideDownHouse

Show # %H6 $type->xenotiering $tier->c !xeno_c
	BaseType == "Banded Wombgift" "Crackling Flux" "Cyclonic Alloy" "Exceptional Verisium" "Expansive Alloy" "Lavish Wombgift" "Mystic Alloy" "Ornate Wombgift" "Signet Wombgift" "Swift Alloy" "Thaumaturgic Flux (Level 1)" "Thaumaturgic Flux (Level 12)" "Thaumaturgic Flux (Level 15)" "Thaumaturgic Flux (Level 16)" "Thaumaturgic Flux (Level 17)" "Thaumaturgic Flux (Level 18)" "Thaumaturgic Flux (Level 19)" "Thaumaturgic Flux (Level 2)" "Thaumaturgic Flux (Level 3)" "Thaumaturgic Flux (Level 4)" "Thaumaturgic Flux (Level 5)" "Thaumaturgic Flux (Level 6)" "Thaumaturgic Flux (Level 7)" "Uhtred's Crest of the Chalice" "Venerable Starlit Ore" "Vorana's Saga"
	SetFontSize 42
	SetTextColor 0 0 0 255
	SetBorderColor 0 0 0 255
	SetBackgroundColor 125 180 240 255
	PlayAlertSound 2 300
	PlayEffect Yellow
	MinimapIcon 1 White UpsideDownHouse

Show # %H6 $type->xenotiering $tier->d !xeno_d
	BaseType == "Animus Exchange" "Animus Splinters" "Bitter Dead" "Concussive Runes" "Conductive Runes" "Detonate Living" "Eternal March" "Explosive Transmutation" "Fist of Kalguur" "Fragments of the Past" "Frostflame Nova" "Grim Pillars" "Healing Runes" "Hollow Shell" "Leylines" "Medved's Crest of the Circle" "Powered by Verisium" "Rain of Blades" "Refutation" "Remnants of Kalguur" "Repulsion" "Runeforged Blades" "Runic Alloy" "Runic Extraction" "Runic Infusion" "Runic Reprieve" "Scouring Flame" "Skyfall" "Triskelion Cascade" "Verisium Manifestations" "Voltaic Barrier" "Vorana's Crest of the Scythe" "Wardbound Minions"
	SetFontSize 40
	SetTextColor 180 215 248 255
	SetBorderColor 180 215 248 255
	PlayAlertSound 2 300
	PlayEffect Yellow Temp
	MinimapIcon 2 White UpsideDownHouse

#Show  # %H5 $type->xenotiering $tier->e !xeno_e
#	SetFontSize 38
#	SetTextColor 180 215 248 255
#	PlayEffect Purple Temp
#	MinimapIcon 2 Grey UpsideDownHouse

Hide # $type->xenotiering $tier->exhide !utility_minimize
	BaseType == "Adaptive Alloy" "Aldur's Saga" "Animus Exchange" "Animus Splinters" "Banded Wombgift" "Bitter Dead" "Blazing Flux" "Carved Cunning" "Carved Majesty" "Carved Mischief" "Carved Tenacity" "Celestial Alloy" "Chilling Flux" "Concussive Runes" "Conductive Runes" "Crackling Flux" "Cryptic Key" "Cyclonic Alloy" "Detonate Living" "Emergent Instinct" "Emergent Possibility" "Emergent Protection" "Emergent Vigour" "Eternal March" "Exceptional Verisium" "Expansive Alloy" "Explosive Transmutation" "Fist of Kalguur" "Fragments of the Past" "Frostflame Nova" "Grim Pillars" "Healing Runes" "Hollow Shell" "Lavish Wombgift" "Leylines" "Masterwork Rune" "Medved's Crest of the Circle" "Medved's Saga" "Mystic Alloy" "Olroth's Crest of the Sun" "Olroth's Saga" "Ornate Wombgift" "Perfect Adept Rune" "Perfect Body Rune" "Perfect Charging Rune" "Perfect Desert Rune" "Perfect Flux" "Perfect Glacial Rune" "Perfect Inspiration Rune" "Perfect Iron Rune" "Perfect Mind Rune" "Perfect Rebirth Rune" "Perfect Resolve Rune" "Perfect Robust Rune" "Perfect Stone Rune" "Perfect Storm Rune" "Perfect Vision Rune" "Perfect Ward Rune" "Powered by Verisium" "Prismatic Alloy" "Protective Alloy" "Rain of Blades" "Refutation" "Remnants of Kalguur" "Repulsion" "Revelatory Wombgift" "Revered Starlit Ore" "Runeforged Blades" "Runic Alloy" "Runic Extraction" "Runic Infusion" "Runic Reprieve" "Scouring Flame" "Shattered Triskelion" "Signet Wombgift" "Skyfall" "Sovereign Alloy" "Starlit Ore" "Swift Alloy" "Thaumaturgic Flux (Level 1)" "Thaumaturgic Flux (Level 10)" "Thaumaturgic Flux (Level 11)" "Thaumaturgic Flux (Level 12)" "Thaumaturgic Flux (Level 13)" "Thaumaturgic Flux (Level 14)" "Thaumaturgic Flux (Level 15)" "Thaumaturgic Flux (Level 16)" "Thaumaturgic Flux (Level 17)" "Thaumaturgic Flux (Level 18)" "Thaumaturgic Flux (Level 19)" "Thaumaturgic Flux (Level 2)" "Thaumaturgic Flux (Level 20)" "Thaumaturgic Flux (Level 3)" "Thaumaturgic Flux (Level 4)" "Thaumaturgic Flux (Level 5)" "Thaumaturgic Flux (Level 6)" "Thaumaturgic Flux (Level 7)" "Thaumaturgic Flux (Level 8)" "Thaumaturgic Flux (Level 9)" "The Runebinder's Alloy" "The Runefather's Alloy" "Transcendent Alloy" "Triskelion Cascade" "Uhtred's Crest of the Chalice" "Uhtred's Saga" "Venerable Starlit Ore" "Veridical Starlit Ore" "Verisium Manifestations" "Void Flux" "Voltaic Barrier" "Vorana's Crest of the Scythe" "Vorana's Saga" "Wardbound Minions" "Warding Starlit Ore"
	SetFontSize 18
	SetBackgroundColor 20 20 0 0

Show # $type->legacytemp $tier->any !xeno_a
	Class == "Augment"
	BaseType "Legacy of"
	SetFontSize 45
	SetTextColor 255 255 255 255
	SetBorderColor 255 255 255 255
	SetBackgroundColor 28 55 135 255
	PlayAlertSound 1 300
	PlayEffect Red
	MinimapIcon 0 Red UpsideDownHouse

Show # %H8 $type->verisium $tier->massive !xeno_b
	StackSize >= 1000
	BaseType == "Verisium"
	SetFontSize 42
	SetTextColor 0 0 0 255
	SetBorderColor 0 0 0 255
	SetBackgroundColor 70 130 225 255
	PlayAlertSound 2 300
	PlayEffect Yellow
	MinimapIcon 1 Yellow UpsideDownHouse

Show # %H7 $type->verisium $tier->huge !xeno_c
	StackSize >= 150
	BaseType == "Verisium"
	SetFontSize 42
	SetTextColor 0 0 0 255
	SetBorderColor 0 0 0 255
	SetBackgroundColor 125 180 240 255
	PlayAlertSound 2 300
	PlayEffect Yellow
	MinimapIcon 1 White UpsideDownHouse

Show # %H6 $type->verisium $tier->large !xeno_d
	StackSize >= 30
	BaseType == "Verisium"
	SetFontSize 40
	SetTextColor 180 215 248 255
	SetBorderColor 180 215 248 255
	PlayAlertSound 2 300
	PlayEffect Yellow Temp
	MinimapIcon 2 White UpsideDownHouse

Show # %H5 $type->verisium $tier->any !xeno_d
	BaseType == "Verisium"
	SetFontSize 40
	SetTextColor 180 215 248 255
	SetBorderColor 180 215 248 255
	PlayAlertSound 2 300
	PlayEffect Yellow Temp
	MinimapIcon 2 White UpsideDownHouse

#===============================================================================================================
# [[1900]] Socketables - Runes and Soul Cores
#===============================================================================================================
# !! Waypoint c7.miscgear.socketables : "Socketables - Runes and Soul Cores" : "Socketables"

Show # %D4 $type->sockets->general $tier->socketleveling1 !currency_d
	Class == "Augment"
	BaseType == "Adept Rune" "Charging Rune" "Desert Rune" "Glacial Rune" "Greater Adept Rune" "Greater Charging Rune" "Greater Desert Rune" "Greater Glacial Rune" "Greater Iron Rune" "Greater Resolve Rune" "Greater Robust Rune" "Greater Storm Rune" "Greater Ward Rune" "Iron Rune" "Lesser Adept Rune" "Lesser Charging Rune" "Lesser Desert Rune" "Lesser Glacial Rune" "Lesser Iron Rune" "Lesser Resolve Rune" "Lesser Robust Rune" "Lesser Storm Rune" "Lesser Ward Rune" "Resolve Rune" "Robust Rune" "Storm Rune" "Ward Rune"
	AreaLevel <= 64
MinimapIcon 0 Red Circle
PlayEffect Red
PlayAlertSound 1 300
SetBackgroundColor 0 29 206 255
SetBorderColor 255 255 255 255
SetTextColor 255 255 255 255
SetFontSize 45

Show # %D4 $type->sockets->general $tier->socketleveling2 !currency_supply2
	Class == "Augment"
	BaseType == "Body Rune" "Greater Body Rune" "Greater Inspiration Rune" "Greater Mind Rune" "Greater Rebirth Rune" "Greater Stone Rune" "Greater Vision Rune" "Inspiration Rune" "Lesser Body Rune" "Lesser Inspiration Rune" "Lesser Mind Rune" "Lesser Rebirth Rune" "Lesser Stone Rune" "Lesser Vision Rune" "Mind Rune" "Rebirth Rune" "Stone Rune" "Vision Rune"
	AreaLevel <= 64
MinimapIcon 1 Yellow Circle
PlayEffect Yellow
PlayAlertSound 2 300
SetBackgroundColor 50 70 190 255
SetBorderColor 255 255 255 255
SetTextColor 255 255 255 255
SetFontSize 45

Show # $type->sockets->general $tier->s !apex_stier
	Class == "Augment"
	BaseType == "Aldur's Legacy" "Astrid's Creativity" "Cadigan's Epiphany" "Carved Cunning" "Carved Majesty" "Carved Tenacity" "Emergent Possibility" "Emergent Vigour" "Fox Idol" "Greater Rune of Leadership" "Guatelitzi's Thesis" "Jiquani's Thesis" "Kolr's Hunt" "Kurgal's Gaze" "Opiloti's Soul Core of Assault" "Perfect Adept Rune" "Perfect Charging Rune" "Perfect Mind Rune" "Perfect Rebirth Rune" "Perfect Stone Rune" "Perfect Vision Rune" "Quipolatl's Thesis" "Raven-Touched Shard" "Serle's Triumph" "Soul Core of Azcapa" "Soul Core of Cholotl" "Soul Core of Quipolatl" "Tecrod's Gaze" "Ulaman's Gaze" "Xopec's Soul Core of Power"
	SetFontSize 45
	SetTextColor 255 0 0 255
	SetBorderColor 255 0 0 255
	SetBackgroundColor 255 255 255 255
	PlayAlertSound 6 300
	PlayEffect Red
	MinimapIcon 0 Red Star

Show # %H8 $type->sockets->general $tier->a !currency_a
	Class == "Augment"
	BaseType == "Amanamu's Gaze" "Citaqualotl's Thesis" "Emergent Instinct" "Farrul's Rune of the Chase" "Greater Rune of Alacrity" "Greater Rune of Tithing" "Guatelitzi's Soul Core of Endurance" "Hedgewitch Assandra's Rune of Wisdom" "Idol of Eeshta" "Idol of Eramir" "Idol of Ralakesh" "Idol of Sirrius" "Katla's Gloom" "Masterwork Rune" "Medved's Tending" "Quipolatl's Soul Core of Flow" "Rabbit Idol" "Soul Core of Atmohua" "Soul Core of Citaqualotl" "Soul Core of Jiquani" "Soul Core of Opiloti" "Soul Core of Puhuarte" "Soul Core of Tacati" "Soul Core of Ticaba" "Soul Core of Topotante" "Soul Core of Tzamoto" "Soul Core of Xopec" "Soul Core of Zalatl" "Soul Core of Zantipi" "Tzamoto's Soul Core of Ferocity" "Uhtred's Sidereus" "Vorana's Carnage"
MinimapIcon 0 Red Circle
PlayEffect Red
PlayAlertSound 1 300
SetBackgroundColor 0 29 206 255
SetBorderColor 255 255 255 255
SetTextColor 255 255 255 255
SetFontSize 45

Show # %H7 $type->sockets->general $tier->b !currency_b
	Class == "Augment"
	BaseType == "Ancient Rune of Detonation" "Ancient Rune of Dueling" "Ancient Rune of Shattering" "Atmohua's Soul Core of Retreat" "Betrayal of Aldur" "Breath of Aldur" "Carved Mischief" "Cholotl's Soul Core of War" "Countess Seske's Rune of Archery" "Craiceann's Rune of Warding" "Emergent Protection" "Estazunti's Soul Core of Convalescence" "Farrul's Rune of the Hunt" "Greater Rune of Nobility" "Hawk Idol" "Hayoxi's Soul Core of Heatproofing" "Idol of Grold" "Idol of the Pharisee" "Idol of the Sycophant" "Idol of Thruldana" "Ire of Aldur" "Panther Idol" "Rune of Acrobatics" "Rune of Foundations" "Rune of Renown" "Rune of the Blossom" "Rune of the Hunt" "Saqawal's Rune of Memory" "Saqawal's Rune of the Sky" "Stoat Idol" "Tacati's Soul Core of Affliction" "Thane Grannell's Rune of Mastery" "The Greatwolf's Rune of Willpower" "Thrud's Might" "Topotante's Soul Core of Dampening" "Uromoti's Soul Core of Attenuation" "Warding Rune of Equinox" "Warding Rune of Heart" "Warding Rune of Reinforcement" "Xipocado's Soul Core of Dominion" "Zalatl's Soul Core of Insulation"
MinimapIcon 1 Yellow Circle
PlayEffect Yellow
PlayAlertSound 2 300
SetBackgroundColor 50 70 190 255
SetBorderColor 255 255 255 255
SetTextColor 255 255 255 255
SetFontSize 45

Show # %H6 $type->sockets->general $tier->c !currency_c
	Class == "Augment"
	BaseType == "Ancient Rune of Animosity" "Ancient Rune of Decay" "Ancient Rune of Discovery" "Ancient Rune of Retaliation" "Ancient Rune of Splinters" "Ancient Rune of the Horde" "Ancient Rune of the Titan" "Ancient Rune of Witchcraft" "Bear Idol" "Citaqualotl's Soul Core of Foulness" "Courtesan Mannan's Rune of Cruelty" "Craiceann's Rune of Recovery" "Farrul's Rune of Grace" "Fenumus' Rune of Agony" "Fenumus' Rune of Draining" "Fenumus' Rune of Spinning" "Idol of Alira" "Idol of Egrin" "Idol of Greust" "Idol of Kraityn" "Idol of Maxarius" "Idol of Oak" "Idol of Silk" "Idol of the Martyr" "Idol of Yeena" "Passion of Aldur" "Primate Idol" "Rune of Accumulation" "Rune of Culmination" "Rune of Reach" "Rune of the Prism" "Rune of Vitality" "Saqawal's Rune of Erosion" "Snake Idol" "Thane Girt's Rune of Wildness" "Thane Leld's Rune of Spring" "The Greatwolf's Rune of Claws" "Warding Rune of Annihilation" "Warding Rune of Armature" "Warding Rune of Bodyguards" "Warding Rune of Disintegration" "Warding Rune of Glancing" "Warding Rune of Hollowing" "Warding Rune of Nourishment" "Warding Rune of Obsession" "Warding Rune of Stability"
PlayEffect White
SetBackgroundColor 56 79 216 187
SetTextColor 203 203 203 255
SetFontSize 42

Show # %H5 $type->sockets->general $tier->d !currency_d
	Class == "Augment"
	BaseType == "Ancient Rune of Control" "Ancient Rune of Prowess" "Boar Idol" "Cat Idol" "Greater Adept Rune" "Greater Charging Rune" "Greater Desert Rune" "Greater Glacial Rune" "Greater Iron Rune" "Greater Resolve Rune" "Greater Robust Rune" "Greater Storm Rune" "Greater Ward Rune" "Lady Hestra's Rune of Winter" "Owl Idol" "Ox Idol" "Rune of Confrontation" "Rune of Consistency" "Rune of Vital Flame" "Stag Idol" "Thane Myrk's Rune of Summer" "Warding Rune of Courage" "Warding Rune of Desperation" "Warding Rune of Protection" "Warding Rune of Salvaging" "Warding Rune of Symbiosis" "Wolf Idol"
PlayEffect White
SetBackgroundColor 56 79 216 187
SetTextColor 203 203 203 255
SetFontSize 42

Show # %H4 $type->sockets->general $tier->e !currency_e
	Class == "Augment"
	BaseType == "Greater Body Rune" "Greater Inspiration Rune" "Greater Mind Rune" "Greater Rebirth Rune" "Greater Stone Rune" "Greater Vision Rune"
PlayEffect White
SetBackgroundColor 56 79 216 187
SetTextColor 203 203 203 255
SetFontSize 42

Show # %H3 $type->sockets->general $tier->supplylow !currency_supply2
	Class == "Augment"
	BaseType == "Adept Rune" "Body Rune" "Charging Rune" "Desert Rune" "Glacial Rune" "Inspiration Rune" "Iron Rune" "Lesser Adept Rune" "Lesser Body Rune" "Lesser Charging Rune" "Lesser Desert Rune" "Lesser Glacial Rune" "Lesser Inspiration Rune" "Lesser Iron Rune" "Lesser Mind Rune" "Lesser Rebirth Rune" "Lesser Resolve Rune" "Lesser Robust Rune" "Lesser Stone Rune" "Lesser Storm Rune" "Lesser Vision Rune" "Lesser Ward Rune" "Mind Rune" "Rebirth Rune" "Resolve Rune" "Robust Rune" "Stone Rune" "Storm Rune" "Vision Rune" "Ward Rune"
PlayEffect White
SetBackgroundColor 56 79 216 187
SetTextColor 203 203 203 255
SetFontSize 42

Hide # $type->sockets->general $tier->exhide !utility_minimize
	Class == "Augment"
	BaseType == "Ancient Rune of Animosity" "Ancient Rune of Control" "Ancient Rune of Decay" "Ancient Rune of Detonation" "Ancient Rune of Discovery" "Ancient Rune of Dueling" "Ancient Rune of Prowess" "Ancient Rune of Retaliation" "Ancient Rune of Shattering" "Ancient Rune of Splinters" "Ancient Rune of the Horde" "Ancient Rune of the Titan" "Ancient Rune of Witchcraft" "Atmohua's Soul Core of Retreat" "Bear Idol" "Betrayal of Aldur" "Boar Idol" "Body Rune" "Breath of Aldur" "Carved Mischief" "Cat Idol" "Cholotl's Soul Core of War" "Citaqualotl's Soul Core of Foulness" "Countess Seske's Rune of Archery" "Courtesan Mannan's Rune of Cruelty" "Craiceann's Rune of Recovery" "Craiceann's Rune of Warding" "Emergent Protection" "Estazunti's Soul Core of Convalescence" "Farrul's Rune of Grace" "Farrul's Rune of the Hunt" "Fenumus' Rune of Agony" "Fenumus' Rune of Draining" "Fenumus' Rune of Spinning" "Greater Body Rune" "Greater Inspiration Rune" "Greater Mind Rune" "Greater Rebirth Rune" "Greater Rune of Nobility" "Greater Stone Rune" "Greater Vision Rune" "Hawk Idol" "Hayoxi's Soul Core of Heatproofing" "Idol of Alira" "Idol of Egrin" "Idol of Greust" "Idol of Grold" "Idol of Kraityn" "Idol of Maxarius" "Idol of Oak" "Idol of Silk" "Idol of the Martyr" "Idol of the Pharisee" "Idol of the Sycophant" "Idol of Thruldana" "Idol of Yeena" "Inspiration Rune" "Ire of Aldur" "Lady Hestra's Rune of Winter" "Lesser Body Rune" "Lesser Inspiration Rune" "Lesser Mind Rune" "Lesser Rebirth Rune" "Lesser Stone Rune" "Lesser Vision Rune" "Mind Rune" "Owl Idol" "Ox Idol" "Panther Idol" "Passion of Aldur" "Primate Idol" "Rebirth Rune" "Rune of Accumulation" "Rune of Acrobatics" "Rune of Confrontation" "Rune of Consistency" "Rune of Culmination" "Rune of Foundations" "Rune of Reach" "Rune of Renown" "Rune of the Blossom" "Rune of the Hunt" "Rune of the Prism" "Rune of Vital Flame" "Rune of Vitality" "Saqawal's Rune of Erosion" "Saqawal's Rune of Memory" "Saqawal's Rune of the Sky" "Snake Idol" "Stag Idol" "Stoat Idol" "Stone Rune" "Tacati's Soul Core of Affliction" "Thane Girt's Rune of Wildness" "Thane Grannell's Rune of Mastery" "Thane Leld's Rune of Spring" "Thane Myrk's Rune of Summer" "The Greatwolf's Rune of Claws" "The Greatwolf's Rune of Willpower" "Thrud's Might" "Topotante's Soul Core of Dampening" "Uromoti's Soul Core of Attenuation" "Vision Rune" "Warding Rune of Annihilation" "Warding Rune of Armature" "Warding Rune of Bodyguards" "Warding Rune of Courage" "Warding Rune of Desperation" "Warding Rune of Disintegration" "Warding Rune of Equinox" "Warding Rune of Glancing" "Warding Rune of Heart" "Warding Rune of Hollowing" "Warding Rune of Nourishment" "Warding Rune of Obsession" "Warding Rune of Protection" "Warding Rune of Reinforcement" "Warding Rune of Salvaging" "Warding Rune of Stability" "Warding Rune of Symbiosis" "Wolf Idol" "Xipocado's Soul Core of Dominion" "Zalatl's Soul Core of Insulation"
	SetFontSize 18
	SetBackgroundColor 20 20 0 0

Show # $type->sockets->general $tier->restex !utility_unknownitem
	Class == "Augment"
	BaseType "Idol" "Rune" "Soul Core"
	SetFontSize 45
	SetTextColor 0 255 255 255
	SetBorderColor 0 255 255 255
	SetBackgroundColor 255 0 255 255
	PlayAlertSound 3 300
	PlayEffect Pink
	MinimapIcon 0 Pink Pentagon

#===============================================================================================================
# [[2000]] Jewels
#===============================================================================================================
# !! Waypoint c7.jewels.generic.all : "Jewels" : "Exotics"

Show # $type->jewels->generic $tier->anytimelost !exotics_btier
	Rarity Normal Magic Rare
	Class == "Jewels"
	BaseType == "Time-Lost Emerald" "Time-Lost Ruby" "Time-Lost Sapphire"
MinimapIcon 0 Blue Diamond
PlayEffect Blue
PlayAlertSound 3 300
SetBackgroundColor 0 75 30 255
SetBorderColor 0 240 190 255
SetTextColor 219 232 229 255
SetFontSize 42

Show # $type->jewels->generic $tier->anycorruptedmod !exotics_btier
	AnyEnchantment True
	Corrupted True
	Rarity Normal Magic Rare
	Class == "Jewels"
MinimapIcon 0 Blue Diamond
PlayEffect Blue
PlayAlertSound 3 300
SetBackgroundColor 0 75 30 255
SetBorderColor 0 240 190 255
SetTextColor 219 232 229 255
SetFontSize 42

Show # $type->jewels->generic $tier->any5modded !exotics_btier
	Corrupted True
	Rarity Normal Magic Rare
	Class == "Jewels"
	HasExplicitMod >=5 "a" "o" "e" "u" "i" "y"
MinimapIcon 0 Blue Diamond
PlayEffect Blue
PlayAlertSound 3 300
SetBackgroundColor 0 75 30 255
SetBorderColor 0 240 190 255
SetTextColor 219 232 229 255
SetFontSize 42

Show # $type->jewels->generic $tier->anyrare !gear_jewelrare
	Rarity Rare
	Class == "Jewels"
	BaseType == "Emerald" "Ruby" "Sapphire"
	SetFontSize 42
	SetTextColor 220 220 0
	SetBorderColor 220 220 0
	SetBackgroundColor 75 75 0
	PlayAlertSound 2 300
	PlayEffect Yellow
	MinimapIcon 1 Yellow Diamond

Show # %H5 $type->jewels->generic $tier->anymagic !gear_jewelmagic
	Rarity Normal Magic
	Class == "Jewels"
	BaseType == "Emerald" "Ruby" "Sapphire"
MinimapIcon 1 Blue Diamond
PlayEffect Blue
PlayAlertSound 2 300
SetBackgroundColor 30 0 70 255
SetBorderColor 0 70 255 255
SetTextColor 0 70 255 255
SetFontSize 45

#===============================================================================================================
# [[2100]] Relics
#===============================================================================================================
# !! Waypoint c7.relics.generic.all : "Relics (Trial of the Sekhema)" : "Fragments"

Show # $type->relics->generic $tier->any !exotics_dtier
	Rarity Normal Magic
	BaseType == "Amphora Relic" "Coffer Relic" "Incense Relic" "Seal Relic" "Tapestry Relic" "Urn Relic" "Vase Relic"
SetBackgroundColor 20 20 0 255
SetBorderColor 100 100 255 255
PlayEffect Blue Temp
SetTextColor 100 100 255 255
SetFontSize 45

#===============================================================================================================
# [[2200]] Gems and Uncut Gems
#===============================================================================================================
# !! Waypoint c8.gems.uncut : "Gems - Uncut" : "Gems"

Show # $type->gems->lineage $tier->s !apex_stier
	Class == "Skill Gems" "Support Gems"
	BaseType == "Amanamu's Tithe" "Arbiter's Ignition" "Atalui's Bloodletting" "Atziri's Communion" "Breachlord's Amalgam" "Breachlord's Rift" "Brutus' Brain" "Catha's Brilliance" "Dialla's Desire" "Esh's Radiance" "Garukhan's Resolve" "Her Declaration" "Ixchel's Torment" "Khatal's Rejuvenation" "Olroth's Conviction" "Rakiata's Flow" "Rigwald's Ferocity" "Seraph's Heart" "Tecrod's Revenge" "Tul's Stillness" "Uhtred's Augury" "Uhtred's Exodus" "Uhtred's Omen" "Uul-Netol's Embrace" "Vorana's Siege" "Xoph's Pyre"
	SetFontSize 45
	SetTextColor 255 0 0 255
	SetBorderColor 255 0 0 255
	SetBackgroundColor 255 255 255 255
	PlayAlertSound 6 300
	PlayEffect Red
	MinimapIcon 0 Red Star

Show # %H8 $type->gems->lineage $tier->a !uniques_a
	Class == "Skill Gems" "Support Gems"
	BaseType == "Ailith's Chimes" "Atziri's Call" "Doedre's Undoing" "Dreamer's Knell" "Eonyr's Thunder" "Hayoxi's Fulmination" "Helbrym's Hide" "Medved's Felling" "M├│rrigan's Insight" "Sione's Temper" "Tangmazu's Thurible" "Trickster's Shard" "Uhtred's Constellation" "Zerphi's Infamy"
	SetFontSize 45
	SetTextColor 255 255 255 255
	SetBorderColor 255 255 255 255
	SetBackgroundColor 188 96 37 255
	PlayAlertSound 1 300
	PlayEffect Red
	MinimapIcon 0 Yellow Star

Show # %H7 $type->gems->lineage $tier->b !uniques_x
	Class == "Skill Gems" "Support Gems"
	BaseType == "Ahn's Citadel" "Arbiter's Reach" "Atziri's Allure" "Atziri's Impatience" "Esh's Prowess" "Kaom's Madness" "Ois├¡n's Oath" "Olroth's Hubris" "Paquate's Pact" "Prototype Seventeen" "Styrn's Ferocity" "Uhtred's Rite" "Uruk's Smelting" "Zarokh's Refrain" "Zarokh's Revolt"
	SetFontSize 42
	SetTextColor 0 0 0 255
	SetBorderColor 0 0 0 255
	SetBackgroundColor 188 96 37 255
	PlayAlertSound 3 300
	PlayEffect Blue
	MinimapIcon 1 Blue Star

Show # %H6 $type->gems->lineage $tier->c !uniques_b
	Class == "Skill Gems" "Support Gems"
	BaseType == "Arakaali's Lust" "Arjun's Medal" "Bhatair's Vengeance" "Cirel's Cultivation" "Daresso's Passion" "Dominus' Grasp" "Einhar's Beastrite" "Guatelitzi's Ablation" "Kalisa's Crescendo" "Kulemak's Dominion" "Kurgal's Leash" "Morgana's Tempest" "Ratha's Assault" "Romira's Requital" "Styrn's Mountain" "Tacati's Ire" "Tasalio's Rhythm" "Tawhoa's Tending" "Tul's Avalanche" "Varashta's Blessing" "Vilenta's Propulsion" "Vruun's Aftermath" "Vruun's Inevitability" "Xibaqua's Rending"
	SetFontSize 42
	SetTextColor 188 96 37 255
	SetBorderColor 188 96 37 255
	SetBackgroundColor 53 13 13 255
	PlayAlertSound 3 300
	PlayEffect Brown
	MinimapIcon 1 Brown Star

# Level20

Show # $type->gems->uncut $tier->spirit20 !apex_stier
	GemLevel >= 20
	BaseType "Uncut Spirit Gem"
	SetFontSize 45
	SetTextColor 255 0 0 255
	SetBorderColor 255 0 0 255
	SetBackgroundColor 255 255 255 255
	PlayAlertSound 6 300
	PlayEffect Red
	MinimapIcon 0 Red Star

Show # $type->gems->uncut $tier->skill20 !apex_stier
	GemLevel >= 20
	BaseType "Uncut Skill Gem"
	SetFontSize 45
	SetTextColor 255 0 0 255
	SetBorderColor 255 0 0 255
	SetBackgroundColor 255 255 255 255
	PlayAlertSound 6 300
	PlayEffect Red
	MinimapIcon 0 Red Star

# Level19

Show # %H5 $type->gems->uncut $tier->spirit19 !typebased_gems1
	GemLevel 19
	BaseType "Uncut Spirit Gem"
	SetFontSize 42
	SetTextColor 20 240 240
	SetBorderColor 20 240 240
	SetBackgroundColor 6 0 60
	PlayAlertSound 2 300
	PlayEffect Cyan
	MinimapIcon 1 Cyan Triangle

Show # %H5 $type->gems->uncut $tier->skill19 !typebased_gems1
	GemLevel 19
	BaseType "Uncut Skill Gem"
	SetFontSize 42
	SetTextColor 20 240 240
	SetBorderColor 20 240 240
	SetBackgroundColor 6 0 60
	PlayAlertSound 2 300
	PlayEffect Cyan
	MinimapIcon 1 Cyan Triangle

# Spirit Gem Progression

Show # %H4 $type->gems->uncut $tier->spiritgemprogression18 !typebased_gems2
	GemLevel 18
	BaseType "Uncut Spirit Gem"
	AreaLevel <= 79
	SetFontSize 42
	SetTextColor 20 240 240
	SetBorderColor 20 240 240
	PlayAlertSound 2 300
	PlayEffect Cyan
	MinimapIcon 1 Cyan Triangle

Show # %H4 $type->gems->uncut $tier->spiritgemprogression17 !typebased_gems2
	GemLevel 17
	BaseType "Uncut Spirit Gem"
	AreaLevel <= 77
	SetFontSize 42
	SetTextColor 20 240 240
	SetBorderColor 20 240 240
	PlayAlertSound 2 300
	PlayEffect Cyan
	MinimapIcon 1 Cyan Triangle

Show # %H4 $type->gems->uncut $tier->spiritgemprogression16 !typebased_gems2
	GemLevel 16
	BaseType "Uncut Spirit Gem"
	AreaLevel <= 73
	SetFontSize 42
	SetTextColor 20 240 240
	SetBorderColor 20 240 240
	PlayAlertSound 2 300
	PlayEffect Cyan
	MinimapIcon 1 Cyan Triangle

Show # %H4 $type->gems->uncut $tier->spiritgemprogression15 !typebased_gems2
	GemLevel 15
	BaseType "Uncut Spirit Gem"
	AreaLevel <= 69
	SetFontSize 42
	SetTextColor 20 240 240
	SetBorderColor 20 240 240
	PlayAlertSound 2 300
	PlayEffect Cyan
	MinimapIcon 1 Cyan Triangle

Show # %H4 $type->gems->uncut $tier->spiritgemprogression14 !typebased_gems2
	GemLevel 14
	BaseType "Uncut Spirit Gem"
	AreaLevel <= 65
	SetFontSize 42
	SetTextColor 20 240 240
	SetBorderColor 20 240 240
	PlayAlertSound 2 300
	PlayEffect Cyan
	MinimapIcon 1 Cyan Triangle

# Skill Gem Progression

Show # %H3 $type->gems->uncut $tier->skillgemprogression18 !typebased_gems2
	GemLevel 18
	BaseType "Uncut Skill Gem"
	AreaLevel <= 79
	SetFontSize 42
	SetTextColor 20 240 240
	SetBorderColor 20 240 240
	PlayAlertSound 2 300
	PlayEffect Cyan
	MinimapIcon 1 Cyan Triangle

Show # %H3 $type->gems->uncut $tier->skillgemprogression17 !typebased_gems2
	GemLevel 17
	BaseType "Uncut Skill Gem"
	AreaLevel <= 77
	SetFontSize 42
	SetTextColor 20 240 240
	SetBorderColor 20 240 240
	PlayAlertSound 2 300
	PlayEffect Cyan
	MinimapIcon 1 Cyan Triangle

Show # %H3 $type->gems->uncut $tier->skillgemprogression16 !typebased_gems2
	GemLevel 16
	BaseType "Uncut Skill Gem"
	AreaLevel <= 73
	SetFontSize 42
	SetTextColor 20 240 240
	SetBorderColor 20 240 240
	PlayAlertSound 2 300
	PlayEffect Cyan
	MinimapIcon 1 Cyan Triangle

Show # %H3 $type->gems->uncut $tier->skillgemprogression15 !typebased_gems2
	GemLevel 15
	BaseType "Uncut Skill Gem"
	AreaLevel <= 69
	SetFontSize 42
	SetTextColor 20 240 240
	SetBorderColor 20 240 240
	PlayAlertSound 2 300
	PlayEffect Cyan
	MinimapIcon 1 Cyan Triangle

Show # %H3 $type->gems->uncut $tier->skillgemprogression14 !typebased_gems2
	GemLevel 14
	BaseType "Uncut Skill Gem"
	AreaLevel <= 65
	SetFontSize 42
	SetTextColor 20 240 240
	SetBorderColor 20 240 240
	PlayAlertSound 2 300
	PlayEffect Cyan
	MinimapIcon 1 Cyan Triangle

# All gems during campaign with sounds

Show # %H5 $type->gems->uncut $tier->spiritcampaign !typebased_gems2
	BaseType "Uncut Spirit Gem"
	AreaLevel <= 64
	SetFontSize 42
	SetTextColor 20 240 240
	SetBorderColor 20 240 240
	PlayAlertSound 2 300
	PlayEffect Cyan
	MinimapIcon 1 Cyan Triangle

Show # %H5 $type->gems->uncut $tier->skillcampaign !typebased_gems2
	BaseType "Uncut Skill Gem"
	AreaLevel <= 64
	SetFontSize 42
	SetTextColor 20 240 240
	SetBorderColor 20 240 240
	PlayAlertSound 2 300
	PlayEffect Cyan
	MinimapIcon 1 Cyan Triangle

Show # %H5 $type->gems->uncut $tier->supportcampaign !typebased_gems2
	BaseType "Uncut Support Gem"
	AreaLevel <= 64
	SetFontSize 42
	SetTextColor 20 240 240
	SetBorderColor 20 240 240
	PlayAlertSound 2 300
	PlayEffect Cyan
	MinimapIcon 1 Cyan Triangle

Show # %H5 $type->gems->uncut $tier->supportearlymaps !typebased_gems2
	BaseType "Uncut Support Gem"
	AreaLevel <= 78
	SetFontSize 42
	SetTextColor 20 240 240
	SetBorderColor 20 240 240
	PlayAlertSound 2 300
	PlayEffect Cyan
	MinimapIcon 1 Cyan Triangle

# Lower highlight for lower level gems in maps

Show # %H4 $type->gems->uncut $tier->otherspiriteg !typebased_gems3
	BaseType "Uncut Spirit Gem"
	AreaLevel >= 65
	SetFontSize 35
	SetTextColor 20 240 240
	SetBorderColor 20 240 240
	PlayEffect Cyan Temp

Show # %H3 $type->gems->uncut $tier->otherskilleg !typebased_gems3
	BaseType "Uncut Skill Gem"
	AreaLevel >= 65
	SetFontSize 35
	SetTextColor 20 240 240
	SetBorderColor 20 240 240
	PlayEffect Cyan Temp

Show # %H6 $type->gems->uncut $tier->othersupporteg !typebased_gems3
	BaseType "Uncut Support Gem"
	AreaLevel >= 65
	SetFontSize 40
	SetTextColor 20 240 240
	SetBorderColor 20 240 240
	PlayEffect Cyan Temp

# Hider for filterblade

Hide # $type->gems->uncut $tier->exhide !utility_minimize
	BaseType "Uncut Skill Gem" "Uncut Spirit Gem" "Uncut Support Gem"
	SetFontSize 18
	SetBackgroundColor 20 20 0 0

# !! Waypoint c8.gems.others : "Gems - Specific" : "Gems"

Show # $type->gems $tier->upgradedgemstwice !apex_stier
	TwiceCorrupted True
	Quality > 20
	GemLevel > 20
	Class == "Skill Gems" "Support Gems"
	SetFontSize 45
	SetTextColor 255 0 0 255
	SetBorderColor 255 0 0 255
	SetBackgroundColor 255 255 255 255
	PlayAlertSound 6 300
	PlayEffect Red
	MinimapIcon 0 Red Star

Show # $type->gems $tier->upgradedgemslevel !exotics_btier
	TwiceCorrupted True
	Class == "Skill Gems" "Support Gems"
MinimapIcon 0 Blue Diamond
PlayEffect Blue
PlayAlertSound 3 300
SetBackgroundColor 0 75 30 255
SetBorderColor 0 240 190 255
SetTextColor 219 232 229 255
SetFontSize 42

Show # $type->gems $tier->any !typebased_gems2
	Class == "Skill Gems" "Support Gems"
	SetFontSize 42
	SetTextColor 20 240 240
	SetBorderColor 20 240 240
	PlayAlertSound 2 300
	PlayEffect Cyan
	MinimapIcon 1 Cyan Triangle

#===============================================================================================================
# [[2300]] Waystones
#===============================================================================================================
# !! Waypoint c9.waystones.all : "Waystones - Override All" : "Maps"

#===============================================================================================================
# [[2400]] Normal Waystone Progression
#===============================================================================================================
# !! Waypoint c9.waystone.special : "Waystones - Override Hider Rules" : "Maps"

#Hide  # $type->waystone->hiders $tier->corruptedmaphider !utility_minimize
#	Corrupted True
#	Rarity Normal Magic
#	Class == "Waystones"
#	SetFontSize 18
#	SetBackgroundColor 20 20 0 0

#Hide  # $type->waystone->hiders $tier->mirroredmaphider !utility_minimize
#	Mirrored True
#	Rarity Normal Magic
#	Class == "Waystones"
#	SetFontSize 18
#	SetBackgroundColor 20 20 0 0

#------------------------------------
#   [2401] Generic Decorators
#------------------------------------
# !! Waypoint c9.waystone.decorators.all : "Waystones - Decorators" : "Maps"

Show # $type->waystones $tier->decomap1 !maps_deco1
	WaystoneTier >= 15
	Class == "Waystones"
	SetFontSize 42
	SetBorderColor 0 0 0 255
	Continue

Show # $type->waystones $tier->decomap2 !maps_deco2
	WaystoneTier >= 12
	WaystoneTier <= 14
	Class == "Waystones"
	SetFontSize 40
	SetBorderColor 0 0 0 255
	Continue

Show # $type->waystones $tier->decomap3 !maps_deco3
	WaystoneTier >= 6
	WaystoneTier <= 11
	Class == "Waystones"
	SetFontSize 40
	SetBorderColor 200 200 200 255
	Continue

Show # $type->waystones $tier->decomap4 !maps_deco4
	WaystoneTier >= 1
	WaystoneTier <= 5
	Class == "Waystones"
	SetFontSize 40
	SetBorderColor 200 200 200 255
	Continue

Show # $type->waystones $tier->deco_wsup_t16 !maps_decotierupgrade
	WaystoneTier >= 16
	Class == "Waystones"
	AreaLevel < 80
	SetBorderColor 220 50 0 255
	Continue

Show # $type->waystones $tier->deco_wsup_t15 !maps_decotierupgrade
	WaystoneTier >= 15
	Class == "Waystones"
	AreaLevel < 79
	SetBorderColor 220 50 0 255
	Continue

Show # $type->waystones $tier->deco_wsup_t14 !maps_decotierupgrade
	WaystoneTier >= 14
	Class == "Waystones"
	AreaLevel < 78
	SetBorderColor 220 50 0 255
	Continue

Show # $type->waystones $tier->deco_wsup_t13 !maps_decotierupgrade
	WaystoneTier >= 13
	Class == "Waystones"
	AreaLevel < 76
	SetBorderColor 220 50 0 255
	Continue

Show # $type->waystones $tier->deco_wsup_t12 !maps_decotierupgrade
	WaystoneTier >= 12
	Class == "Waystones"
	AreaLevel < 75
	SetBorderColor 220 50 0 255
	Continue

Show # $type->waystones $tier->deco_wsup_t11 !maps_decotierupgrade
	WaystoneTier >= 11
	Class == "Waystones"
	AreaLevel < 74
	SetBorderColor 220 50 0 255
	Continue

Show # $type->waystones $tier->deco_wsup_t10 !maps_decotierupgrade
	WaystoneTier >= 10
	Class == "Waystones"
	AreaLevel < 73
	SetBorderColor 220 50 0 255
	Continue

Show # $type->waystones $tier->deco_wsup_t9 !maps_decotierupgrade
	WaystoneTier >= 9
	Class == "Waystones"
	AreaLevel < 72
	SetBorderColor 220 50 0 255
	Continue

Show # $type->waystones $tier->deco_wsup_t8 !maps_decotierupgrade
	WaystoneTier >= 8
	Class == "Waystones"
	AreaLevel < 72
	SetBorderColor 220 50 0 255
	Continue

Show # $type->waystones $tier->deco_wsup_t7 !maps_decotierupgrade
	WaystoneTier >= 7
	Class == "Waystones"
	AreaLevel < 71
	SetBorderColor 220 50 0 255
	Continue

Show # $type->waystones $tier->deco_wsup_t6 !maps_decotierupgrade
	WaystoneTier >= 6
	Class == "Waystones"
	AreaLevel < 70
	SetBorderColor 220 50 0 255
	Continue

Show # $type->waystones $tier->deco_wsup_t5 !maps_decotierupgrade
	WaystoneTier >= 5
	Class == "Waystones"
	AreaLevel < 69
	SetBorderColor 220 50 0 255
	Continue

Show # $type->waystones $tier->deco_wsup_t4 !maps_decotierupgrade
	WaystoneTier >= 4
	Class == "Waystones"
	AreaLevel < 68
	SetBorderColor 220 50 0 255
	Continue

Show # $type->waystones $tier->deco_wsup_t3 !maps_decotierupgrade
	WaystoneTier >= 3
	Class == "Waystones"
	AreaLevel < 67
	SetBorderColor 220 50 0 255
	Continue

Show # $type->waystones $tier->deco_wsup_t2 !maps_decotierupgrade
	WaystoneTier >= 2
	Class == "Waystones"
	AreaLevel < 66
	SetBorderColor 220 50 0 255
	Continue

Show # $type->waystones $tier->deco_wsup_t1 !maps_decotierupgrade
	WaystoneTier >= 1
	Class == "Waystones"
	AreaLevel < 65
	SetBorderColor 220 50 0 255
	Continue

#Show  # $type->waystones $tier->decomap1overleveled !maps_decooverlevel
#	WaystoneTier >= 1
#	WaystoneTier <= 11
#	Class == "Waystones"
#	AreaLevel >= 78
#	SetFontSize 38
#	SetBorderColor 200 200 200 255
#	Continue

#Show  # $type->waystones $tier->decomap2overleveled !maps_decooverlevel
#	WaystoneTier >= 1
#	WaystoneTier <= 8
#	Class == "Waystones"
#	AreaLevel >= 76
#	SetFontSize 38
#	SetBorderColor 200 200 200 255
#	Continue

#Show  # $type->waystones $tier->decomap3overleveled !maps_decooverlevel
#	WaystoneTier >= 1
#	WaystoneTier <= 6
#	Class == "Waystones"
#	AreaLevel >= 74
#	SetFontSize 38
#	SetBorderColor 200 200 200 255
#	Continue

#Show  # $type->waystones $tier->decomap4overleveled !maps_decooverlevel
#	WaystoneTier >= 1
#	WaystoneTier <= 3
#	Class == "Waystones"
#	AreaLevel >= 72
#	SetFontSize 38
#	SetBorderColor 200 200 200 255
#	Continue

# semi-strict, currently: t14 map, find: t1 map, shown based on t1

Show # $type->waystones $tier->deco_corruptedmod !exotics_corrupthigh
	AnyEnchantment True
	Class == "Waystones"
	SetBorderColor 250 0 0 255
	Continue

#------------------------------------
#   [2402] Special Maps
#------------------------------------
# !! Waypoint c9.waystone.decorators.special : "Waystones - Special Cases" : "Maps"

Show # $type->waystones $tier->enchanted1 !maps_specialb
	AnyEnchantment True
	WaystoneTier >= 14
	Class == "Waystones"
	SetTextColor 145 30 220 255
	SetBorderColor 145 30 220 255
	SetBackgroundColor 235 220 245 255
	PlayAlertSound 5 300
	PlayEffect Red
	MinimapIcon 0 Purple Square

Show # %D5 $type->waystones $tier->enchanted2 !maps_specialc
	AnyEnchantment True
	WaystoneTier >= 11
	WaystoneTier <= 13
	Class == "Waystones"
	SetTextColor 145 30 220 255
	SetBorderColor 145 30 220 255
	SetBackgroundColor 200 200 200 255
	PlayAlertSound 4 300
	PlayEffect Yellow
	MinimapIcon 2 Purple Square

Show # %D4 $type->waystones $tier->enchanted34 !maps_specialc
	AnyEnchantment True
	WaystoneTier >= 1
	WaystoneTier <= 10
	Class == "Waystones"
	SetTextColor 145 30 220 255
	SetBorderColor 145 30 220 255
	SetBackgroundColor 200 200 200 255
	PlayAlertSound 4 300
	PlayEffect Yellow
	MinimapIcon 2 Purple Square

Show # $type->waystones $tier->corrupted8high !maps_specialb
	Corrupted True
	WaystoneTier >= 14
	Class == "Waystones"
	HasExplicitMod >=8 "a" "o" "e" "u" "i" "y"
	SetTextColor 145 30 220 255
	SetBorderColor 145 30 220 255
	SetBackgroundColor 235 220 245 255
	PlayAlertSound 5 300
	PlayEffect Red
	MinimapIcon 0 Purple Square

Show # %H4 $type->waystones $tier->corrupted8 !maps_specialc
	Corrupted True
	Class == "Waystones"
	HasExplicitMod >=7 "a" "o" "e" "u" "i" "y"
	SetTextColor 145 30 220 255
	SetBorderColor 145 30 220 255
	SetBackgroundColor 200 200 200 255
	PlayAlertSound 4 300
	PlayEffect Yellow
	MinimapIcon 2 Purple Square

#------------------------------------
#   [2403] Waystone progression
#------------------------------------
# !! Waypoint c9.waystone.generic.t16 : "Waystones - t15-t16" : "Maps"

Show # $type->waystones $tier->waystone_t16 !maps_specialb
	WaystoneTier >= 16
	Class == "Waystones"
	SetTextColor 145 30 220 255
	SetBorderColor 145 30 220 255
	SetBackgroundColor 235 220 245 255
	PlayAlertSound 5 300
	PlayEffect Red
	MinimapIcon 0 Purple Square

Show # $type->waystones $tier->waystone_t15 !maps_regularhighest
	WaystoneTier 15
	Class == "Waystones"
SetFontSize 38
SetBorderColor 156 0 255 255
MinimapIcon 1 Purple Square
PlayEffect Purple
SetBackgroundColor 156 0 255 255
SetTextColor 255 255 255 255

# !! Waypoint c9.waystone.generic.t14 : "Waystones - t12-t14" : "Maps"

Show # %D5 $type->waystones $tier->waystone_t14 !maps_regularhigh
	WaystoneTier 14
	Class == "Waystones"
SetFontSize 38
SetBorderColor 242 7 7 198
MinimapIcon 1 Red Square
PlayEffect Red Temp
SetBackgroundColor 0 0 0 255
SetTextColor 242 7 7 198

Show # %DS3 $type->waystones $tier->waystone_t13 !maps_regularhigh
	WaystoneTier 13
	Class == "Waystones"
SetFontSize 38
SetBorderColor 242 7 7 198
MinimapIcon 1 Red Square
PlayEffect Red Temp
SetBackgroundColor 0 0 0 255
SetTextColor 242 7 7 198

Show # %DS3 $type->waystones $tier->waystone_t12 !maps_regularhigh
	WaystoneTier 12
	Class == "Waystones"
SetFontSize 38
SetBorderColor 242 7 7 198
MinimapIcon 1 Red Square
PlayEffect Red Temp
SetBackgroundColor 0 0 0 255
SetTextColor 242 7 7 198

# !! Waypoint c9.waystone.generic.t11 : "Waystones - t7-t11" : "Maps"

Show # %DS3 $type->waystones $tier->waystone_t11 !maps_regularmid
	WaystoneTier 11
	Class == "Waystones"
SetFontSize 38
SetBorderColor 242 7 7 198
MinimapIcon 1 Red Square
PlayEffect Red Temp
SetBackgroundColor 0 0 0 255
SetTextColor 242 7 7 198

Show # %DS3 $type->waystones $tier->waystone_t10 !maps_regularmid
	WaystoneTier 10
	Class == "Waystones"
SetFontSize 38
SetBorderColor 255 190 0
MinimapIcon 2 Yellow Square
PlayEffect Yellow Temp
SetBackgroundColor 0 0 0 255
SetTextColor 255 190 0

Show # %DS3 $type->waystones $tier->waystone_t9 !maps_regularmid
	WaystoneTier 9
	Class == "Waystones"
SetFontSize 38
SetBorderColor 255 190 0
MinimapIcon 2 Yellow Square
PlayEffect Yellow Temp
SetBackgroundColor 0 0 0 255
SetTextColor 255 190 0

Show # %DS3 $type->waystones $tier->waystone_t8 !maps_regularmid
	WaystoneTier 8
	Class == "Waystones"
SetFontSize 38
SetBorderColor 255 190 0
MinimapIcon 2 Yellow Square
PlayEffect Yellow Temp
SetBackgroundColor 0 0 0 255
SetTextColor 255 190 0

Show # %DS3 $type->waystones $tier->waystone_t7 !maps_regularmid
	WaystoneTier 7
	Class == "Waystones"
SetFontSize 38
SetBorderColor 255 190 0
MinimapIcon 2 Yellow Square
PlayEffect Yellow Temp
SetBackgroundColor 0 0 0 255
SetTextColor 255 190 0

# !! Waypoint c9.waystone.generic.t6 : "Waystones - T1-T6" : "Maps"

Show # %DS3 $type->waystones $tier->waystone_t6 !maps_regularlow
	WaystoneTier 6
	Class == "Waystones"
SetFontSize 38
SetBorderColor 255 190 0
MinimapIcon 2 Yellow Square
PlayEffect Yellow Temp
SetBackgroundColor 0 0 0 255
SetTextColor 255 190 0

Show # %DS3 $type->waystones $tier->waystone_t5 !maps_regularlow
	WaystoneTier 5
	Class == "Waystones"
SetBorderColor 255 255 255 187
SetFontSize 38
MinimapIcon 2 White Square
PlayEffect White Temp
SetBackgroundColor 0 0 0 255
SetTextColor 255 255 255 187

Show # %DS3 $type->waystones $tier->waystone_t4 !maps_regularlow
	WaystoneTier 4
	Class == "Waystones"
SetBorderColor 255 255 255 187
SetFontSize 38
MinimapIcon 2 White Square
PlayEffect White Temp
SetBackgroundColor 0 0 0 255
SetTextColor 255 255 255 187

Show # %DS3 $type->waystones $tier->waystone_t3 !maps_regularlow
	WaystoneTier 3
	Class == "Waystones"
SetBorderColor 255 255 255 187
SetFontSize 38
MinimapIcon 2 White Square
PlayEffect White Temp
SetBackgroundColor 0 0 0 255
SetTextColor 255 255 255 187

Show # %DS3 $type->waystones $tier->waystone_t2 !maps_regularlow
	WaystoneTier 2
	Class == "Waystones"
SetBorderColor 255 255 255 187
SetFontSize 38
MinimapIcon 2 White Square
PlayEffect White Temp
SetBackgroundColor 0 0 0 255
SetTextColor 255 255 255 187

Show # %DS3 $type->waystones $tier->waystone_t1 !maps_regularlow
	WaystoneTier 1
	Class == "Waystones"
SetBorderColor 255 255 255 187
SetFontSize 38
MinimapIcon 2 White Square
PlayEffect White Temp
SetBackgroundColor 0 0 0 255
SetTextColor 255 255 255 187

Show # %D4 $type->waystones $tier->waystone_rares_other !maps_regularlow
	Rarity Rare
	Class == "Waystones"
SetBorderColor 255 255 255 187
SetFontSize 38
MinimapIcon 2 White Square
PlayEffect White Temp
SetBackgroundColor 0 0 0 255
SetTextColor 255 255 255 187

Hide # $type->waystones $tier->exhide !utility_minimize
	WaystoneTier <= 15
	Rarity Normal Magic Rare
	Class == "Waystones"
	SetFontSize 18
	SetBackgroundColor 20 20 0 0

Show # $type->waystones $tier->restex !utility_unknownitem
	Class == "Waystones"
	SetFontSize 45
	SetTextColor 0 255 255 255
	SetBorderColor 0 255 255 255
	SetBackgroundColor 255 0 255 255
	PlayAlertSound 3 300
	PlayEffect Pink
	MinimapIcon 0 Pink Pentagon

#===============================================================================================================
# [[2500]] Currency - Exceptions - Leveling Currencies
#===============================================================================================================
# !! Waypoint c9.currency.leveling.nonstacked : "Tierlist - Currency - Leveling Currency" : "Leveling"

Show # %D4 $type->currency->leveling $tier->jewellers !currency_c
	Class == "Incubators" "Stackable Currency"
	BaseType == "Lesser Jeweller's Orb"
	AreaLevel <= 64
MinimapIcon 0 Red Circle
PlayEffect Red
PlayAlertSound 1 300
SetBackgroundColor 0 29 206 255
SetBorderColor 255 255 255 255
SetTextColor 255 255 255 255
SetFontSize 45

Show # %D5 $type->currency->leveling $tier->rare
	Class == "Incubators" "Stackable Currency"
	BaseType == "Artificer's Orb" "Gnawed Collarbone" "Gnawed Jawbone" "Gnawed Rib" "Greater Orb of Augmentation" "Greater Orb of Transmutation" "Lesser Essence of Abrasion" "Lesser Essence of Alacrity" "Lesser Essence of Battle" "Lesser Essence of Command" "Lesser Essence of Electricity" "Lesser Essence of Enhancement" "Lesser Essence of Flames" "Lesser Essence of Grounding" "Lesser Essence of Haste" "Lesser Essence of Ice" "Lesser Essence of Insulation" "Lesser Essence of Opulence" "Lesser Essence of Ruin" "Lesser Essence of Seeking" "Lesser Essence of Sorcery" "Lesser Essence of Thawing" "Lesser Essence of the Body" "Lesser Essence of the Infinite" "Lesser Essence of the Mind" "Regal Orb"
	AreaLevel <= 64
MinimapIcon 0 Red Circle
PlayEffect Red
PlayAlertSound 1 300
SetBackgroundColor 0 29 206 255
SetBorderColor 255 255 255 255
SetTextColor 255 255 255 255
SetFontSize 45

Show # %D4 $type->currency->leveling $tier->magic
	Class == "Incubators" "Stackable Currency"
	BaseType == "Orb of Augmentation" "Orb of Transmutation"
	AreaLevel <= 64
MinimapIcon 1 Yellow Circle
PlayEffect Yellow
PlayAlertSound 2 300
SetBackgroundColor 50 70 190 255
SetBorderColor 255 255 255 255
SetTextColor 255 255 255 255
SetFontSize 45

Show # %D3 $type->currency->leveling $tier->wisdomstart
	Class == "Incubators" "Stackable Currency"
	BaseType == "Scroll of Wisdom"
	AreaLevel <= 17
	SetFontSize 45
	SetTextColor 170 158 130
	SetBorderColor 170 158 130

Show # %D3 $type->currency->leveling $tier->wisdom !currency_supply4
	Class == "Incubators" "Stackable Currency"
	BaseType == "Scroll of Wisdom"
	AreaLevel <= 64
	SetFontSize 35
	SetTextColor 170 158 130

#===============================================================================================================
# [[2600]] Currency - Regular Currency Tiering
#===============================================================================================================
# !! Waypoint c9.currency.single : "Tierlist - Currency - General" : "Currency"

Show # $type->currency $tier->s !apex_stier
	Class == "Incubators" "Stackable Currency"
	BaseType == "Albino Rhoa Feather" "Altered Collarbone" "Ancient Collarbone" "Ancient Jawbone" "Ancient Rib" "Architect's Orb" "Crystallised Corruption" "Divine Orb" "Fracturing Orb" "Hinekora's Lock" "Mirror of Kalandra" "Orb of Extraction" "Perfect Chaos Orb" "Perfect Exalted Orb" "Perfect Jeweller's Orb" "Preserved Collarbone" "Preserved Cranium" "Vaal Blacksmith's Infuser" "Vaal Catalysing Infuser" "Vaal Cultivation Orb"
	SetFontSize 45
	SetTextColor 255 0 0 255
	SetBorderColor 255 0 0 255
	SetBackgroundColor 255 255 255 255
	PlayAlertSound 6 300
	PlayEffect Red
	MinimapIcon 0 Red Star

Show # %H8 $type->currency $tier->a !currency_a
	Class == "Incubators" "Stackable Currency"
	BaseType == "Ancient Infuser" "Core Destabiliser" "Greater Chaos Orb" "Orb of Annulment" "Perfect Regal Orb" "Vaal Armourer's Infuser"
MinimapIcon 0 Red Circle
PlayEffect Red
PlayAlertSound 1 300
SetBackgroundColor 0 29 206 255
SetBorderColor 255 255 255 255
SetTextColor 255 255 255 255
SetFontSize 45

Show # %H7 $type->currency $tier->b !currency_b
	Class == "Incubators" "Stackable Currency"
	BaseType == "Chaos Orb" "Greater Exalted Orb" "Orb of Chance" "Perfect Orb of Augmentation" "Perfect Orb of Transmutation"
MinimapIcon 1 Yellow Circle
PlayEffect Yellow
PlayAlertSound 2 300
SetBackgroundColor 50 70 190 255
SetBorderColor 255 255 255 255
SetTextColor 255 255 255 255
SetFontSize 45

Show # %H6 $type->currency $tier->c !currency_c
	Class == "Incubators" "Stackable Currency"
	BaseType == "Arcanist's Etcher" "Exalted Orb" "Gemcutter's Prism" "Gnawed Collarbone" "Gnawed Jawbone" "Preserved Rib" "Vaal Arcanist's Infuser" "Vaal Orb"
MinimapIcon 1 Yellow Circle
PlayEffect Yellow
PlayAlertSound 2 300
SetBackgroundColor 50 70 190 255
SetBorderColor 255 255 255 255
SetTextColor 255 255 255 255
SetFontSize 45

Show # %H5 $type->currency $tier->d !currency_d
	Class == "Incubators" "Stackable Currency"
	BaseType == "Armourer's Scrap" "Artificer's Orb" "Blacksmith's Whetstone" "Chance Shard" "Glassblower's Bauble" "Gnawed Rib" "Greater Jeweller's Orb" "Greater Orb of Transmutation" "Greater Regal Orb" "Orb of Alchemy" "Orb of Transmutation" "Preserved Jawbone" "Regal Orb"
PlayEffect White
SetBackgroundColor 56 79 216 187
SetTextColor 203 203 203 255
SetFontSize 42

Show # %H3 $type->currency $tier->e !currency_e
	Class == "Incubators" "Stackable Currency"
	BaseType == "Greater Orb of Augmentation" "Lesser Jeweller's Orb" "Vaal Siphoner"
PlayEffect White
SetBackgroundColor 56 79 216 187
SetTextColor 203 203 203 255
SetFontSize 42

# Artifacts and special drops

#Show  # %H7 $type->currency $tier->artifactlike !currency_specialartifact
#	Class == "Incubators" "Stackable Currency"
#	SetFontSize 40
#	SetTextColor 240 207 132
#	SetBorderColor 240 207 132
#	SetBackgroundColor 76 51 12
#	PlayAlertSound 2 300
#	PlayEffect Yellow Temp
#	MinimapIcon 1 White Kite

Show # %H3 $type->currency $tier->supplymagic !currency_supply2
	Class == "Incubators" "Stackable Currency"
	BaseType == "Alchemy Shard" "Artificer's Shard" "Orb of Augmentation" "Regal Shard"
PlayEffect White
SetBackgroundColor 56 79 216 187
SetTextColor 203 203 203 255
SetFontSize 42

Hide # %H1 $type->currency $tier->supplieslow !currency_supply4
	Class == "Incubators" "Stackable Currency"
	BaseType == "Scroll of Wisdom" "Transmutation Shard"
	SetFontSize 40
	SetTextColor 170 158 130

Hide # $type->currency $tier->exhide !utility_minimize
	Class == "Incubators" "Stackable Currency"
	BaseType == "Alchemy Shard" "Arcanist's Etcher" "Armourer's Scrap" "Artificer's Orb" "Artificer's Shard" "Blacksmith's Whetstone" "Chance Shard" "Chaos Orb" "Exalted Orb" "Gemcutter's Prism" "Glassblower's Bauble" "Gnawed Collarbone" "Gnawed Jawbone" "Gnawed Rib" "Greater Exalted Orb" "Greater Jeweller's Orb" "Greater Orb of Augmentation" "Greater Orb of Transmutation" "Greater Regal Orb" "Lesser Jeweller's Orb" "Orb of Alchemy" "Orb of Augmentation" "Orb of Chance" "Orb of Transmutation" "Perfect Orb of Augmentation" "Perfect Orb of Transmutation" "Preserved Jawbone" "Preserved Rib" "Regal Orb" "Regal Shard" "Scroll of Wisdom" "Transmutation Shard" "Vaal Arcanist's Infuser" "Vaal Orb" "Vaal Siphoner"
	SetFontSize 18
	SetBackgroundColor 20 20 0 0

#===============================================================================================================
# [[2700]] Currency - SPECIAL
#===============================================================================================================
#------------------------------------
#   [2701] Distilled Emotions (Delirium)
#------------------------------------
# !! Waypoint c9.currency.emotions.all : "Tierlist - Distilled Emotions (Delirium)" : "Currency"

Show # $type->currency->emotions $tier->s !apex_stier
	Class == "Incubators" "Stackable Currency"
	BaseType == "Ancient Potent Liquid Contempt" "Concentrated Liquid Isolation" "Concentrated Liquid Suffering" "Potent Liquid Contempt" "Potent Liquid Ferocity"
	SetFontSize 45
	SetTextColor 255 0 0 255
	SetBorderColor 255 0 0 255
	SetBackgroundColor 255 255 255 255
	PlayAlertSound 6 300
	PlayEffect Red
	MinimapIcon 0 Red Star

Show # %H8 $type->currency->emotions $tier->a !currency_a
	Class == "Incubators" "Stackable Currency"
	BaseType == "Ancient Potent Liquid Melancholy" "Concentrated Liquid Fear" "Liquid Despair"
MinimapIcon 0 Red Circle
PlayEffect Red
PlayAlertSound 1 300
SetBackgroundColor 0 29 206 255
SetBorderColor 255 255 255 255
SetTextColor 255 255 255 255
SetFontSize 45

Show # %H7 $type->currency->emotions $tier->b !currency_b
	Class == "Incubators" "Stackable Currency"
	BaseType == "Ancient Concentrated Liquid Isolation" "Ancient Potent Liquid Ferocity" "Liquid Disgust"
MinimapIcon 1 Yellow Circle
PlayEffect Yellow
PlayAlertSound 2 300
SetBackgroundColor 50 70 190 255
SetBorderColor 255 255 255 255
SetTextColor 255 255 255 255
SetFontSize 45

Show # %H6 $type->currency->emotions $tier->c !currency_c
Class == "Incubators" "Stackable Currency"
BaseType == "Ancient Concentrated Liquid Fear" "Ancient Concentrated Liquid Suffering" "Ancient Liquid Despair" "Liquid Envy" "Liquid Paranoia" "Potent Liquid Melancholy"
PlayEffect White
SetBackgroundColor 56 79 216 187
SetTextColor 203 203 203 255
SetFontSize 42

Show # %H5 $type->currency->emotions $tier->d !currency_d
	Class == "Incubators" "Stackable Currency"
	BaseType == "Ancient Diluted Liquid Greed" "Ancient Liquid Disgust" "Ancient Liquid Paranoia" "Diluted Liquid Greed"
PlayEffect White
SetBackgroundColor 56 79 216 187
SetTextColor 203 203 203 255
SetFontSize 42

Show # %H4 $type->currency->emotions $tier->e !currency_e
	Class == "Incubators" "Stackable Currency"
	BaseType == "Ancient Diluted Liquid Guilt" "Ancient Diluted Liquid Ire" "Ancient Liquid Envy" "Diluted Liquid Guilt" "Diluted Liquid Ire"
PlayEffect White
SetBackgroundColor 56 79 216 187
SetTextColor 203 203 203 255
SetFontSize 42

Hide # $type->currency->emotions $tier->exhide !utility_minimize
	Class == "Incubators" "Stackable Currency"
	BaseType == "Ancient Concentrated Liquid Fear" "Ancient Concentrated Liquid Isolation" "Ancient Concentrated Liquid Suffering" "Ancient Diluted Liquid Greed" "Ancient Diluted Liquid Guilt" "Ancient Diluted Liquid Ire" "Ancient Liquid Despair" "Ancient Liquid Disgust" "Ancient Liquid Envy" "Ancient Liquid Paranoia" "Ancient Potent Liquid Ferocity" "Diluted Liquid Greed" "Diluted Liquid Guilt" "Diluted Liquid Ire" "Liquid Disgust" "Liquid Envy" "Liquid Paranoia" "Potent Liquid Melancholy"
	SetFontSize 18
	SetBackgroundColor 20 20 0 0

Show # $type->currency->emotions $tier->restex !utility_unknownitem
	Class == "Incubators" "Stackable Currency"
	BaseType "Liquid "
	SetFontSize 45
	SetTextColor 0 255 255 255
	SetBorderColor 0 255 255 255
	SetBackgroundColor 255 0 255 255
	PlayAlertSound 3 300
	PlayEffect Pink
	MinimapIcon 0 Pink Pentagon

#------------------------------------
#   [2702] Catalysts (breach)
#------------------------------------
# !! Waypoint c9.currency.catalysts.all : "Tierlist - Catalysts (Breach)" : "Currency"

Show # $type->currency->catalysts $tier->s !apex_stier
	Class == "Incubators" "Stackable Currency"
	BaseType == "Refined Reaver Catalyst"
	SetFontSize 45
	SetTextColor 255 0 0 255
	SetBorderColor 255 0 0 255
	SetBackgroundColor 255 255 255 255
	PlayAlertSound 6 300
	PlayEffect Red
	MinimapIcon 0 Red Star

Show # %H8 $type->currency->catalysts $tier->a !currency_a
	Class == "Incubators" "Stackable Currency"
	BaseType == "Reaver Catalyst" "Refined Sibilant Catalyst" "Refined Tul's Catalyst" "Sibilant Catalyst"
MinimapIcon 0 Red Circle
PlayEffect Red
PlayAlertSound 1 300
SetBackgroundColor 0 29 206 255
SetBorderColor 255 255 255 255
SetTextColor 255 255 255 255
SetFontSize 45

Show # %H7 $type->currency->catalysts $tier->b !currency_b
Class == "Incubators" "Stackable Currency"
BaseType == "Esh's Catalyst" "Refined Adaptive Catalyst" "Refined Carapace Catalyst" "Refined Chayula's Catalyst" "Refined Esh's Catalyst" "Refined Flesh Catalyst" "Refined Neural Catalyst" "Refined Skittering Catalyst" "Refined Uul-Netol's Catalyst" "Refined Xoph's Catalyst" "Tul's Catalyst" "Xoph's Catalyst"
MinimapIcon 1 Yellow Circle
PlayEffect Yellow
PlayAlertSound 2 300
SetBackgroundColor 50 70 190 255
SetBorderColor 255 255 255 255
SetTextColor 255 255 255 255
SetFontSize 45

Show # %H6 $type->currency->catalysts $tier->c !currency_c
	Class == "Incubators" "Stackable Currency"
	BaseType == "Adaptive Catalyst" "Carapace Catalyst" "Chayula's Catalyst" "Flesh Catalyst" "Neural Catalyst" "Skittering Catalyst" "Uul-Netol's Catalyst"
PlayEffect White
SetBackgroundColor 56 79 216 187
SetTextColor 203 203 203 255
SetFontSize 42

#Show  # %HS4 $type->currency->catalysts $tier->d !currency_d
#	Class == "Incubators" "Stackable Currency"
#PlayEffect White
#SetBackgroundColor 56 79 216 187
#SetTextColor 203 203 203 255
#SetFontSize 42

#Show  # %HS2 $type->currency->catalysts $tier->e !currency_e
#	Class == "Incubators" "Stackable Currency"
#PlayEffect White
#SetBackgroundColor 56 79 216 187
#SetTextColor 203 203 203 255
#SetFontSize 42

Hide # $type->currency->catalysts $tier->exhide !utility_minimize
	Class == "Incubators" "Stackable Currency"
	BaseType == "Adaptive Catalyst" "Carapace Catalyst" "Chayula's Catalyst" "Esh's Catalyst" "Flesh Catalyst" "Neural Catalyst" "Refined Adaptive Catalyst" "Refined Carapace Catalyst" "Refined Chayula's Catalyst" "Refined Esh's Catalyst" "Refined Flesh Catalyst" "Refined Neural Catalyst" "Refined Skittering Catalyst" "Refined Uul-Netol's Catalyst" "Refined Xoph's Catalyst" "Skittering Catalyst" "Tul's Catalyst" "Uul-Netol's Catalyst" "Xoph's Catalyst"
	SetFontSize 18
	SetBackgroundColor 20 20 0 0

Show # $type->currency->catalysts $tier->restex !utility_unknownitem
	Class == "Incubators" "Stackable Currency"
	BaseType "Catalyst"
	SetFontSize 45
	SetTextColor 0 255 255 255
	SetBorderColor 0 255 255 255
	SetBackgroundColor 255 0 255 255
	PlayAlertSound 3 300
	PlayEffect Pink
	MinimapIcon 0 Pink Pentagon

#------------------------------------
#   [2703] Essences
#------------------------------------
# !! Waypoint c9.currency.essences.all : "Tierlist - Essences" : "Currency"

Show # $type->currency->essence $tier->s !apex_stier
	Class == "Incubators" "Stackable Currency"
	BaseType == "Essence of Hysteria"
	SetFontSize 45
	SetTextColor 255 0 0 255
	SetBorderColor 255 0 0 255
	SetBackgroundColor 255 255 255 255
	PlayAlertSound 6 300
	PlayEffect Red
	MinimapIcon 0 Red Star

Show # %H8 $type->currency->essence $tier->a !currency_a
	Class == "Incubators" "Stackable Currency"
	BaseType == "Essence of Horror" "Essence of Opulence"
MinimapIcon 0 Red Circle
PlayEffect Red
PlayAlertSound 1 300
SetBackgroundColor 0 29 206 255
SetBorderColor 255 255 255 255
SetTextColor 255 255 255 255
SetFontSize 45

Show # %H7 $type->currency->essence $tier->b !currency_b
	Class == "Incubators" "Stackable Currency"
	BaseType == "Essence of Abrasion" "Essence of Delirium" "Essence of Seeking" "Essence of Thawing" "Essence of the Breach" "Greater Essence of Opulence" "Perfect Essence of Battle" "Perfect Essence of Grounding" "Perfect Essence of Opulence"
MinimapIcon 1 Yellow Circle
PlayEffect Yellow
PlayAlertSound 2 300
SetBackgroundColor 50 70 190 255
SetBorderColor 255 255 255 255
SetTextColor 255 255 255 255
SetFontSize 45

Show # %H6 $type->currency->essence $tier->c !currency_c
	Class == "Incubators" "Stackable Currency"
	BaseType == "Essence of Enhancement" "Essence of Insanity" "Essence of the Abyss" "Greater Essence of Ruin" "Greater Essence of Seeking" "Perfect Essence of Abrasion" "Perfect Essence of Command" "Perfect Essence of Enhancement" "Perfect Essence of Flames" "Perfect Essence of Haste" "Perfect Essence of Seeking" "Perfect Essence of Sorcery" "Perfect Essence of the Mind"
PlayEffect White
SetBackgroundColor 56 79 216 187
SetTextColor 203 203 203 255
SetFontSize 42

Show # %H5 $type->currency->essence $tier->d !currency_d
	Class == "Incubators" "Stackable Currency"
	BaseType == "Essence of Alacrity" "Essence of Battle" "Essence of Command" "Essence of Electricity" "Essence of Flames" "Essence of Grounding" "Essence of Haste" "Essence of Ice" "Essence of Insulation" "Essence of Ruin" "Essence of Sorcery" "Essence of the Body" "Essence of the Infinite" "Essence of the Mind" "Greater Essence of Abrasion" "Greater Essence of Alacrity" "Greater Essence of Command" "Greater Essence of Electricity" "Greater Essence of Enhancement" "Greater Essence of Flames" "Greater Essence of Grounding" "Greater Essence of Haste" "Greater Essence of Ice" "Greater Essence of Insulation" "Greater Essence of Sorcery" "Greater Essence of Thawing" "Greater Essence of the Body" "Greater Essence of the Infinite" "Lesser Essence of Abrasion" "Lesser Essence of Alacrity" "Lesser Essence of Battle" "Lesser Essence of Command" "Lesser Essence of Electricity" "Lesser Essence of Enhancement" "Lesser Essence of Flames" "Lesser Essence of Grounding" "Lesser Essence of Haste" "Lesser Essence of Ice" "Lesser Essence of Insulation" "Lesser Essence of Opulence" "Lesser Essence of Ruin" "Lesser Essence of Seeking" "Lesser Essence of Sorcery" "Lesser Essence of Thawing" "Lesser Essence of the Body" "Lesser Essence of the Infinite" "Lesser Essence of the Mind" "Perfect Essence of Alacrity" "Perfect Essence of Electricity" "Perfect Essence of Ice" "Perfect Essence of Insulation" "Perfect Essence of Ruin" "Perfect Essence of Thawing" "Perfect Essence of the Infinite"
PlayEffect White
SetBackgroundColor 56 79 216 187
SetTextColor 203 203 203 255
SetFontSize 42

Show # %H4 $type->currency->essence $tier->e !currency_e
	Class == "Incubators" "Stackable Currency"
	BaseType == "Greater Essence of Battle" "Greater Essence of the Mind" "Perfect Essence of the Body"
	SetFontSize 40
	SetTextColor 240 207 132
	SetBorderColor 240 207 132
	PlayEffect White Temp
	MinimapIcon 2 Grey Circle

Hide # $type->currency->essence $tier->exhide !utility_minimize
	Class == "Incubators" "Stackable Currency"
	BaseType == "Essence of Abrasion" "Essence of Alacrity" "Essence of Battle" "Essence of Command" "Essence of Delirium" "Essence of Electricity" "Essence of Enhancement" "Essence of Flames" "Essence of Grounding" "Essence of Haste" "Essence of Ice" "Essence of Insanity" "Essence of Insulation" "Essence of Ruin" "Essence of Seeking" "Essence of Sorcery" "Essence of Thawing" "Essence of the Abyss" "Essence of the Body" "Essence of the Breach" "Essence of the Infinite" "Essence of the Mind" "Greater Essence of Abrasion" "Greater Essence of Alacrity" "Greater Essence of Battle" "Greater Essence of Command" "Greater Essence of Electricity" "Greater Essence of Enhancement" "Greater Essence of Flames" "Greater Essence of Grounding" "Greater Essence of Haste" "Greater Essence of Ice" "Greater Essence of Insulation" "Greater Essence of Opulence" "Greater Essence of Ruin" "Greater Essence of Seeking" "Greater Essence of Sorcery" "Greater Essence of Thawing" "Greater Essence of the Body" "Greater Essence of the Infinite" "Greater Essence of the Mind" "Lesser Essence of Abrasion" "Lesser Essence of Alacrity" "Lesser Essence of Battle" "Lesser Essence of Command" "Lesser Essence of Electricity" "Lesser Essence of Enhancement" "Lesser Essence of Flames" "Lesser Essence of Grounding" "Lesser Essence of Haste" "Lesser Essence of Ice" "Lesser Essence of Insulation" "Lesser Essence of Opulence" "Lesser Essence of Ruin" "Lesser Essence of Seeking" "Lesser Essence of Sorcery" "Lesser Essence of Thawing" "Lesser Essence of the Body" "Lesser Essence of the Infinite" "Lesser Essence of the Mind" "Perfect Essence of Abrasion" "Perfect Essence of Alacrity" "Perfect Essence of Battle" "Perfect Essence of Command" "Perfect Essence of Electricity" "Perfect Essence of Enhancement" "Perfect Essence of Flames" "Perfect Essence of Grounding" "Perfect Essence of Haste" "Perfect Essence of Ice" "Perfect Essence of Insulation" "Perfect Essence of Opulence" "Perfect Essence of Ruin" "Perfect Essence of Seeking" "Perfect Essence of Sorcery" "Perfect Essence of Thawing" "Perfect Essence of the Body" "Perfect Essence of the Infinite" "Perfect Essence of the Mind"
	SetFontSize 18
	SetBackgroundColor 20 20 0 0

Show # $type->currency->essence $tier->restex !utility_unknownitem
	Class == "Incubators" "Stackable Currency"
	BaseType "Essence"
	SetFontSize 45
	SetTextColor 0 255 255 255
	SetBorderColor 0 255 255 255
	SetBackgroundColor 255 0 255 255
	PlayAlertSound 3 300
	PlayEffect Pink
	MinimapIcon 0 Pink Pentagon

#------------------------------------
#   [2704] Omen (ritual)
#------------------------------------
# !! Waypoint c9.currency.omen.all : "Tierlist - Omen (Ritual)" : "Currency"

Show # $type->currency->omen $tier->s !apex_stier
	Class == "Omen"
	BaseType == "Head of the King" "Omen of Chance" "Omen of Dextral Annulment" "Omen of Dextral Erasure" "Omen of Light" "Omen of Sinistral Annulment" "Omen of Sinistral Erasure" "Omen of the Hunt" "Omen of Whittling"
	SetFontSize 45
	SetTextColor 255 0 0 255
	SetBorderColor 255 0 0 255
	SetBackgroundColor 255 255 255 255
	PlayAlertSound 6 300
	PlayEffect Red
	MinimapIcon 0 Red Star

Show # %H8 $type->currency->omen $tier->a !currency_a
	Class == "Omen"
	BaseType == "Aldur's Saga" "An Audience with the King" "Medved's Saga" "Olroth's Saga" "Omen of Abyssal Echoes" "Omen of Chaotic Quantity" "Omen of Corruption" "Omen of Dextral Crystallisation" "Omen of Reinforcements" "Omen of Sanctification" "Omen of Secret Compartments" "Omen of Sinistral Crystallisation" "Uhtred's Saga" "Vorana's Saga"
MinimapIcon 0 Red Circle
PlayEffect Red
PlayAlertSound 1 300
SetBackgroundColor 0 29 206 255
SetBorderColor 255 255 255 255
SetTextColor 255 255 255 255
SetFontSize 45

Show # %H7 $type->currency->omen $tier->b !currency_b
	Class == "Omen"
	BaseType == "Call of the Shadows" "Omen of Amelioration" "Omen of Answered Prayers" "Omen of Bartering" "Omen of Catalysing Exaltation" "Omen of Chaotic Effectiveness" "Omen of Chaotic Monsters" "Omen of Chaotic Rarity" "Omen of the Blackblooded" "Omen of the Blessed"
MinimapIcon 1 Yellow Circle
PlayEffect Yellow
PlayAlertSound 2 300
SetBackgroundColor 50 70 190 255
SetBorderColor 255 255 255 255
SetTextColor 255 255 255 255
SetFontSize 45

Show # %H6 $type->currency->omen $tier->c !currency_c
	Class == "Omen"
	BaseType == "Omen of Dextral Exaltation" "Omen of Greater Exaltation" "Omen of Putrefaction" "Omen of Resurgence" "Omen of Sinistral Exaltation" "Omen of Sinistral Necromancy" "Omen of the Ancients"
PlayEffect White
SetBackgroundColor 56 79 216 187
SetTextColor 203 203 203 255
SetFontSize 42

Show # %H5 $type->currency->omen $tier->d !currency_d
	Class == "Omen"
	BaseType == "Omen of Dextral Necromancy" "Omen of Gambling" "Omen of the Sovereign"
PlayEffect White
SetBackgroundColor 56 79 216 187
SetTextColor 203 203 203 255
SetFontSize 42

Show # %H4 $type->currency->omen $tier->e !currency_e
	Class == "Omen"
	BaseType == "Omen of Refreshment" "Omen of the Liege"
	SetFontSize 40
	SetTextColor 240 207 132
	SetBorderColor 240 207 132
	PlayEffect White Temp
	MinimapIcon 2 Grey Circle

Hide # $type->currency->omen $tier->exhide !utility_minimize
	Class == "Omen"
	BaseType == "Call of the Shadows" "Omen of Amelioration" "Omen of Answered Prayers" "Omen of Bartering" "Omen of Catalysing Exaltation" "Omen of Chaotic Effectiveness" "Omen of Chaotic Monsters" "Omen of Chaotic Rarity" "Omen of Dextral Exaltation" "Omen of Dextral Necromancy" "Omen of Gambling" "Omen of Greater Exaltation" "Omen of Putrefaction" "Omen of Refreshment" "Omen of Resurgence" "Omen of Sinistral Exaltation" "Omen of Sinistral Necromancy" "Omen of the Ancients" "Omen of the Blackblooded" "Omen of the Blessed" "Omen of the Liege" "Omen of the Sovereign"
	SetFontSize 18
	SetBackgroundColor 20 20 0 0

Show # $type->currency->omen $tier->restex !utility_unknownitem
	Class == "Omen"
	BaseType "Omen "
	SetFontSize 45
	SetTextColor 0 255 255 255
	SetBorderColor 0 255 255 255
	SetBackgroundColor 255 0 255 255
	PlayAlertSound 3 300
	PlayEffect Pink
	MinimapIcon 0 Pink Pentagon

#===============================================================================================================
# [[2800]] Misc Map Like
#===============================================================================================================
# !! Waypoint c10.fragments.special : "Special Keys - Pinnacle, Logbook, Calamity, RelicKeys" : "Fragments"

Show # $type->maplike->special $tier->vaultkeysrare !fragments_a
	BaseType == "Olroth's Reliquary Key" "Ritualistic Reliquary Key" "Tangmazu's Reliquary Key" "The Arbiter's Reliquary Key" "The Trialmaster's Reliquary Key" "Xesht's Reliquary Key" "Zarokh's Reliquary Key"
	SetFontSize 45
	SetTextColor 255 255 255 255
	SetBorderColor 255 255 255 255
	SetBackgroundColor 220 0 255 255
	PlayAlertSound 1 300
	PlayEffect Red
	MinimapIcon 0 Red Hexagon

Show # $type->maplike->special $tier->vaultkeys !fragments_b
	BaseType == "Twilight Reliquary Key"
	SetFontSize 42
	SetTextColor 0 0 0 255
	SetBorderColor 0 0 0 255
	SetBackgroundColor 220 0 255 255
	PlayAlertSound 2 300
	PlayEffect Purple
	MinimapIcon 1 Yellow Hexagon

Show # $type->maplike->special $tier->superkeys !fragments_a
	Class == "Pinnacle Keys"
	SetFontSize 45
	SetTextColor 255 255 255 255
	SetBorderColor 255 255 255 255
	SetBackgroundColor 220 0 255 255
	PlayAlertSound 1 300
	PlayEffect Red
	MinimapIcon 0 Red Hexagon

Show # $type->maplike->special $tier->logbookshigh !apex_stier
	Class == "Expedition Logbook"
	SetFontSize 45
	SetTextColor 255 0 0 255
	SetBorderColor 255 0 0 255
	SetBackgroundColor 255 255 255 255
	PlayAlertSound 6 300
	PlayEffect Red
	MinimapIcon 0 Red Star

#===============================================================================================================
# [[2900]] Uniques
#===============================================================================================================
# !! Waypoint c11.uniques.all : "Tierlist - Uniques - All" : "Uniques"

#------------------------------------
#   [2901] Exceptions #1
#------------------------------------

Show # $type->uniques $tier->sekhemaring !uniques_a
	Sockets > 0
	Rarity Unique
	BaseType == "Ring"
	SetFontSize 45
	SetTextColor 255 255 255 255
	SetBorderColor 255 255 255 255
	SetBackgroundColor 188 96 37 255
	PlayAlertSound 1 300
	PlayEffect Red
	MinimapIcon 0 Yellow Star

#------------------------------------
#   [2902] Tier 1 and 2 uniques
#------------------------------------
# !! Waypoint c11.uniques.t1 : "Tierlist - Uniques - T1, T2" : "Uniques"

Show # $type->uniques $tier->t1 !apex_stier
	Rarity Unique
	BaseType == "Abyss Tablet" "Chain Tiara" "Emerald" "Golden Charm" "Grand Spear" "Incense Relic" "Ornate Gauntlets" "Ornate Ringmail" "Ring" "Ritual Tablet" "Ruby" "Runic Fork" "Sacred Focus" "Sacrificial Regalia" "Sapphire" "Shrine Sceptre" "Silver Charm" "Time-Lost Diamond" "Unset Ring" "Vase Relic"
	SetFontSize 45
	SetTextColor 255 0 0 255
	SetBorderColor 255 0 0 255
	SetBackgroundColor 255 255 255 255
	PlayAlertSound 6 300
	PlayEffect Red
	MinimapIcon 0 Red Star

Show # %H8 $type->uniques $tier->t2 !uniques_a
	Rarity Unique
	BaseType == "Aberrant Sledge" "Altar Robe" "Armoured Cap" "Array Buckler" "Breach Tablet" "Brimmed Helm" "Covert Hood" "Decorated Helm" "Diamond" "Engraved Bracers" "Fine Bracers" "Garment" "Glacial Fortress" "Grand Manchettes" "Grand Regalia" "Heartwood Shortbow" "Heavy Crown" "Ironclad Vestments" "Irradiated Tablet" "Morning Star" "Perching Staff" "Primal Markings" "Primed Quiver" "Spiral Wraps" "Stoic Sceptre" "Stone Charm" "Temple Tablet" "Thawing Charm" "Timeless Jewel" "Twisted Wand" "Two-Stone Ring" "Veridical Chain" "Warding Quarterstaff"
	SetFontSize 45
	SetTextColor 255 255 255 255
	SetBorderColor 255 255 255 255
	SetBackgroundColor 188 96 37 255
	PlayAlertSound 1 300
	PlayEffect Red
	MinimapIcon 0 Yellow Star

#------------------------------------
#   [2903] Multi-Unique bases.
#------------------------------------

Show # $type->uniques $tier->twicecorrupteduniques !uniques_exceptional
	TwiceCorrupted True
	Rarity Unique
	SetFontSize 42
	SetTextColor 0 0 0 255
	SetBorderColor 0 240 190 255
	SetBackgroundColor 188 96 37 255
	PlayAlertSound 3 300
	PlayEffect Purple
	MinimapIcon 0 Purple Star

Show # $type->uniques $tier->vaalmodunique !uniques_exceptional
	HasVaalUniqueMod True
	Rarity Unique
	SetFontSize 42
	SetTextColor 0 0 0 255
	SetBorderColor 0 240 190 255
	SetBackgroundColor 188 96 37 255
	PlayAlertSound 3 300
	PlayEffect Purple
	MinimapIcon 0 Purple Star

Show # $type->uniques $tier->multispecialhigh !uniques_x
	Rarity Unique
	BaseType == "Heavy Belt" "Utility Belt"
	SetFontSize 42
	SetTextColor 0 0 0 255
	SetBorderColor 0 0 0 255
	SetBackgroundColor 188 96 37 255
	PlayAlertSound 3 300
	PlayEffect Blue
	MinimapIcon 1 Blue Star

Show # %D5 $type->uniques $tier->overqualityuniques !uniques_exceptional
	Quality >= 21
	Rarity Unique
	SetFontSize 42
	SetTextColor 0 0 0 255
	SetBorderColor 0 240 190 255
	SetBackgroundColor 188 96 37 255
	PlayAlertSound 3 300
	PlayEffect Purple
	MinimapIcon 0 Purple Star

Show # %D5 $type->uniques $tier->oversocketuniques1 !uniques_exceptional
	Sockets >= 3
	Rarity Unique
	Class == "Body Armours" "Bows" "Crossbows" "Quarterstaves" "Staves" "Talismans" "Two Hand Maces"
	SetFontSize 42
	SetTextColor 0 0 0 255
	SetBorderColor 0 240 190 255
	SetBackgroundColor 188 96 37 255
	PlayAlertSound 3 300
	PlayEffect Purple
	MinimapIcon 0 Purple Star

Show # %D5 $type->uniques $tier->oversocketuniques2 !uniques_exceptional
	Sockets >= 2
	Rarity Unique
	Class == "Boots" "Bucklers" "Foci" "Gloves" "Helmets" "One Hand Maces" "Sceptres" "Shields" "Spears" "Wands"
	SetFontSize 42
	SetTextColor 0 0 0 255
	SetBorderColor 0 240 190 255
	SetBackgroundColor 188 96 37 255
	PlayAlertSound 3 300
	PlayEffect Purple
	MinimapIcon 0 Purple Star

Show # $type->uniques $tier->multispecial !uniques_x
	Rarity Unique
	BaseType == "Amethyst Ring" "Gold Ring" "Stellar Amulet" "Tribal Mask"
	SetFontSize 42
	SetTextColor 0 0 0 255
	SetBorderColor 0 0 0 255
	SetBackgroundColor 188 96 37 255
	PlayAlertSound 3 300
	PlayEffect Blue
	MinimapIcon 1 Blue Star

#------------------------------------
#   [2904] Low tier exceptions
#------------------------------------
# !! Waypoint c11.uniques.low : "Tierlist - Uniques - Low Tier Uniques" : "Uniques"

#Show  # %H6 $type->uniques $tier->earlyleague !uniques_b
#	Rarity Unique
#	SetFontSize 42
#	SetTextColor 188 96 37 255
#	SetBorderColor 188 96 37 255
#	SetBackgroundColor 53 13 13 255
#	PlayAlertSound 3 300
#	PlayEffect Brown
#	MinimapIcon 1 Brown Star

Show # %D5 $type->uniques $tier->loreweaverecipe !uniques_b
	Rarity Unique
	Class == "Rings"
	SetFontSize 42
	SetTextColor 188 96 37 255
	SetBorderColor 188 96 37 255
	SetBackgroundColor 53 13 13 255
	PlayAlertSound 3 300
	PlayEffect Brown
	MinimapIcon 1 Brown Star

Show # $type->uniques $tier->corrupteduniques !uniques_b
	AnyEnchantment True
	Corrupted True
	Rarity Unique
	Class == "Amulets" "Belts" "Body Armours" "Boots" "Bows" "Bucklers" "Crossbows" "Foci" "Gloves" "Helmets" "One Hand Maces" "Quarterstaves" "Quivers" "Rings" "Sceptres" "Shields" "Spears" "Staves" "Talismans" "Two Hand Maces" "Wands"
	SetFontSize 42
	SetTextColor 188 96 37 255
	SetBorderColor 188 96 37 255
	SetBackgroundColor 53 13 13 255
	PlayAlertSound 3 300
	PlayEffect Brown
	MinimapIcon 1 Brown Star

#------------------------------------
#   [2905] Tier 3 uniques 
#------------------------------------

Show # %D5 $type->uniques $tier->vaaltypeuniques !uniques_b
	IsVaalUnique True
	Rarity Unique
	SetFontSize 42
	SetTextColor 188 96 37 255
	SetBorderColor 188 96 37 255
	SetBackgroundColor 53 13 13 255
	PlayAlertSound 3 300
	PlayEffect Brown
	MinimapIcon 1 Brown Star

Show # %H5 $type->uniques $tier->t3boss !uniques_xbossdrop
	Rarity Unique
	BaseType == "Abyssal Signet" "Cinched Boots" "Closed Helm" "Crucible Tower Shield" "Fine Belt" "Grand Cuisses" "Grand Visage" "Lapis Amulet" "Moulded Mitts" "Omen Crest Shield" "Penetrating Quiver" "Pronged Spear" "Ravenous Staff" "Reflecting Staff" "Revered Vestments" "Silk Robe" "Spiritbone Crown" "Ultimate Life Flask" "Ultimate Mana Flask" "Venerable Defender" "Visceral Quiver" "Wide Belt" "Wyrm Quarterstaff"
	SetFontSize 42
	SetTextColor 188 96 37 255
	SetBorderColor 188 96 37 255
	SetBackgroundColor 53 13 13 255
	PlayEffect Brown
	MinimapIcon 2 Blue Star

Show # %H5 $type->uniques $tier->t3 !uniques_b
	Rarity Unique
	BaseType == "Amethyst Charm" "Amphora Relic" "Ancestral Mail" "Anchorite Garb" "Ancient Leggings" "Antidote Charm" "Antler Focus" "Armoured Vest" "Ashbark Talisman" "Azure Amulet" "Barbed Spear" "Blacksteel Tower Shield" "Bloodstone Amulet" "Bolstered Mitts" "Burnished Gauntlets" "Champion Cuirass" "Coffer Relic" "Conqueror Plate" "Corsair Cap" "Corvus Mantle" "Crimson Amulet" "Crude Bow" "Death Mask" "Delirium Tablet" "Desolate Crossbow" "Double Belt" "Dousing Charm" "Embroidered Gloves" "Enlightened Robe" "Execratus Hammer" "Face Mask" "Fanatic Bow" "Felt Cap" "Forked Spear" "Furtive Wraps" "Gargantuan Life Flask" "Gargantuan Mana Flask" "Giant Maul" "Gilded Vestments" "Gold Circlet" "Grounding Charm" "Heavy Bow" "Heraldric Tower Shield" "Heroic Armour" "Intricate Crest Shield" "Iron Crown" "Iron Greaves" "Jade Amulet" "Jewelled Gloves" "Lazuli Ring" "Linen Belt" "Long Belt" "Lunar Amulet" "Magus Tiara" "Mail Belt" "Marabout Garb" "Marching Mace" "Martyr Crown" "Ornate Belt" "Overseer Tablet" "Pauascale Gloves" "Pearl Ring" "Pelage Targe" "Permafrost Staff" "Plate Belt" "Plated Mace" "Plated Vestments" "Prismatic Ring" "Rope Cuffs" "Ruby Charm" "Sacral Quiver" "Sacrificial Mantle" "Sapphire Charm" "Sapphire Ring" "Seal Relic" "Secured Leggings" "Siphoning Wand" "Smuggler Coat" "Solar Amulet" "Solid Mask" "Spiked Club" "Spined Bracers" "Spired Greathelm" "Staunching Charm" "Stocky Mitts" "Stone Greaves" "Stone Tower Shield" "Tapestry Relic" "Tattered Robe" "Topaz Charm" "Torment Club" "Torn Gloves" "Totemic Greatclub" "Trarthan Cannon" "Trimmed Greaves" "Utility Wraps" "Vaal Cuirass" "Velvet Cap" "Vermeil Circlet" "Viper Cap" "Voodoo Focus" "Winged Spear" "Wrapped Greathelm"
	SetFontSize 42
	SetTextColor 188 96 37 255
	SetBorderColor 188 96 37 255
	SetBackgroundColor 53 13 13 255
	PlayAlertSound 3 300
	PlayEffect Brown
	MinimapIcon 1 Brown Star

#------------------------------------
#   [2906] Tier 4 uniques
#------------------------------------

Show # %H4 $type->uniques $tier->hideable !uniques_c
	Rarity Unique
	BaseType == "Acrid Wand" "Aged Cuffs" "Amber Amulet" "Ancient Mail" "Ancient Visor" "Artillery Bow" "Ashen Staff" "Assassin Garb" "Attuned Wand" "Barricade Tower Shield" "Beaded Circlet" "Blazon Crest Shield" "Blunt Quiver" "Bone Raiment" "Bone Wand" "Braced Sabatons" "Braced Tower Shield" "Broadhead Quiver" "Bronze Greaves" "Chain Mail" "Changeling Talisman" "Chiming Staff" "Cleric Vestments" "Cloaked Mail" "Composite Bow" "Covered Sabatons" "Cowled Helm" "Crescent Quarterstaff" "Crescent Targe" "Crumbling Maul" "Crystal Focus" "Cultist Crown" "Cultist Greathammer" "Doubled Gauntlets" "Dualstring Bow" "Dyad Crossbow" "Effigial Tower Shield" "Elementalist Robe" "Elite Greathelm" "Emblem Crest Shield" "Embossed Boots" "Emerald Ring" "Engraved Focus" "Explorer Armour" "Exquisite Vest" "Familial Talisman" "Feathered Robe" "Feathered Sandals" "Feathered Tiara" "Felled Greatclub" "Fierce Greathelm" "Fire Quiver" "Firm Bracers" "Flanged Mace" "Forge Maul" "Full Plate" "Fur Plate" "Gauze Wraps" "Gelid Staff" "Gold Amulet" "Goldcast Cuffs" "Gothic Quarterstaff" "Guarded Helm" "Hardwood Spear" "Hardwood Targe" "Havoc Raiment" "Helix Spear" "Hermit Garb" "Hewn Mask" "Hexer's Robe" "Hooded Mask" "Horned Crown" "Hunter Hood" "Hunting Shoes" "Hunting Spear" "Intricate Gloves" "Iron Buckler" "Iron Cuirass" "Iron Ring" "Ironhead Spear" "Jade Tiara" "Jingling Crest Shield" "Kalguuran Cuffs" "Kalguuran Forgehammer" "Keth Raiment" "Knight Armour" "Lace Hood" "Laced Boots" "Lamellar Mail" "Lattice Sandals" "Layered Gauntlets" "Leaden Greathammer" "Leather Buckler" "Leather Vest" "Leatherbound Hood" "Linen Wraps" "Lizardscale Boots" "Long Quarterstaff" "Lumbering Talisman" "Mail Sabatons" "Mail Vestments" "Makeshift Crossbow" "Maraketh Cuirass" "Nettle Talisman" "Oak Greathammer" "Omen Sceptre" "Ornate Buckler" "Painted Tower Shield" "Pathfinder Coat" "Pilgrim Vestments" "Plate Gauntlets" "Plated Buckler" "Plated Raiment" "Pointed Maul" "Pyrophyte Staff" "Quilted Vest" "Raider Plate" "Rampart Tower Shield" "Rattling Sceptre" "Rawhide Belt" "Recurve Bow" "Rhoahide Coat" "Ridged Buckler" "Ringmail Gauntlets" "Riveted Mitts" "Rogue Armour" "Rough Greaves" "Ruby Ring" "Rusted Cuirass" "Rusted Greathelm" "Scale Mail" "Scalper's Jacket" "Scout's Vest" "Sectioned Bracers" "Serpentscale Coat" "Shabby Hood" "Shaman Mantle" "Shielded Helm" "Shortbow" "Shrouded Vest" "Sigil Crest Shield" "Silk Slippers" "Slim Mace" "Smithing Hammer" "Soldier Greathelm" "Sombre Gloves" "Spiked Buckler" "Splintered Tower Shield" "Stacked Sabatons" "Steel Plate" "Steelpoint Quarterstaff" "Steeltoe Boots" "Stitched Gloves" "Straw Sandals" "Strider Vest" "Studded Greatclub" "Studded Vest" "Suede Bracers" "Tempered Mitts" "Temple Maul" "Tenebrous Crown" "Tense Crossbow" "Threaded Shoes" "Tideseer Mantle" "Titan Mitts" "Tonal Focus" "Topaz Ring" "Toxic Quiver" "Transcendent Mana Flask" "Twig Circlet" "Twig Focus" "Vaal Tower Shield" "Vagabond Armour" "Veiled Mask" "Velour Shoes" "Vicious Talisman" "Visored Helm" "Volatile Wand" "Voltaic Staff" "Votive Raiment" "War Spear" "Warden Bow" "Warpick" "Warrior Greathelm" "Waxed Jacket" "Wayfarer Jacket" "Wicker Tiara" "Withered Wand" "Wooden Buckler" "Wooden Club" "Woven Focus" "Wrapped Quarterstaff" "Wrapped Sandals" "Zealot Bow"
	SetFontSize 40
	SetTextColor 188 96 37 255
	PlayAlertSound 3 300
	PlayEffect Brown
	MinimapIcon 2 Brown Star

Show # $type->uniques $tier->restex !utility_unknownitem
	Rarity Unique
	SetFontSize 45
	SetTextColor 0 255 255 255
	SetBorderColor 0 255 255 255
	SetBackgroundColor 255 0 255 255
	PlayAlertSound 3 300
	PlayEffect Pink
	MinimapIcon 0 Pink Pentagon

#===============================================================================================================
# [[3000]] Splinters, Tablets, Fragments
#===============================================================================================================
# !! Waypoint c10.fragments.most : "Fragments and Splinters" : "Fragments"

Show # %H6 $type->currency->splinter $tier->t1 !fragments_splinter1
	StackSize >= 20
	Class == "Incubators" "Stackable Currency"
	BaseType == "Breach Splinter" "Petition Splinter" "Runic Splinter" "Simulacrum Splinter"
	SetFontSize 45
	SetTextColor 255 255 255 255
	SetBorderColor 255 255 255 255
	SetBackgroundColor 220 0 255 255
	PlayAlertSound 1 300
	PlayEffect Red
	MinimapIcon 0 Red Kite

Show # %H6 $type->currency->splinter $tier->t2 !fragments_splinter2
	StackSize >= 8
	Class == "Incubators" "Stackable Currency"
	BaseType == "Breach Splinter" "Petition Splinter" "Runic Splinter" "Simulacrum Splinter"
	SetFontSize 45
	SetTextColor 0 0 0 255
	SetBorderColor 0 0 0 255
	SetBackgroundColor 220 0 255 255
	PlayAlertSound 2 300
	PlayEffect Purple
	MinimapIcon 0 Red Kite

Show # %H6 $type->currency->splinter $tier->t3 !fragments_splinter3
	StackSize >= 4
	Class == "Incubators" "Stackable Currency"
	BaseType == "Breach Splinter" "Petition Splinter" "Runic Splinter" "Simulacrum Splinter"
	SetFontSize 42
	SetTextColor 0 0 0 255
	SetBorderColor 0 0 0 255
	SetBackgroundColor 180 75 225 255
	PlayAlertSound 2 300
	PlayEffect Purple
	MinimapIcon 1 Orange Kite

Show # %H6 $type->currency->splinter $tier->t4 !fragments_splinter4
	StackSize >= 2
	Class == "Incubators" "Stackable Currency"
	BaseType == "Breach Splinter" "Petition Splinter" "Runic Splinter" "Simulacrum Splinter"
	SetFontSize 40
	SetTextColor 200 75 200 255
	SetBorderColor 200 75 200 255
	SetBackgroundColor 50 0 75
	PlayAlertSound 2 100
	PlayEffect Purple Temp
	MinimapIcon 1 Yellow Kite

Show # %H6 $type->currency->splinter $tier->t5 !fragments_splinter5
	Class == "Incubators" "Stackable Currency"
	BaseType == "Breach Splinter" "Petition Splinter" "Runic Splinter" "Simulacrum Splinter"
	SetFontSize 38
	SetTextColor 200 75 200 255
	SetBorderColor 200 75 200 255
	PlayAlertSound 2 100
	PlayEffect Purple Temp
	MinimapIcon 1 White Kite

Show # $type->fragments->generic $tier->s !apex_stier
	BaseType == "Breachlord Sac" "Cowardly Fate" "Deadly Fate" "Origin Cradle" "Origin Spark" "Simulacrum" "Victorious Fate"
	SetFontSize 45
	SetTextColor 255 0 0 255
	SetBorderColor 255 0 0 255
	SetBackgroundColor 255 255 255 255
	PlayAlertSound 6 300
	PlayEffect Red
	MinimapIcon 0 Red Star

Show # $type->fragments->generic $tier->a !fragments_a
	BaseType == "An Audience with the King" "Breachstone" "Call of the Shadows" "Head of the King" "Idol of Estazunti" "Raven's Reflection" "The Triskelion Reforged"
	SetFontSize 45
	SetTextColor 255 255 255 255
	SetBorderColor 255 255 255 255
	SetBackgroundColor 220 0 255 255
	PlayAlertSound 1 300
	PlayEffect Red
	MinimapIcon 0 Red Hexagon

Show # $type->fragments->generic $tier->b !fragments_b
	BaseType == "Kulemak's Invitation" "Ritual Tablet"
	SetFontSize 42
	SetTextColor 0 0 0 255
	SetBorderColor 0 0 0 255
	SetBackgroundColor 220 0 255 255
	PlayAlertSound 2 300
	PlayEffect Purple
	MinimapIcon 1 Yellow Hexagon

Show # $type->fragments->generic $tier->c !fragments_c
	BaseType == "Abyss Tablet" "Breach Tablet" "Delirium Tablet" "Irradiated Tablet" "Overseer Tablet" "Temple Tablet"
	SetFontSize 42
	SetTextColor 0 0 0 255
	SetBorderColor 0 0 0 255
	SetBackgroundColor 180 75 225 255
	PlayAlertSound 2 300
	PlayEffect Purple Temp
	MinimapIcon 1 White Hexagon

#Show  # $type->fragments->generic $tier->d !fragments_d
#	SetFontSize 40
#	SetTextColor 200 75 200 255
#	SetBorderColor 200 75 200 255
#	SetBackgroundColor 50 0 75
#	PlayAlertSound 2 300
#	PlayEffect Purple Temp
#	MinimapIcon 2 White Hexagon

#Show  # $type->fragments->generic $tier->e !fragments_e
#	SetFontSize 38
#	SetTextColor 180 75 225 255
#	PlayEffect Purple Temp
#	MinimapIcon 2 Grey Hexagon

Hide # $type->fragments->generic $tier->exhide !utility_minimize
	BaseType == "Abyss Tablet" "Breach Tablet" "Delirium Tablet" "Irradiated Tablet" "Kulemak's Invitation" "Overseer Tablet" "Ritual Tablet" "Temple Tablet"
	SetFontSize 18
	SetBackgroundColor 20 20 0 0

Show # $type->fragments->generic $tier->restex !utility_unknownitem
	Class "Map Fragments" "Tablet"
	SetFontSize 45
	SetTextColor 0 255 255 255
	SetBorderColor 0 255 255 255
	SetBackgroundColor 255 0 255 255
	PlayAlertSound 3 300
	PlayEffect Pink
	MinimapIcon 0 Pink Pentagon

#===============================================================================================================
# [[3100]] Misc Map Items
#===============================================================================================================
# !! Waypoint c10.ascendancy.all : "Trial Keys" : "Fragments"

Show # $type->miscmapitemsextra $tier->trialkeyultimatumreward !fragments_a
	Rarity Magic Rare Unique
	BaseType == "Inscribed Ultimatum"
	SetFontSize 45
	SetTextColor 255 255 255 255
	SetBorderColor 255 255 255 255
	SetBackgroundColor 220 0 255 255
	PlayAlertSound 1 300
	PlayEffect Red
	MinimapIcon 0 Red Hexagon

Show # %HS4 $type->miscmapitemsextra $tier->trialkeysanctumtop !fragments_c
	ItemLevel >= 80
	BaseType == "Djinn Barya"
	SetFontSize 42
	SetTextColor 0 0 0 255
	SetBorderColor 0 0 0 255
	SetBackgroundColor 180 75 225 255
	PlayAlertSound 2 300
	PlayEffect Purple Temp
	MinimapIcon 1 White Hexagon

Show # %H4 $type->miscmapitemsextra $tier->trialkeysanctum3 !fragments_c
	ItemLevel >= 60
	ItemLevel <= 79
	BaseType == "Djinn Barya"
	SetFontSize 42
	SetTextColor 0 0 0 255
	SetBorderColor 0 0 0 255
	SetBackgroundColor 180 75 225 255
	PlayAlertSound 2 300
	PlayEffect Purple Temp
	MinimapIcon 1 White Hexagon

Show # %HS3 $type->miscmapitemsextra $tier->trialkeysanctum2 !fragments_fragdmuted
	ItemLevel >= 45
	ItemLevel <= 59
	BaseType == "Djinn Barya"
	SetFontSize 40
	SetTextColor 200 75 200 255
	SetBorderColor 200 75 200 255
	SetBackgroundColor 50 0 75
	PlayEffect Purple Temp
	MinimapIcon 2 White Hexagon

Show # %H2 $type->miscmapitemsextra $tier->trialkeysanctum1 !fragments_fragdmuted
	ItemLevel <= 44
	BaseType == "Djinn Barya"
	SetFontSize 40
	SetTextColor 200 75 200 255
	SetBorderColor 200 75 200 255
	SetBackgroundColor 50 0 75
	PlayEffect Purple Temp
	MinimapIcon 2 White Hexagon

Show # %HS5 $type->miscmapitemsextra $tier->trialspecial !fragments_c
	BaseType == "Test of Cunning Barya" "Test of Strength Barya" "Test of Time Barya" "Test of Will Barya"
	SetFontSize 42
	SetTextColor 0 0 0 255
	SetBorderColor 0 0 0 255
	SetBackgroundColor 180 75 225 255
	PlayAlertSound 2 300
	PlayEffect Purple Temp
	MinimapIcon 1 White Hexagon

Show # %HS4 $type->miscmapitemsextra $tier->trialkeyultimatumtop !fragments_c
	ItemLevel >= 80
	BaseType == "Inscribed Ultimatum"
	SetFontSize 42
	SetTextColor 0 0 0 255
	SetBorderColor 0 0 0 255
	SetBackgroundColor 180 75 225 255
	PlayAlertSound 2 300
	PlayEffect Purple Temp
	MinimapIcon 1 White Hexagon

Show # %H4 $type->miscmapitemsextra $tier->trialkeyultimatumhigh !fragments_c
	ItemLevel >= 75
	ItemLevel <= 79
	BaseType == "Inscribed Ultimatum"
	SetFontSize 42
	SetTextColor 0 0 0 255
	SetBorderColor 0 0 0 255
	SetBackgroundColor 180 75 225 255
	PlayAlertSound 2 300
	PlayEffect Purple Temp
	MinimapIcon 1 White Hexagon

Show # %HS2 $type->miscmapitemsextra $tier->trialkeyultimatumlow !fragments_fragdmuted
	ItemLevel <= 74
	BaseType == "Inscribed Ultimatum"
	SetFontSize 40
	SetTextColor 200 75 200 255
	SetBorderColor 200 75 200 255
	SetBackgroundColor 50 0 75
	PlayEffect Purple Temp
	MinimapIcon 2 White Hexagon

Show # $type->miscmapitemsextra $tier->relickeyssafe !apex_stier
	Class == "Vault Keys"
	SetFontSize 45
	SetTextColor 255 0 0 255
	SetBorderColor 255 0 0 255
	SetBackgroundColor 255 255 255 255
	PlayAlertSound 6 300
	PlayEffect Red
	MinimapIcon 0 Red Star

#===============================================================================================================
# [[3200]] Remaining Currency
#===============================================================================================================

Show # $type->currency $tier->restex !utility_unknownitem
	Class == "Incubators" "Stackable Currency"
	SetFontSize 45
	SetTextColor 0 255 255 255
	SetBorderColor 0 255 255 255
	SetBackgroundColor 255 0 255 255
	PlayAlertSound 3 300
	PlayEffect Pink
	MinimapIcon 0 Pink Pentagon

#===============================================================================================================
# [[3300]] Leveling - Salvagable
#===============================================================================================================
# !! Waypoint c20.leveling.salvagable.all: "Leveling - Salvagable bases" : "Leveling"

# Double Quality Currencies

Show # %D4 $type->leveling->salvagable $tier->quality2martialany !itemproperty_salvagelvl1
	Quality >= 10
	Rarity Normal Magic
	Class == "Bows" "Crossbows" "One Hand Maces" "Quarterstaves" "Spears" "Talismans" "Two Hand Maces"
	AreaLevel <= 64
	SetFontSize 40
	SetBorderColor 180 180 180

Show # %D4 $type->leveling->salvagable $tier->quality2casterany !itemproperty_salvagelvl1
	Quality >= 10
	Rarity Normal Magic
	Class == "Sceptres" "Staves" "Wands"
	AreaLevel <= 64
	SetFontSize 40
	SetBorderColor 180 180 180

Show # %D5 $type->leveling->salvagable $tier->quality2armorany !itemproperty_salvagelvl1
	Quality >= 10
	Rarity Normal Magic
	Class == "Body Armours" "Boots" "Bucklers" "Foci" "Gloves" "Helmets" "Shields"
	AreaLevel <= 64
	SetFontSize 40
	SetBorderColor 180 180 180

Show # %D5 $type->leveling->salvagable $tier->quality2flask !itemproperty_salvagelvl1
	Quality >= 10
	Rarity Normal Magic
	Class == "Charms" "Life Flasks" "Mana Flasks"
	AreaLevel <= 64
	SetFontSize 40
	SetBorderColor 180 180 180

# Single Quality Currencies

Show # %D4 $type->leveling->salvagable $tier->qualitymartialany !itemproperty_salvagelvl1
	Quality >= 1
	Rarity Normal Magic
	Class == "Bows" "Crossbows" "One Hand Maces" "Quarterstaves" "Spears" "Talismans" "Two Hand Maces"
	AreaLevel <= 64
	SetFontSize 40
	SetBorderColor 180 180 180

Show # %D4 $type->leveling->salvagable $tier->qualitycasterany !itemproperty_salvagelvl1
	Quality >= 1
	Rarity Normal Magic
	Class == "Sceptres" "Staves" "Wands"
	AreaLevel <= 64
	SetFontSize 40
	SetBorderColor 180 180 180

Show # %D4 $type->leveling->salvagable $tier->qualityarmorany !itemproperty_salvagelvl1
	Quality >= 1
	Rarity Normal Magic
	Class == "Body Armours" "Boots" "Bucklers" "Foci" "Gloves" "Helmets" "Shields"
	AreaLevel <= 64
	SetFontSize 40
	SetBorderColor 180 180 180

Show # %D4 $type->leveling->salvagable $tier->qualityflask !itemproperty_salvagelvl1
	Quality >= 1
	Rarity Normal Magic
	Class == "Charms" "Life Flasks" "Mana Flasks"
	AreaLevel <= 64
	SetFontSize 40
	SetBorderColor 180 180 180

# Artificer Scraps

Show # %D3 $type->leveling->salvagable $tier->socketssmall1 !itemproperty_salvagelvl1
	Sockets > 0
	Width <= 2
	Height <= 2
	Rarity Normal Magic
	Class == "Amulets" "Belts" "Body Armours" "Boots" "Bows" "Bucklers" "Crossbows" "Foci" "Gloves" "Helmets" "One Hand Maces" "Quarterstaves" "Quivers" "Rings" "Sceptres" "Shields" "Spears" "Staves" "Talismans" "Two Hand Maces" "Wands"
	AreaLevel <= 64
	SetFontSize 40
	SetBorderColor 180 180 180

Show # %D3 $type->leveling->salvagable $tier->socketssmall2 !itemproperty_salvagelvl1
	Sockets > 0
	Width <= 1
	Height <= 4
	Rarity Normal Magic
	Class == "Amulets" "Belts" "Body Armours" "Boots" "Bows" "Bucklers" "Crossbows" "Foci" "Gloves" "Helmets" "One Hand Maces" "Quarterstaves" "Quivers" "Rings" "Sceptres" "Shields" "Spears" "Staves" "Talismans" "Two Hand Maces" "Wands"
	AreaLevel <= 64
	SetFontSize 40
	SetBorderColor 180 180 180

Show # %D3 $type->leveling->salvagable $tier->socketsothers !itemproperty_salvage2
	Sockets > 0
	Rarity Normal Magic
	Class == "Amulets" "Belts" "Body Armours" "Boots" "Bows" "Bucklers" "Crossbows" "Foci" "Gloves" "Helmets" "One Hand Maces" "Quarterstaves" "Quivers" "Rings" "Sceptres" "Shields" "Spears" "Staves" "Talismans" "Two Hand Maces" "Wands"
	AreaLevel <= 64
	SetFontSize 35
	SetBorderColor 127 127 127

#===============================================================================================================
# [[3400]] Leveling - Hide outdated leveling flasks
#===============================================================================================================
# !! Waypoint c20.leveling.flasks.hidelayer : "Leveling - All flask rules" : "Leveling"

Hide # %H0 $type->hidelayer $tier->outdatedlevelflaska
	Quality 0
	Class == "Life Flasks" "Mana Flasks"
	BaseType "Lesser" "Medium"
	AreaLevel >= 15
	SetFontSize 18
	SetBorderColor 0 0 0 0
	SetBackgroundColor 20 20 0 0
	DisableDropSound True

Hide # %H0 $type->hidelayer $tier->outdatedlevelflaskb
	Quality 0
	Class == "Life Flasks" "Mana Flasks"
	BaseType "Grand" "Greater"
	AreaLevel >= 30
	SetFontSize 18
	SetBorderColor 0 0 0 0
	SetBackgroundColor 20 20 0 0
	DisableDropSound True

Hide # %H0 $type->hidelayer $tier->outdatedlevelflaskc
	Quality 0
	Class == "Life Flasks" "Mana Flasks"
	BaseType "Colossal" "Giant"
	AreaLevel >= 42
	SetFontSize 18
	SetBorderColor 0 0 0 0
	SetBackgroundColor 20 20 0 0
	DisableDropSound True

Hide # %H0 $type->hidelayer $tier->outdatedlevelflaskd
	Quality 0
	Class == "Life Flasks" "Mana Flasks"
	BaseType "Gargantuan"
	AreaLevel >= 52
	SetFontSize 18
	SetBorderColor 0 0 0 0
	SetBackgroundColor 20 20 0 0
	DisableDropSound True

Hide # %H0 $type->hidelayer $tier->outdatedlevelflaske
	Quality 0
	Class == "Life Flasks" "Mana Flasks"
	BaseType "Transcendent"
	AreaLevel >= 62
	SetFontSize 18
	SetBorderColor 0 0 0 0
	SetBackgroundColor 20 20 0 0
	DisableDropSound True

#===============================================================================================================
# [[3500]] Leveling - Life Mana Flasks
#===============================================================================================================
#------------------------------------
#   [3501] Life flasks
#------------------------------------
# !! Waypoint c20.leveling.flasks.progression : "Leveling - Flask Progression" : "Leveling"

Show # $type->leveling->flasks->life $tier->t1
	Class == "Life Flasks"
	BaseType "Medium"
	AreaLevel <= 9
	SetFontSize 40
	SetBorderColor 100 100 100
	SetBackgroundColor 10 60 40

Show # $type->leveling->flasks->life $tier->t2
	Class == "Life Flasks"
	BaseType "Greater"
	AreaLevel <= 15
	SetFontSize 40
	SetBorderColor 100 100 100
	SetBackgroundColor 10 60 40

Show # $type->leveling->flasks->life $tier->t3
	Class == "Life Flasks"
	BaseType "Grand"
	AreaLevel <= 22
	SetFontSize 40
	SetBorderColor 100 100 100
	SetBackgroundColor 10 60 40

Show # $type->leveling->flasks->life $tier->t4
	Class == "Life Flasks"
	BaseType "Giant"
	AreaLevel <= 29
	SetFontSize 40
	SetBorderColor 100 100 100
	SetBackgroundColor 10 60 40

Show # $type->leveling->flasks->life $tier->t5
	Class == "Life Flasks"
	BaseType "Colossal"
	AreaLevel <= 39
	SetFontSize 40
	SetBorderColor 100 100 100
	SetBackgroundColor 10 60 40

Show # $type->leveling->flasks->life $tier->t6
	Class == "Life Flasks"
	BaseType "Gargantuan"
	AreaLevel <= 49
	SetFontSize 40
	SetBorderColor 100 100 100
	SetBackgroundColor 10 60 40

Show # $type->leveling->flasks->life $tier->t7
	Class == "Life Flasks"
	BaseType "Transcendent"
	AreaLevel <= 59
	SetFontSize 40
	SetBorderColor 100 100 100
	SetBackgroundColor 10 60 40

Show # $type->leveling->flasks->life $tier->t8
	Class == "Life Flasks"
	BaseType "Ultimate"
	AreaLevel <= 65
	SetFontSize 40
	SetBorderColor 100 100 100
	SetBackgroundColor 10 60 40

#------------------------------------
#   [3502] Mana flasks
#------------------------------------

Show # $type->leveling->flasks->mana $tier->t1
	Class == "Mana Flasks"
	BaseType "Medium"
	AreaLevel <= 9
	SetFontSize 40
	SetBorderColor 100 100 100
	SetBackgroundColor 10 60 40

Show # $type->leveling->flasks->mana $tier->t2
	Class == "Mana Flasks"
	BaseType "Greater"
	AreaLevel <= 15
	SetFontSize 40
	SetBorderColor 100 100 100
	SetBackgroundColor 10 60 40

Show # $type->leveling->flasks->mana $tier->t3
	Class == "Mana Flasks"
	BaseType "Grand"
	AreaLevel <= 22
	SetFontSize 40
	SetBorderColor 100 100 100
	SetBackgroundColor 10 60 40

Show # $type->leveling->flasks->mana $tier->t4
	Class == "Mana Flasks"
	BaseType "Giant"
	AreaLevel <= 29
	SetFontSize 40
	SetBorderColor 100 100 100
	SetBackgroundColor 10 60 40

Show # $type->leveling->flasks->mana $tier->t5
	Class == "Mana Flasks"
	BaseType "Colossal"
	AreaLevel <= 39
	SetFontSize 40
	SetBorderColor 100 100 100
	SetBackgroundColor 10 60 40

Show # $type->leveling->flasks->mana $tier->t6
	Class == "Mana Flasks"
	BaseType "Gargantuan"
	AreaLevel <= 49
	SetFontSize 40
	SetBorderColor 100 100 100
	SetBackgroundColor 10 60 40

Show # $type->leveling->flasks->mana $tier->t7
	Class == "Mana Flasks"
	BaseType "Transcendent"
	AreaLevel <= 59
	SetFontSize 40
	SetBorderColor 100 100 100
	SetBackgroundColor 10 60 40

Show # $type->leveling->flasks->mana $tier->t8
	Class == "Mana Flasks"
	BaseType "Ultimate"
	AreaLevel <= 65
	SetFontSize 40
	SetBorderColor 100 100 100
	SetBackgroundColor 10 60 40

#------------------------------------
#   [3503] Charms
#------------------------------------
# !! Waypoint c21.leveling.gear.all : "Leveling - Gear - All" : "Leveling"

Show # %D4 $type->leveling->charms $tier->selected !typebased_flaskcharms
	Rarity Normal Magic
	BaseType == "Amethyst Charm" "Antidote Charm" "Dousing Charm" "Golden Charm" "Grounding Charm" "Stone Charm" "Thawing Charm"
	AreaLevel <= 64
	SetFontSize 40
	SetBorderColor 100 100 100
	SetBackgroundColor 10 60 40

Show # %D2 $type->leveling->charms $tier->any !typebased_flaskcharms
	Rarity Normal Magic
	Class == "Charms"
	AreaLevel <= 64
	SetFontSize 40
	SetBorderColor 100 100 100
	SetBackgroundColor 10 60 40

#===============================================================================================================
# [[3600]] Leveling - Rules
#===============================================================================================================
#------------------------------------
#   [3601] Rares - Decorators
#------------------------------------
# !! Waypoint c21.leveling.decorators.all : "Leveling - Rares - Decorators" : "Leveling"

#Show  # $type->leveling->decorators->rare $tier->largerares !gear_unstyled
#	Width >= 2
#	Height >= 3
#	Rarity Rare
#	AreaLevel <= 64
#	Continue

#Show  # $type->leveling->decorators->rare $tier->mediumrares1 !gear_unstyled
#	Width 1
#	Height >= 3
#	Rarity Rare
#	AreaLevel <= 64
#	Continue

#Show  # $type->leveling->decorators->rare $tier->mediumrares2 !gear_unstyled
#	Width 2
#	Height 2
#	Rarity Rare
#	AreaLevel <= 64
#	Continue

Show # $type->leveling->decorators->rare $tier->tinyrares !gear_decojewellery
	Width <= 2
	Height 1
	Rarity Rare
	AreaLevel <= 64
	SetBorderColor 220 220 0
	Continue

#------------------------------------
#   [3602] Rares - Universal
#------------------------------------

# !! Waypoint c21.leveling.rares.jewellery : "Leveling - Rares - Belts, Rings, Amulets" : "Leveling"

Show # %D6 $type->leveling->rare->universal $tier->jewellery !gear_jewellery1
	Rarity Rare
	Class == "Amulets" "Belts" "Rings"
	AreaLevel <= 64
SetTextColor 255 255 0 232
MinimapIcon 1 White Diamond
PlayEffect Yellow
SetBackgroundColor 53 2 83 255
SetFontSize 42

Show # %D6 $type->leveling->rare->universal $tier->highertier4 !exotics_btier
	UnidentifiedItemTier >= 4
	Rarity Rare
	Class == "Amulets" "Belts" "Body Armours" "Boots" "Bows" "Bucklers" "Crossbows" "Foci" "Gloves" "Helmets" "One Hand Maces" "Quarterstaves" "Quivers" "Rings" "Sceptres" "Shields" "Spears" "Staves" "Talismans" "Two Hand Maces" "Wands"
	AreaLevel <= 64
MinimapIcon 0 Blue Diamond
PlayEffect Blue
PlayAlertSound 3 300
SetBackgroundColor 0 75 30 255
SetBorderColor 0 240 190 255
SetTextColor 219 232 229 255
SetFontSize 42

Show # %D4 $type->leveling->rare->universal $tier->highertier3 !exotics_ctier
	UnidentifiedItemTier >= 3
	Rarity Rare
	Class == "Amulets" "Belts" "Body Armours" "Boots" "Bows" "Bucklers" "Crossbows" "Foci" "Gloves" "Helmets" "One Hand Maces" "Quarterstaves" "Quivers" "Rings" "Sceptres" "Shields" "Spears" "Staves" "Talismans" "Two Hand Maces" "Wands"
	AreaLevel <= 64
SetBackgroundColor 20 20 0 255
SetBorderColor 255 190 0 255
PlayEffect Blue Temp
PlayAlertSound 3 300
SetTextColor 255 190 0 255
SetFontSize 45

# !! Waypoint c21.leveling.rares.armors : "Leveling - Rares - Armour Pieces" : "Leveling"

Show # %D4 $type->leveling->rare->armours $tier->ar !gear_highlightedsize
	BaseEnergyShield 0
	BaseEvasion 0
	BaseArmour > 0
	Rarity Rare
	Class == "Body Armours" "Boots" "Gloves" "Helmets"
	AreaLevel <= 64
	SetFontSize 40
	SetBackgroundColor 20 20 0 255

Show # %D4 $type->leveling->rare->armours $tier->ev !gear_highlightedsize
	BaseEnergyShield 0
	BaseEvasion > 0
	BaseArmour 0
	Rarity Rare
	Class == "Body Armours" "Boots" "Gloves" "Helmets"
	AreaLevel <= 64
	SetFontSize 40
	SetBackgroundColor 20 20 0 255

Show # %D4 $type->leveling->rare->armours $tier->es !gear_highlightedsize
	BaseEnergyShield > 0
	BaseEvasion 0
	BaseArmour 0
	Rarity Rare
	Class == "Body Armours" "Boots" "Gloves" "Helmets"
	AreaLevel <= 64
	SetFontSize 40
	SetBackgroundColor 20 20 0 255

Show # %D4 $type->leveling->rare->armours $tier->arev !gear_highlightedsize
	BaseEnergyShield 0
	BaseEvasion > 0
	BaseArmour > 0
	Rarity Rare
	Class == "Body Armours" "Boots" "Gloves" "Helmets"
	AreaLevel <= 64
	SetFontSize 40
	SetBackgroundColor 20 20 0 255

Show # %D4 $type->leveling->rare->armours $tier->ares !gear_highlightedsize
	BaseEnergyShield > 0
	BaseEvasion 0
	BaseArmour > 0
	Rarity Rare
	Class == "Body Armours" "Boots" "Gloves" "Helmets"
	AreaLevel <= 64
	SetFontSize 40
	SetBackgroundColor 20 20 0 255

Show # %D4 $type->leveling->rare->armours $tier->eves !gear_highlightedsize
	BaseEnergyShield > 0
	BaseEvasion > 0
	BaseArmour 0
	Rarity Rare
	Class == "Body Armours" "Boots" "Gloves" "Helmets"
	AreaLevel <= 64
	SetFontSize 40
	SetBackgroundColor 20 20 0 255

Show # %D4 $type->leveling->rare->weapons $tier->wands !gear_highlightedsize
	Rarity Rare
	Class == "Wands"
	AreaLevel <= 64
	SetFontSize 40
	SetBackgroundColor 20 20 0 255

Show # %D4 $type->leveling->rare->weapons $tier->foci !gear_highlightedsize
	Rarity Rare
	Class == "Foci"
	AreaLevel <= 64
	SetFontSize 40
	SetBackgroundColor 20 20 0 255

Show # %D4 $type->leveling->rare->weapons $tier->shieldsar !gear_highlightedsize
	Rarity Rare
	Class == "Shields"
	BaseType "Tower Shield"
	AreaLevel <= 64
	SetFontSize 40
	SetBackgroundColor 20 20 0 255

Show # %D4 $type->leveling->rare->weapons $tier->shieldsarev !gear_highlightedsize
	Rarity Rare
	Class == "Shields"
	BaseType "Targe"
	AreaLevel <= 64
	SetFontSize 40
	SetBackgroundColor 20 20 0 255

Show # %D4 $type->leveling->rare->weapons $tier->shieldsares !gear_highlightedsize
	Rarity Rare
	Class == "Shields"
	BaseType "Crest Shield"
	AreaLevel <= 64
	SetFontSize 40
	SetBackgroundColor 20 20 0 255

Show # %D4 $type->leveling->rare->weapons $tier->sceptres !gear_highlightedsize
	Rarity Rare
	Class == "Sceptres"
	AreaLevel <= 64
	SetFontSize 40
	SetBackgroundColor 20 20 0 255

Show # %D4 $type->leveling->rare->weapons $tier->staves !gear_highlightedsize
	Rarity Rare
	Class == "Staves"
	AreaLevel <= 64
	SetFontSize 40
	SetBackgroundColor 20 20 0 255

Show # %D4 $type->leveling->rare->weapons $tier->bows !gear_highlightedsize
	Rarity Rare
	Class == "Bows"
	AreaLevel <= 64
	SetFontSize 40
	SetBackgroundColor 20 20 0 255

Show # %D4 $type->leveling->rare->weapons $tier->quivers !gear_highlightedsize
	Rarity Rare
	Class == "Quivers"
	AreaLevel <= 64
	SetFontSize 40
	SetBackgroundColor 20 20 0 255

Show # %D4 $type->leveling->rare->weapons $tier->crossbows !gear_highlightedsize
	Rarity Rare
	Class == "Crossbows"
	AreaLevel <= 64
	SetFontSize 40
	SetBackgroundColor 20 20 0 255

Show # %D4 $type->leveling->rare->weapons $tier->spears !gear_highlightedsize
	Rarity Rare
	Class == "Spears"
	AreaLevel <= 64
	SetFontSize 40
	SetBackgroundColor 20 20 0 255

Show # %D4 $type->leveling->rare->weapons $tier->bucklers !gear_highlightedsize
	Rarity Rare
	Class == "Bucklers"
	AreaLevel <= 64
	SetFontSize 40
	SetBackgroundColor 20 20 0 255

Show # %D4 $type->leveling->rare->weapons $tier->onehandmaces !gear_highlightedsize
	Rarity Rare
	Class == "One Hand Maces"
	AreaLevel <= 64
	SetFontSize 40
	SetBackgroundColor 20 20 0 255

Show # %D4 $type->leveling->rare->weapons $tier->twohandmaces !gear_highlightedsize
	Rarity Rare
	Class == "Two Hand Maces"
	AreaLevel <= 64
	SetFontSize 40
	SetBackgroundColor 20 20 0 255

Show # %D4 $type->leveling->rare->weapons $tier->talismans !gear_highlightedsize
	Rarity Rare
	Class == "Talismans"
	AreaLevel <= 64
	SetFontSize 40
	SetBackgroundColor 20 20 0 255

Show # %D4 $type->leveling->rare->weapons $tier->quarterstaves !gear_highlightedsize
	Rarity Rare
	Class == "Quarterstaves"
	AreaLevel <= 64
	SetFontSize 40
	SetBackgroundColor 20 20 0 255

#------------------------------------
#   [3603] Rares - Other
#------------------------------------
# !! Waypoint c21.leveling.rares.low : "Leveling - Gear - Low Tier" : "Leveling"

Show # %H5 $type->leveling->rare->remaining $tier->anythingact1 class == "body armours" "gloves" "boots" "helmets" "shields" "foci" "bucklers" "staves" "sceptres" "wands" "one hand maces" "spears" "quarterstaves" "two hand maces" "bows" "crossbows" "talismans" "quivers" "amulets" "belts" "rings" !gear_weakrareleveling1
	Rarity Rare
	AreaLevel <= 16
	SetFontSize 38
	SetBackgroundColor 35 35 35 240

Show # %H4 $type->leveling->rare->remaining $tier->anythingact2 class == "body armours" "gloves" "boots" "helmets" "shields" "foci" "bucklers" "staves" "sceptres" "wands" "one hand maces" "spears" "quarterstaves" "two hand maces" "bows" "crossbows" "talismans" "quivers" "amulets" "belts" "rings" !gear_weakrareleveling1
	Rarity Rare
	AreaLevel <= 24
	SetFontSize 38
	SetBackgroundColor 35 35 35 240

Show # %H3 $type->leveling->rare->remaining $tier->any class == "body armours" "gloves" "boots" "helmets" "shields" "foci" "bucklers" "staves" "sceptres" "wands" "one hand maces" "spears" "quarterstaves" "two hand maces" "bows" "crossbows" "talismans" "quivers" "amulets" "belts" "rings" !gear_weakrare1
	Rarity Rare
	AreaLevel <= 64
	SetFontSize 35
	SetBackgroundColor 35 35 35 240

#===============================================================================================================
# [[3700]] Leveling - Useful magic and normal items
#===============================================================================================================
#------------------------------------
#   [3701] Decorators
#------------------------------------
# !! Waypoint c21.leveling.magicvendor.all : "Leveling - Normal and Magic - Magic Vendor Items" : "Leveling"

Show # $type->decorators->leveling->magic $tier->largemagic !utility_highlight4
	Width >= 2
	Height >= 3
	Rarity Magic
	AreaLevel <= 64
	SetFontSize 38
	Continue

Show # $type->decorators->leveling->magic $tier->medium1 !utility_highlight4
	Width 1
	Height >= 3
	Rarity Magic
	AreaLevel <= 64
	SetFontSize 38
	Continue

Show # $type->decorators->leveling->magic $tier->medium2 !utility_highlight4
	Width 2
	Height 2
	Rarity Magic
	AreaLevel <= 64
	SetFontSize 38
	Continue

Show # $type->decorators->leveling->magic $tier->noticeearly !utility_highlight3
	Rarity Magic
	AreaLevel <= 9
	SetFontSize 40
	Continue

Show # $type->decorators->leveling->magic $tier->tiny !utility_highlight3
	Width <= 2
	Height 1
	Rarity Magic
	AreaLevel <= 64
	SetFontSize 40
	Continue

#------------------------------------
#   [3702] Purpose Picked Items
#------------------------------------

# !! Waypoint c21.leveling.normalmagic : "Leveling - Remarkable Normal and Magic Gear" : "Leveling"

Show # %D4 $type->leveling->normalmagicremarkable $tier->jewellery !gear_highlightdrop2
	Rarity Normal Magic
	Class == "Amulets" "Belts" "Rings"
SetTextColor 100 100 255 255
SetFontSize 40

Show # %D5 $type->leveling->normalmagicremarkable $tier->earlyboots !gear_highlightdrop2
	Rarity Magic
	Class == "Boots"
	AreaLevel <= 32
SetTextColor 100 100 255 255
SetFontSize 40

#------------------------------------
#   [3703] Conditional Rules
#------------------------------------
# !! Waypoint c21.leveling.firstlevels.all : "Leveling - Normal and Magic - First Levels" : "Leveling"

Show # %D5 $type->leveling->firstlevelsmagic $tier->any !utility_highlight4
	Rarity Magic
	AreaLevel <= 3
	SetFontSize 38

Hide  # %RH1 $type->leveling->progressivehide $tier->normal1 !utility_minimize
DropLevel < 8
Rarity Normal
Class == "Body Armours" "Boots" "Bows" "Bucklers" "Crossbows" "Foci" "Gloves" "Helmets" "One Hand Maces" "Quarterstaves" "Shields" "Spears" "Talismans" "Two Hand Maces"
AreaLevel >= 22
SetFontSize 18
SetBackgroundColor 20 20 0 0

Hide  # %RH1 $type->leveling->progressivehide $tier->normal2 !utility_minimize
DropLevel < 16
Rarity Normal
Class == "Body Armours" "Boots" "Bows" "Bucklers" "Crossbows" "Foci" "Gloves" "Helmets" "One Hand Maces" "Quarterstaves" "Shields" "Spears" "Talismans" "Two Hand Maces"
AreaLevel >= 30
SetFontSize 18
SetBackgroundColor 20 20 0 0

Hide  # %RH1 $type->leveling->progressivehide $tier->normal3 !utility_minimize
DropLevel < 24
Rarity Normal
Class == "Body Armours" "Boots" "Bows" "Bucklers" "Crossbows" "Foci" "Gloves" "Helmets" "One Hand Maces" "Quarterstaves" "Shields" "Spears" "Talismans" "Two Hand Maces"
AreaLevel >= 40
SetFontSize 18
SetBackgroundColor 20 20 0 0

Hide  # %RH1 $type->leveling->progressivehide $tier->normal4 !utility_minimize
DropLevel < 32
Rarity Normal
Class == "Body Armours" "Boots" "Bows" "Bucklers" "Crossbows" "Foci" "Gloves" "Helmets" "One Hand Maces" "Quarterstaves" "Shields" "Spears" "Talismans" "Two Hand Maces"
AreaLevel >= 48
SetFontSize 18
SetBackgroundColor 20 20 0 0

Hide  # %RH1 $type->leveling->progressivehide $tier->normal5 !utility_minimize
DropLevel < 40
Rarity Normal
Class == "Body Armours" "Boots" "Bows" "Bucklers" "Crossbows" "Foci" "Gloves" "Helmets" "One Hand Maces" "Quarterstaves" "Shields" "Spears" "Talismans" "Two Hand Maces"
AreaLevel >= 56
SetFontSize 18
SetBackgroundColor 20 20 0 0

Hide  # %RH1 $type->leveling->progressivehide $tier->normal6 !utility_minimize
DropLevel < 44
Rarity Normal
Class == "Body Armours" "Boots" "Bows" "Bucklers" "Crossbows" "Foci" "Gloves" "Helmets" "One Hand Maces" "Quarterstaves" "Shields" "Spears" "Talismans" "Two Hand Maces"
AreaLevel >= 60
SetFontSize 18
SetBackgroundColor 20 20 0 0

#Hide  # %RH2 $type->leveling->progressivehide $tier->magic1 !utility_minimize
#	DropLevel < 8
#	Rarity Magic
#	Class == "Body Armours" "Boots" "Bows" "Bucklers" "Crossbows" "Foci" "Gloves" "Helmets" "One Hand Maces" "Quarterstaves" "Shields" "Spears" "Talismans" "Two Hand Maces"
#	AreaLevel >= 22
#	SetFontSize 18
#	SetBackgroundColor 20 20 0 0

#Hide  # %RH2 $type->leveling->progressivehide $tier->magic2 !utility_minimize
#	DropLevel < 16
#	Rarity Magic
#	Class == "Body Armours" "Boots" "Bows" "Bucklers" "Crossbows" "Foci" "Gloves" "Helmets" "One Hand Maces" "Quarterstaves" "Shields" "Spears" "Talismans" "Two Hand Maces"
#	AreaLevel >= 30
#	SetFontSize 18
#	SetBackgroundColor 20 20 0 0

#Hide  # %RH2 $type->leveling->progressivehide $tier->magic3 !utility_minimize
#	DropLevel < 24
#	Rarity Magic
#	Class == "Body Armours" "Boots" "Bows" "Bucklers" "Crossbows" "Foci" "Gloves" "Helmets" "One Hand Maces" "Quarterstaves" "Shields" "Spears" "Talismans" "Two Hand Maces"
#	AreaLevel >= 40
#	SetFontSize 18
#	SetBackgroundColor 20 20 0 0

#Hide  # %RH2 $type->leveling->progressivehide $tier->magic4 !utility_minimize
#	DropLevel < 32
#	Rarity Magic
#	Class == "Body Armours" "Boots" "Bows" "Bucklers" "Crossbows" "Foci" "Gloves" "Helmets" "One Hand Maces" "Quarterstaves" "Shields" "Spears" "Talismans" "Two Hand Maces"
#	AreaLevel >= 48
#	SetFontSize 18
#	SetBackgroundColor 20 20 0 0

#Hide  # %RH2 $type->leveling->progressivehide $tier->magic5 !utility_minimize
#	DropLevel < 40
#	Rarity Magic
#	Class == "Body Armours" "Boots" "Bows" "Bucklers" "Crossbows" "Foci" "Gloves" "Helmets" "One Hand Maces" "Quarterstaves" "Shields" "Spears" "Talismans" "Two Hand Maces"
#	AreaLevel >= 56
#	SetFontSize 18
#	SetBackgroundColor 20 20 0 0

#Hide  # %RH2 $type->leveling->progressivehide $tier->magic6 !utility_minimize
#	DropLevel < 44
#	Rarity Magic
#	Class == "Body Armours" "Boots" "Bows" "Bucklers" "Crossbows" "Foci" "Gloves" "Helmets" "One Hand Maces" "Quarterstaves" "Shields" "Spears" "Talismans" "Two Hand Maces"
#	AreaLevel >= 60
#	SetFontSize 18
#	SetBackgroundColor 20 20 0 0

Show # %D3 $type->leveling->normalmagic->armours $tier->ar !gear_unstyled
	BaseEnergyShield 0
	BaseEvasion 0
	BaseArmour > 0
	Rarity Normal Magic
	Class == "Body Armours" "Boots" "Gloves" "Helmets"

Show # %D3 $type->leveling->normalmagic->armours $tier->ev !gear_unstyled
	BaseEnergyShield 0
	BaseEvasion > 0
	BaseArmour 0
	Rarity Normal Magic
	Class == "Body Armours" "Boots" "Gloves" "Helmets"

Show # %D3 $type->leveling->normalmagic->armours $tier->es !gear_unstyled
	BaseEnergyShield > 0
	BaseEvasion 0
	BaseArmour 0
	Rarity Normal Magic
	Class == "Body Armours" "Boots" "Gloves" "Helmets"
SetFontSize 34

Show # %D3 $type->leveling->normalmagic->armours $tier->arev !gear_unstyled
	BaseEnergyShield 0
	BaseEvasion > 0
	BaseArmour > 0
	Rarity Normal Magic
	Class == "Body Armours" "Boots" "Gloves" "Helmets"

Show # %D3 $type->leveling->normalmagic->armours $tier->ares !gear_unstyled
	BaseEnergyShield > 0
	BaseEvasion 0
	BaseArmour > 0
	Rarity Normal Magic
	Class == "Body Armours" "Boots" "Gloves" "Helmets"

Show # %D3 $type->leveling->normalmagic->armours $tier->eves !gear_unstyled
	BaseEnergyShield > 0
	BaseEvasion > 0
	BaseArmour 0
	Rarity Normal Magic
	Class == "Body Armours" "Boots" "Gloves" "Helmets"

Show # %D3 $type->leveling->normalmagic->weapons $tier->wands !gear_unstyled
	Rarity Normal Magic
	Class == "Wands"

Show # %D3 $type->leveling->normalmagic->weapons $tier->foci !gear_unstyled
	Rarity Normal Magic
	Class == "Foci"

Show # %D3 $type->leveling->normalmagic->weapons $tier->shieldsar !gear_unstyled
	Rarity Normal Magic
	Class == "Shields"
	BaseType "Tower Shield"

Show # %D3 $type->leveling->normalmagic->weapons $tier->shieldsarev !gear_unstyled
	Rarity Normal Magic
	Class == "Shields"
	BaseType "Targe"

Show # %D3 $type->leveling->normalmagic->weapons $tier->shieldsares !gear_unstyled
	Rarity Normal Magic
	Class == "Shields"
	BaseType "Crest Shield"

Show # %D3 $type->leveling->normalmagic->weapons $tier->sceptres !gear_unstyled
	Rarity Normal Magic
	Class == "Sceptres"
SetFontSize 35

Show # %D3 $type->leveling->normalmagic->weapons $tier->staves !gear_unstyled
	Rarity Normal Magic
	Class == "Staves"

Show # %D3 $type->leveling->normalmagic->weapons $tier->bows !gear_unstyled
	Rarity Normal Magic
	Class == "Bows"

Show # %D3 $type->leveling->normalmagic->weapons $tier->quivers !gear_unstyled
	Rarity Normal Magic
	Class == "Quivers"

Show # %D3 $type->leveling->normalmagic->weapons $tier->crossbows !gear_unstyled
	Rarity Normal Magic
	Class == "Crossbows"

Show # %D3 $type->leveling->normalmagic->weapons $tier->spears !gear_unstyled
	Rarity Normal Magic
	Class == "Spears"

Show # %D3 $type->leveling->normalmagic->weapons $tier->bucklers !gear_unstyled
	Rarity Normal Magic
	Class == "Bucklers"

Show # %D3 $type->leveling->normalmagic->weapons $tier->onehandmaces !gear_unstyled
	Rarity Normal Magic
	Class == "One Hand Maces"

Show # %D3 $type->leveling->normalmagic->weapons $tier->twohandmaces !gear_unstyled
	Rarity Normal Magic
	Class == "Two Hand Maces"

Show # %D3 $type->leveling->normalmagic->weapons $tier->talismans !gear_unstyled
	Rarity Normal Magic
	Class == "Talismans"

Show # %D3 $type->leveling->normalmagic->weapons $tier->quarterstaves !gear_unstyled
	Rarity Normal Magic
	Class == "Quarterstaves"

Show # %D2 $type->leveling->magic->remaining $tier->rest !gear_vendor
	Rarity Magic
	Class == "Amulets" "Belts" "Body Armours" "Boots" "Bows" "Bucklers" "Crossbows" "Foci" "Gloves" "Helmets" "One Hand Maces" "Quarterstaves" "Quivers" "Rings" "Sceptres" "Shields" "Spears" "Staves" "Talismans" "Two Hand Maces" "Wands"
	AreaLevel >= 24
	AreaLevel <= 64
	SetFontSize 30
	SetBorderColor 0 0 0 0
	SetBackgroundColor 20 20 0 180

Show # %D4 $type->leveling->magic->remaining $tier->act2 !gear_vendor
	Rarity Magic
	Class == "Amulets" "Belts" "Body Armours" "Boots" "Bows" "Bucklers" "Crossbows" "Foci" "Gloves" "Helmets" "One Hand Maces" "Quarterstaves" "Quivers" "Rings" "Sceptres" "Shields" "Spears" "Staves" "Talismans" "Two Hand Maces" "Wands"
	AreaLevel >= 16
	AreaLevel <= 24
	SetFontSize 30
	SetBorderColor 0 0 0 0
	SetBackgroundColor 20 20 0 180

Show # %D4 $type->leveling->magic->remaining $tier->act1 !gear_vendor
	Rarity Magic
	Class == "Amulets" "Belts" "Body Armours" "Boots" "Bows" "Bucklers" "Crossbows" "Foci" "Gloves" "Helmets" "One Hand Maces" "Quarterstaves" "Quivers" "Rings" "Sceptres" "Shields" "Spears" "Staves" "Talismans" "Two Hand Maces" "Wands"
	AreaLevel >= 3
	AreaLevel <= 16
	SetFontSize 30
	SetBorderColor 0 0 0 0
	SetBackgroundColor 20 20 0 180

Show # %D5 $type->leveling->firstlevelsnormal $tier->any !gear_unstyled
	Rarity Normal
	AreaLevel <= 3

# !! Waypoint c22.hide.all : "HIDELAYER - Hide all known untiered items" : "Technical"
#------------------------------------
#   [3704] Hide All known Section
#------------------------------------

#Show # %D0 $type->lowstrictnessshowlayer $tier->anyfinal
#	Class == "Amulets" "Belts" "Body Armours" "Boots" "Bows" "Bucklers" "Charms" "Crossbows" "Foci" "Gloves" "Helmets" "Jewels" "Life Flasks" "Mana Flasks" "One Hand Maces" "Quarterstaves" "Quivers" "Rings" "Sceptres" "Shields" "Spears" "Staves" "Talismans" "Two Hand Maces" "Wands"
#	SetFontSize 32
#	SetBorderColor 0 0 0 0
#	SetBackgroundColor 20 20 0 180
#	DisableDropSound True

Hide # $type->hidelayer $tier->final
	Class == "Amulets" "Belts" "Body Armours" "Boots" "Bows" "Bucklers" "Charms" "Crossbows" "Foci" "Gloves" "Helmets" "Jewels" "Life Flasks" "Mana Flasks" "One Hand Maces" "Quarterstaves" "Quivers" "Rings" "Sceptres" "Shields" "Spears" "Staves" "Talismans" "Two Hand Maces" "Wands"
	SetFontSize 18
	SetBorderColor 0 0 0 0
	SetBackgroundColor 20 20 0 0
	DisableDropSound True

#------------------------------------
#   [3705] Show All unknown Section
#------------------------------------
# !! Waypoint c22.show.all : "SAFETYLAYER - Show all unknown items" : "Technical"
# THIS ENTRY IS CAUGHT IN 3 CASES:
# 1) YOUR FILTER IS OUT OF DATE!
# 2) YOU DID SOMETHING SILLY WHEN EDITING THE FILTER
# 3) YOU ENCOUNTERED A PREVIOUSLY UNKNOWN ITEM (VERY UNLIKELY)

Show # $type->anyremaining $tier->restex !utility_unknownitem
	SetFontSize 45
	SetTextColor 0 255 255 255
	SetBorderColor 0 255 255 255
	SetBackgroundColor 255 0 255 255
	PlayAlertSound 3 300
	PlayEffect Pink
	MinimapIcon 0 Pink Pentagon


  Stack Trace:
     at PoE2_MarketFilter.Tests.LevelingSimulationTest.Run_LevelingSimulation_From_1_To_50() in d:\Gemini\PoE2_MarketFilter.Tests\LevelingSimulationTest.cs:line 114
   at System.RuntimeMethodHandle.InvokeMethod(Object target, Void** arguments, Signature sig, Boolean isConstructor)
   at System.Reflection.MethodBaseInvoker.InvokeWithNoArgs(Object obj, BindingFlags invokeAttr)

Failed!  - Failed:     2, Passed:     3, Skipped:     0, Total:     5, Duration: 86 ms - PoE2_MarketFilter.Tests.dll (net9.0)
